--------- beginning of system
04-06 14:16:58.284  2433  3031 D NpdcpAliveManager: ro.odm.npdcp_alive_cfg_enable is false
04-06 14:16:59.309  2433  3031 D NpdcpAliveManager: ro.odm.npdcp_alive_cfg_enable is false
04-06 14:17:00.200  1541  2361 D HwConnectivityServiceEx: set 10629 wlan0 value false
04-06 14:17:00.202  1541  2361 E WifiPermissionsUtil: getUidPermission is DENIED and permissionType android.permission.ACCESS_COARSE_LOCATIONuid 10629
04-06 14:17:00.337  2433  3031 D NpdcpAliveManager: ro.odm.npdcp_alive_cfg_enable is false
04-06 14:17:01.357  2433  3031 D NpdcpAliveManager: ro.odm.npdcp_alive_cfg_enable is false
04-06 14:17:01.379  1541  8607 D HwConnectivityServiceEx: set 1000 wlan0 value false
04-06 14:17:02.258  1541  1792 I AppEyeFwkBlock: do monitor
04-06 14:17:02.384  2433  3031 D NpdcpAliveManager: ro.odm.npdcp_alive_cfg_enable is false
04-06 14:17:03.406  2433  3031 D NpdcpAliveManager: ro.odm.npdcp_alive_cfg_enable is false
04-06 14:17:03.985  1541  1541 I JobScheduler.Time: realNextDelayExpiredElapsedMillis: 3645867894 mNextDelayExpiredElapsedMillis:3645867894
04-06 14:17:03.986  1541  1541 I JobScheduler: Ready to Be Executed: 2d17165 #u0a535/206 com.mobilesecurity.lite/com.qihoo.libcoredaemon.jobscheduler.JobKeepAliveService pending=false active=true
04-06 14:17:03.988  1541  1541 I JobScheduler: isComponentUsable: 2b4c426 #1001/10 com.huawei.hwvoipservice/.statistical.EventHandler$UploadStaticsJob component not present
04-06 14:17:03.988  1541  1541 I JobScheduler: isComponentUsable: 2b4c426 #1001/10 com.huawei.hwvoipservice/.statistical.EventHandler$UploadStaticsJob component not present
04-06 14:17:03.989  1541  1541 I JobScheduler: pending queue: 1 jobs.
04-06 14:17:03.989  1541  1541 I JobScheduler: About to run job on context 0, job: JobStatus{2b4c49a #u0a140/9000 com.android.vending/com.google.android.finsky.scheduler.JobSchedulerEngine$PhoneskyJobSchedulerJobService u=0 s=10140 TIME=-14s310ms:+14h11m17s989ms NET READY}
04-06 14:17:04.038  1541  1541 I JobScheduler: Ready to Be Executed: 2d17165 #u0a535/206 com.mobilesecurity.lite/com.qihoo.libcoredaemon.jobscheduler.JobKeepAliveService pending=false active=true
04-06 14:17:04.038  1541  1541 I JobScheduler: Ready to Be Executed: 2b4c49a #u0a140/9000 com.android.vending/com.google.android.finsky.scheduler.JobSchedulerEngine$PhoneskyJobSchedulerJobService pending=false active=true
04-06 14:17:04.038  1541  1541 I JobScheduler: isComponentUsable: 2b4c426 #1001/10 com.huawei.hwvoipservice/.statistical.EventHandler$UploadStaticsJob component not present
04-06 14:17:04.039  1541  1541 I JobScheduler: isComponentUsable: 2b4c426 #1001/10 com.huawei.hwvoipservice/.statistical.EventHandler$UploadStaticsJob component not present
04-06 14:17:04.039  1541  1541 I JobScheduler: pending queue: 1 jobs.
04-06 14:17:04.039  1541  1541 I JobScheduler: About to run job on context 1, job: JobStatus{2c9a182 #u0a9/1 com.android.contacts/.ContactsJobService u=0 s=10009 URIS=[android.app.job.JobInfo$TriggerContentUri@f6a93fc1] READY}
04-06 14:17:04.040  1541  1541 V ActivityManager: startProcess: name=com.android.contacts app=null knownToBeDead=true thread=null pid=-1 preloadStatus=-1
04-06 14:17:04.042  1541  4280 I JobScheduler: CANCEL: 2b4c4d4 #u0a140/9034 com.android.vending/com.google.android.finsky.scheduler.JobSchedulerEngine$PhoneskyJobSchedulerJobService, reason:cancel() called by app, callingUid=10140 uid=10140 jobId=9034
04-06 14:17:04.044  1541  1541 I JobScheduler: Ready to Be Executed: 2d17165 #u0a535/206 com.mobilesecurity.lite/com.qihoo.libcoredaemon.jobscheduler.JobKeepAliveService pending=false active=true
04-06 14:17:04.044  1541  1541 I JobScheduler: Ready to Be Executed: 2b4c49a #u0a140/9000 com.android.vending/com.google.android.finsky.scheduler.JobSchedulerEngine$PhoneskyJobSchedulerJobService pending=false active=true
04-06 14:17:04.045  1541  1541 I JobScheduler: Ready to Be Executed: 2c9a182 #u0a9/1 com.android.contacts/.ContactsJobService pending=false active=true
04-06 14:17:04.045  1541  1541 I JobScheduler: isComponentUsable: 2b4c426 #1001/10 com.huawei.hwvoipservice/.statistical.EventHandler$UploadStaticsJob component not present
04-06 14:17:04.045  1541  1541 I JobScheduler: isComponentUsable: 2b4c426 #1001/10 com.huawei.hwvoipservice/.statistical.EventHandler$UploadStaticsJob component not present
04-06 14:17:04.046  1541  4280 I JobScheduler.Time: Add job to TimeTracking: 2b4c50e #u0a140/9034 com.android.vending/com.google.android.finsky.scheduler.JobSchedulerEngine$PhoneskyJobSchedulerJobService, delayTime:3688821541, deadlineTime:3688821541
04-06 14:17:04.049  1541  4280 I AlarmManager: remove alarm:Alarm{29a6887 type 2 when 3710376729 PendingIntent{2d9d779: PendingIntentRecord{299f0e1 com.android.vending broadcastIntent}}com.android.vending procName com.android.vending} according to operation:2bbc41d
04-06 14:17:04.056  1541  1837 I ActivityManager: Start proc 29319:com.android.contacts/u0a9 for service {com.android.contacts/com.android.contacts.ContactsJobService}
04-06 14:17:04.056  1541  2395 E ProcessInfoCollector: getProcessInfo: failed to find this proc.
04-06 14:17:04.058  1541  2361 D HwConnectivityServiceEx: set 10140 wlan0 value false
04-06 14:17:04.079 29319 29319 D ActivityThread: Attach thread to application
04-06 14:17:04.088 29319 29337 I ActivityThread: Init compatible state: false
04-06 14:17:04.123  1541  1836 I NotificationService: enqueueNotificationInternal: pkg=com.mobilesecurity.lite id=1 notification=Notification(channel=notification_bar pri=2 contentView=com.mobilesecurity.lite/0x7f030001 vibrate=null sound=null tick defaults=0x0 flags=0x62 color=0x00000000 vis=PRIVATE)
04-06 14:17:04.124  1541  1836 I NotificationService: enqueueNotificationInternal Channel Info : pkg=com.mobilesecurity.lite id=1 importance =2
04-06 14:17:04.163  1541  4280 V ActivityManager: Successfully start provider ContentProviderRecord{2b05fdd u0 com.android.providers.settings/.hwext.HwSettingsProvider} launchingApp=null caller pid= 29319
04-06 14:17:04.173  1541  2361 D CountryDetector: isValidCountryIso: CN
04-06 14:17:04.176  1541  4280 E HwSecurityService: not find this Resident Plugin
04-06 14:17:04.176  1541  4280 I HwPermDBAdapter: shouldMonitor mUidToPkgNameCache: {10009=com.huawei.contacts.sync, 10018=com.android.email, 10030=com.huawei.scanner, 10038=com.example.android.notepad, 10041=com.huawei.screenrecorder, 10069=com.huawei.hifolder, 10119=com.huawei.hwireader, 10122=com.huawei.gameassistant, 10126=com.huawei.scenepack, 10134=com.hicloud.android.clone, 10148=com.ximalaya.ting.android, 10153=cn.wps.moffice_eng, 10154=com.baidu.BaiduMap, 10156=com.ss.android.article.news, 10157=com.ss.android.ugc.aweme, 10159=com.baidu.searchbox, 10163=com.tencent.mobileqq, 10165=com.alibaba.android.rimet, 10166=com.sangfor.vpn.client.phone, 10168=com.android.chrome, 10170=com.wandoujia.phoenix2, 10171=com.huawei.meetime, 10174=com.goplaycn.googleinstall, 10176=com.netease.qa.emmagee, 10206=com.screeclibinvoke, 10255=com.tencent.android.qqdownloader, 10256=com.tencent.mm, 10265=com.qzone, 10269=com.netease.cloudmusic, 10272=com.UCMobile, 10365=com.xiaomi.midrop, 10492=com.pandavpnfree.androidproxy, 10535=com.mobilesecurity.lite, 10536=com.tencent.qqpimsecure, 10537=com.tencent.qnet, 10547=com.tencent.qqlive, 10601=com.elex.redwar.wx, 10603=com.miHoYo.Yuanshen, 10613=com.tencent.tmgp.sgame, 10621=com.hcg.cok.beta, 10624=com.hcg.cok.cn1, 10625=com.hcg.cok.gp, 10629=com.clash.of.kings.inner}
04-06 14:17:04.177  1541  2361 I ActivityManager: Need to start process android.process.acore for provider ContentProviderInfo{name=contacts;com.android.contacts className=com.android.providers.contacts.ContactsProvider2}, callerApp: ProcessRecord{2615ce1 29319:com.android.contacts/u0a9}
04-06 14:17:04.177  1541  2361 V ActivityManager: startProcess: name=android.process.acore app=null knownToBeDead=false thread=null pid=-1 preloadStatus=-1
04-06 14:17:04.179 29319 29319 I ActivityThread: finishPreloaded preloadStatus 0
04-06 14:17:04.180  1541  2361 V ActivityManager_MU: Waiting to start provider ContentProviderRecord{2a6894d u0 com.android.providers.contacts/.ContactsProvider2} launchingApp=ProcessRecord{2c94729 0:android.process.acore/u0a6} caller pid= 29319 for 20000 ms
04-06 14:17:04.194  1541  1837 I ActivityManager: Start proc 29358:android.process.acore/u0a6 for content provider {com.android.providers.contacts/com.android.providers.contacts.ContactsProvider2}
04-06 14:17:04.195  1541  2395 E ProcessInfoCollector: getProcessInfo: failed to find this proc.
04-06 14:17:04.227 29358 29358 D ActivityThread: Attach thread to application
04-06 14:17:04.248 29358 29382 I ActivityThread: Init compatible state: false
04-06 14:17:04.314  1541  2865 D CountryDetector: isValidCountryIso: CN
04-06 14:17:04.386  1541  2865 V ActivityManager: Successfully start provider ContentProviderRecord{2b05fdd u0 com.android.providers.settings/.hwext.HwSettingsProvider} launchingApp=null caller pid= 29358
04-06 14:17:04.404 29358 29358 D ActivityThread: Loading provider call_log_shadow: com.android.providers.contacts.ShadowCallLogProvider
04-06 14:17:04.408 29358 29396 D ActivityThread: Loading provider call_log_shadow: com.android.providers.contacts.ShadowCallLogProvider
04-06 14:17:04.432  2433  3031 D NpdcpAliveManager: ro.odm.npdcp_alive_cfg_enable is false
04-06 14:17:04.461 29358 29358 D ActivityThread: Loading provider contacts;com.android.contacts: com.android.providers.contacts.ContactsProvider2
04-06 14:17:04.463  1541  2387 I AlarmManager: remove alarm:Alarm{2b5d5cb type 1 when 1617775603099 PendingIntent{2cf61a9: PendingIntentRecord{2bddd89 com.android.providers.contacts broadcastIntent}}com.android.providers.contacts procName android.process.acore} according to operation:2fc7b8d
04-06 14:17:04.519  1541  2865 I JobScheduler: Completed JobStatus{2b4c49a #u0a140/9000 com.android.vending/com.google.android.finsky.scheduler.JobSchedulerEngine$PhoneskyJobSchedulerJobService u=0 s=10140 TIME=-14s839ms:+14h11m17s460ms NET READY}, reschedule=false
04-06 14:17:04.521  1541  1541 I JobScheduler: Ready to Be Executed: 2d17165 #u0a535/206 com.mobilesecurity.lite/com.qihoo.libcoredaemon.jobscheduler.JobKeepAliveService pending=false active=true
04-06 14:17:04.521  1541  1541 I JobScheduler: Ready to Be Executed: 2c9a182 #u0a9/1 com.android.contacts/.ContactsJobService pending=false active=true
04-06 14:17:04.521  1541  1541 I JobScheduler: isComponentUsable: 2b4c426 #1001/10 com.huawei.hwvoipservice/.statistical.EventHandler$UploadStaticsJob component not present
04-06 14:17:04.521  1541  1541 I JobScheduler: isComponentUsable: 2b4c426 #1001/10 com.huawei.hwvoipservice/.statistical.EventHandler$UploadStaticsJob component not present
04-06 14:17:04.522  1541  2865 I JobScheduler: CANCEL: 2b4c5bc #u0a140/9001 com.android.vending/com.google.android.finsky.scheduler.JobSchedulerEngine$PhoneskyJobSchedulerJobService, reason:cancel() called by app, callingUid=10140 uid=10140 jobId=9001
04-06 14:17:04.523  1541  2865 I JobScheduler: CANCEL: 2b4c548 #u0a140/9002 com.android.vending/com.google.android.finsky.scheduler.JobSchedulerEngine$PhoneskyJobSchedulerJobService, reason:cancel() called by app, callingUid=10140 uid=10140 jobId=9002
04-06 14:17:04.525  1541  2865 I JobScheduler.Time: Add job to TimeTracking: 2b4c59f #u0a140/9003 com.android.vending/com.google.android.finsky.scheduler.JobSchedulerEngine$PhoneskyJobSchedulerJobService, delayTime:3645652020, deadlineTime:3696699475
04-06 14:17:04.529  1541  2865 I JobScheduler.Time: realNextDelayExpiredElapsedMillis: 3645652020 mNextDelayExpiredElapsedMillis:3645652020
04-06 14:17:04.530  1541  2382 I JobScheduler.Time: Add job to TimeTracking: 2b4c4d4 #u0a140/9004 com.android.vending/com.google.android.finsky.scheduler.JobSchedulerEngine$PhoneskyJobSchedulerJobService, delayTime:3645652026, deadlineTime:3693235972
04-06 14:17:04.531  1541  2382 I JobScheduler.Time: Add job to TimeTracking: 2b4c548 #u0a140/9005 com.android.vending/com.google.android.finsky.scheduler.JobSchedulerEngine$PhoneskyJobSchedulerJobService, delayTime:3647826601, deadlineTime:3648726601
04-06 14:17:04.573  1541  2865 I AlarmManager: remove alarm:Alarm{2b4cfdd type 1 when 1617689824462 PendingIntent{2fc7b8d: PendingIntentRecord{2bddd89 com.android.providers.contacts broadcastIntent}}com.android.providers.contacts procName android.process.acore} according to operation:2f6c135
04-06 14:17:04.576  1541  2017 I HwBatteryService: power_ui state= 1 mQuickChargeStatus=1
04-06 14:17:04.576  1541  2017 I HwBatteryService: handleWirelessTxStatus
04-06 14:17:04.576  1541  2017 I HwBatteryService: switch not open, return, mWirelessTxFlag : 0
04-06 14:17:04.576  1541  2017 W HwBatteryService: need return. Invalid value: -1
04-06 14:17:04.576  1541  2017 D HwBatteryService: setHwChargeTimeRemaining, time = -1 String time: -1
04-06 14:17:04.588  1541  2382 D HwConnectivityServiceEx: set 10139 wlan0 value false
04-06 14:17:04.604  1541  2361 V ActivityManager: Successfully start provider ContentProviderRecord{2a6894d u0 com.android.providers.contacts/.ContactsProvider2} launchingApp=ProcessRecord{2c94729 29358:android.process.acore/u0a6} caller pid= 29319
04-06 14:17:04.607  1541  2361 V ActivityManager: Successfully start provider ContentProviderRecord{2a6894d u0 com.android.providers.contacts/.ContactsProvider2} launchingApp=ProcessRecord{2c94729 29358:android.process.acore/u0a6} caller pid= 29319
04-06 14:17:04.608  1541  2382 V ActivityManager: Successfully start provider ContentProviderRecord{2a6894d u0 com.android.providers.contacts/.ContactsProvider2} launchingApp=ProcessRecord{2c94729 29358:android.process.acore/u0a6} caller pid= 29319
04-06 14:17:04.609  1541  2382 V ActivityManager: Successfully start provider ContentProviderRecord{2a6894d u0 com.android.providers.contacts/.ContactsProvider2} launchingApp=ProcessRecord{2c94729 29358:android.process.acore/u0a6} caller pid= 29319
04-06 14:17:04.610  1541  2361 V ActivityManager: Successfully start provider ContentProviderRecord{2a6894d u0 com.android.providers.contacts/.ContactsProvider2} launchingApp=ProcessRecord{2c94729 29358:android.process.acore/u0a6} caller pid= 29319
04-06 14:17:04.613  1541  2361 V ActivityManager: Successfully start provider ContentProviderRecord{2a6894d u0 com.android.providers.contacts/.ContactsProvider2} launchingApp=ProcessRecord{2c94729 29358:android.process.acore/u0a6} caller pid= 29319
04-06 14:17:04.634 29358 29358 I ActivityThread: finishPreloaded preloadStatus 0
04-06 14:17:04.654  1541  2361 I HwWindowManagerServiceEx: handleGestureActionForBlur category: enter_recent
04-06 14:17:04.657  1541  1541 I HwActivityTaskManagerServiceEx: update recent status, enter_recent.
04-06 14:17:04.682  1541  2361 V ActivityManager: Successfully start provider ContentProviderRecord{2d19b20 u0 com.google.android.gsf/.gservices.GservicesProvider} launchingApp=ProcessRecord{2b06499 5302:com.google.process.gservices/u0a139} caller pid= 23203
04-06 14:17:04.793  1541  2361 D HwAddViewManager: permission allow
04-06 14:17:04.793  1541  2361 I ActivityTaskManager: START u0 {act=android.intent.action.MAIN cat=[android.intent.category.HOME] flg=0x10000000 hwFlg=0x10 pkg=com.huawei.android.launcher cmp=com.huawei.android.launcher/.unihome.UniHomeLauncher (has extras)} from uid 10080
04-06 14:17:04.794  1541  2361 D HwGameAssistantController: isGameForeground? true
04-06 14:17:04.794  1541  2361 I ActivityTaskManager: ActivityRecord info: ActivityInfo{2aad395 com.huawei.android.launcher.unihome.UniHomeLauncher}
04-06 14:17:04.794  1541  2361 D ActivityTaskManager: TaskLaunchParamsModifier:task=null activity=ActivityRecord{2a33359 u0 com.huawei.android.launcher/.unihome.UniHomeLauncher t-1} display-id=0 display-windowing-mode=1
04-06 14:17:04.795  1541  2361 D ActivityTaskManager: TaskLaunchParamsModifier:task=TaskRecord{2bab009 #1 A=com.huawei.android.launcher U=0 StackId=0 sz=1} activity=ActivityRecord{2a33359 u0 com.huawei.android.launcher/.unihome.UniHomeLauncher t-1} display-from-task=0 display-id=0 display-windowing-mode=1 inherit-fullscreen non-freeform-display
04-06 14:17:04.796  1541  2361 V ActivityTaskManager: positionChild stackId=0 to top.
04-06 14:17:04.797  1541  2361 W HwActivityTaskManagerServiceEx: setResumedActivityUncheckLocked start call, from: ActivityRecord{2ea4cb1 u0 com.clash.of.kings.inner/.EmpireActivity t449}, to: ActivityRecord{2bb3391 u0 com.huawei.android.launcher/.unihome.UniHomeLauncher t1}
04-06 14:17:04.797  1541  2361 W HwActivityTaskManagerServiceEx: appSwitch from: com.clash.of.kings.inner to: com.huawei.android.launcher
04-06 14:17:04.797  1541  2387 I WindowManager: setActivityVisibleInFingerBoost callingPid: 2610
04-06 14:17:04.798  1541  1811 D HwGameAssistantController: UPDATE: mCurFgPkg=com.huawei.android.launcher, mCurFgPid=2610, mIsCurGame=false
04-06 14:17:04.798  1541  2361 I WindowManager: Changing focus from Window{2ef5051 u0 com.clash.of.kings.inner/com.clash.of.kings.inner.EmpireActivity} to null displayId=0 Callers=com.android.server.wm.RootWindowContainer.updateFocusedWindowLocked:4603440 com.android.server.wm.WindowManagerService.updateFocusedWindowLocked:4600788 com.android.server.wm.ActivityDisplay.setFocusedApp:829468 com.android.server.wm.ActivityTaskManagerService.setResumedActivityUncheckLocked:913644 
04-06 14:17:04.798  1541  1811 D HwGameAssistantController: dispatchGameStatusChanged, packageName=com.huawei.android.launcher, event=2, num=8
04-06 14:17:04.798  2433  2508 D DeepNoDisturbSM: onGameStatusChanged packageName = com.huawei.android.launcher, event = 2
04-06 14:17:04.798  1541  8283 I HwNormalizedSpline: NewCurveMode setPersonalizedBrightnessCurveLevel curveLevel=26
04-06 14:17:04.799  1541  2361 I HwDisplayContentEx: currentFocus windowstate null
04-06 14:17:04.799  1541  2361 E ZrHung.AppEyeFocusWindow: NFW check!
04-06 14:17:04.799  1541  1811 D HwGameAssistantController: isGameForeground? false
04-06 14:17:04.799  2433  8857 W ContextImpl: Calling a method in the system process without a qualified user: android.app.ContextImpl.bindService:1777 android.content.ContextWrapper.bindService:705 com.huawei.appgallery.assistant.service.AppGalleryAssistantService.startAppAssistantService:547 com.huawei.appgallery.assistant.service.AppGalleryAssistantService.access$000:46 com.huawei.appgallery.assistant.service.AppGalleryAssistantService$2.run:384 
04-06 14:17:04.800  2433  2433 I DeepNoDisturbSM: IdleState processMessage msg.what=EVENT_GAME_MOVE_BACKGROUND
04-06 14:17:04.800  2433  2433 I DeepNoDisturbSM: IdleState: default msg.what=2
04-06 14:17:04.804  1541  4280 I HwWindowManagerServiceEx: set app win exit info, bundle = Bundle[mParcelledData.dataSize=288], iconBitmap = android.graphics.Bitmap@2e20b41
04-06 14:17:04.804  1541  4280 D HwWindowManagerServiceEx: set app win icon info, bundle = Bundle[{isLandscape=false, launcherPkgName=com.huawei.android.launcher, iconWidth=160, pivotX=665.0, pivotY=1089.0, iconHeight=160, flag=0}], iconBitmap = android.graphics.Bitmap@2e20b41mExitPivotX =665.0mExitPivotY =1089.0mExitIconWidth =160mExitIconHeight =160mExitFlag =0callingUid10080
04-06 14:17:04.806  1541  2361 I ActivityTaskManager: Making visible and scheduling visibility: ActivityRecord{2bb3391 u0 com.huawei.android.launcher/.unihome.UniHomeLauncher t1}
04-06 14:17:04.807  1541  2361 I HwWindowManagerServiceEx: setLandAnimationInfo : false
04-06 14:17:04.807  1541  2361 V WindowManager: notifyAppResumed: wasStopped=true AppWindowToken{2bbd991 token=Token{2bd3e4f ActivityRecord{2bb3391 u0 com.huawei.android.launcher/.unihome.UniHomeLauncher t1}}}
04-06 14:17:04.809  1541  2361 I WindowManager: performshow Window{27ea571 u0 com.mobilesecurity.lite} tok.waitingToShow=false isTransitionSet=true parentHidden=false vis=0 tok.hidden=false hasSurface=true policyVis=false destroying=false animating=false
04-06 14:17:04.811  1541  2361 I WindowManager: Checking 1 opening apps (frozen=false timeout=false)...
04-06 14:17:04.811  1541  2361 I WindowManager: Check opening app=AppWindowToken{2bbd991 token=Token{2bd3e4f ActivityRecord{2bb3391 u0 com.huawei.android.launcher/.unihome.UniHomeLauncher t1}}}: allDrawn=false startingDisplayed=false startingMoved=false isRelaunching()=false startingWindow=null
04-06 14:17:04.811  1541  2361 E ActivityTaskManager: START {act=android.intent.action.MAIN cat=[android.intent.category.HOME] flg=0x10400000 hwFlg=0x10 pkg=com.huawei.android.launcher cmp=com.huawei.android.launcher/.unihome.UniHomeLauncher (has extras)} result: 2
04-06 14:17:04.812  1541  1788 I WindowManager: performshow Window{27ea571 u0 com.mobilesecurity.lite} tok.waitingToShow=false isTransitionSet=true parentHidden=false vis=0 tok.hidden=false hasSurface=true policyVis=false destroying=false animating=false
04-06 14:17:04.814  1541  2387 I WindowManager: send SET_LAUNCHER_VISIBLE_IN_FINGER_BOOST isVisible:true isNeedHandleWallpaperScale:false, callingPid: 2610
04-06 14:17:04.814  1541  1811 D HwAudioService: onGameStatusChanged packageName = com.huawei.android.launcher, event = 2
04-06 14:17:04.814  1541  1811 D HwAudioService: onGameStatusChanged packageName = com.huawei.android.launcher, event = 2
04-06 14:17:04.816  1541  2387 D WindowManager: WS setWallpaperScale return, wallpaper no need to recover
04-06 14:17:04.817  1541  2960 I WindowManager: performshow Window{27ea571 u0 com.mobilesecurity.lite} tok.waitingToShow=false isTransitionSet=true parentHidden=false vis=0 tok.hidden=false hasSurface=true policyVis=false destroying=false animating=false
04-06 14:17:04.818  1541  2960 I WindowManager: Checking 1 opening apps (frozen=false timeout=false)...
04-06 14:17:04.818  1541  2960 I WindowManager: Check opening app=AppWindowToken{2bbd991 token=Token{2bd3e4f ActivityRecord{2bb3391 u0 com.huawei.android.launcher/.unihome.UniHomeLauncher t1}}}: allDrawn=false startingDisplayed=false startingMoved=false isRelaunching()=false startingWindow=null
04-06 14:17:04.820  1541  2361 I WindowManager: performshow Window{27ea571 u0 com.mobilesecurity.lite} tok.waitingToShow=false isTransitionSet=true parentHidden=false vis=0 tok.hidden=false hasSurface=true policyVis=false destroying=false animating=false
04-06 14:17:04.821  1541  2361 I WindowManager: Checking 1 opening apps (frozen=false timeout=false)...
04-06 14:17:04.821  1541  2361 I WindowManager: Check opening app=AppWindowToken{2bbd991 token=Token{2bd3e4f ActivityRecord{2bb3391 u0 com.huawei.android.launcher/.unihome.UniHomeLauncher t1}}}: allDrawn=false startingDisplayed=false startingMoved=false isRelaunching()=false startingWindow=null
04-06 14:17:04.822  1541  1788 I WindowManager: performshow Window{27ea571 u0 com.mobilesecurity.lite} tok.waitingToShow=false isTransitionSet=true parentHidden=false vis=0 tok.hidden=false hasSurface=true policyVis=false destroying=false animating=false
04-06 14:17:04.823  1541  1806 I HwAudioServiceEx: ComponentInfo : className = com.clash.of.kings.inner.EmpireActivity, flag = onPause, isHomeActivity = , isTop = false
04-06 14:17:04.823  1541  1788 I WindowManager: Checking 1 opening apps (frozen=false timeout=false)...
04-06 14:17:04.823  1541  1788 I WindowManager: Check opening app=AppWindowToken{2bbd991 token=Token{2bd3e4f ActivityRecord{2bb3391 u0 com.huawei.android.launcher/.unihome.UniHomeLauncher t1}}}: allDrawn=false startingDisplayed=false startingMoved=false isRelaunching()=false startingWindow=null
04-06 14:17:04.824  1541  2123 W HwAudioServiceEx: SoundEffectState bundle get reserved is invalid
04-06 14:17:04.824  1541  2123 I HwAudioServiceEx: sendAppKilledIntentForKit, isKitPackageOnPause = false, isKitPackageKill = false, isKitPackageOnResume = false
04-06 14:17:04.824  1541  1788 I WindowManager: performshow Window{27ea571 u0 com.mobilesecurity.lite} tok.waitingToShow=false isTransitionSet=true parentHidden=false vis=0 tok.hidden=false hasSurface=true policyVis=false destroying=false animating=false
04-06 14:17:04.829  2610  2610 I ActivityThread: Handle window ActivityRecord{3a68d1c token=android.os.BinderProxy@2a9aa02 {com.huawei.android.launcher/com.huawei.android.launcher.unihome.UniHomeLauncher}} visibility: true
04-06 14:17:04.833  1541  2387 D ActivityTaskManager: Stop interception for recently back-home app when launcher resumed
04-06 14:17:04.837  1541  1806 I HwAudioServiceEx: ComponentInfo : className = com.huawei.android.launcher.unihome.UniHomeLauncher, flag = onResume, isHomeActivity = , isTop = true
04-06 14:17:04.837  1541  2123 W HwAudioServiceEx: SoundEffectState bundle get reserved is invalid
04-06 14:17:04.839  1541  2123 I HwAudioServiceEx: sendAppKilledIntentForKit, isKitPackageOnPause = false, isKitPackageKill = false, isKitPackageOnResume = false
04-06 14:17:04.839  1541  2216 D HwConnectivityServiceEx: set 1000 wlan0 value false
04-06 14:17:04.840  1541  4280 I WindowManager: performshow Window{27ea571 u0 com.mobilesecurity.lite} tok.waitingToShow=false isTransitionSet=true parentHidden=false vis=0 tok.hidden=false hasSurface=true policyVis=false destroying=false animating=false
04-06 14:17:04.841  1541  4280 I WindowManager: Checking 1 opening apps (frozen=false timeout=false)...
04-06 14:17:04.841  1541  4280 I WindowManager: Check opening app=AppWindowToken{2bbd991 token=Token{2bd3e4f ActivityRecord{2bb3391 u0 com.huawei.android.launcher/.unihome.UniHomeLauncher t1}}}: allDrawn=false startingDisplayed=false startingMoved=false isRelaunching()=false startingWindow=null
04-06 14:17:04.844  1541  4280 I WindowManager: Changing focus from null to Window{260fe51 u0 com.huawei.android.launcher/com.huawei.android.launcher.unihome.UniHomeLauncher} displayId=0 Callers=com.android.server.wm.RootWindowContainer.updateFocusedWindowLocked:4603440 com.android.server.wm.WindowManagerService.updateFocusedWindowLocked:4600788 com.android.server.wm.WindowManagerService.relayoutWindow:4764072 com.android.server.wm.Session.relayout:4767700 
04-06 14:17:04.844  2433  3031 I NetworkQoeChr: checkForegroundApp timer start
04-06 14:17:04.844  2433  3031 I NetworkQoeChr: end qoe report
04-06 14:17:04.844  1541  4280 V HwPhoneWindowManager: updateSystemUiColorLw window=Window{260fe51 u0 com.huawei.android.launcher/com.huawei.android.launcher.unihome.UniHomeLauncher},EmuiStyle=-1,StatusBarColor=0x0,NavigationBarColor=0x0, mForceNotchStatusBar=false
04-06 14:17:04.844  1541  4280 I HwDisplayContentEx: currentFocus windowstate not null
04-06 14:17:04.844  1541  4280 E ZrHung.AppEyeFocusWindow: cancel check
04-06 14:17:04.844  1541  4280 I HwDisplayContentEx: trans currentFocus windowstate not null
04-06 14:17:04.846  1541  2042 D HwActivityManagerServiceEx: notifyAppToTop pid:2610, enable:1
04-06 14:17:04.848  2433  3031 E BoosterUtil: convertSubIdToSlotId failed, subId:0, slotId:-1
04-06 14:17:04.848  2433  3031 E BoosterUtil: getDefaultDataSlotId failed, invalid slotId:-1, subId:0
04-06 14:17:04.849  1541  2270 I WindowManager: performshow Window{27ea571 u0 com.mobilesecurity.lite} tok.waitingToShow=false isTransitionSet=true parentHidden=false vis=0 tok.hidden=false hasSurface=true policyVis=false destroying=false animating=false
04-06 14:17:04.850  1541  2270 I WindowManager: Checking 1 opening apps (frozen=false timeout=false)...
04-06 14:17:04.850  1541  2270 I WindowManager: Check opening app=AppWindowToken{2bbd991 token=Token{2bd3e4f ActivityRecord{2bb3391 u0 com.huawei.android.launcher/.unihome.UniHomeLauncher t1}}}: allDrawn=false startingDisplayed=false startingMoved=false isRelaunching()=false startingWindow=null
04-06 14:17:04.857  1541  1788 I WindowManager: performshow Window{27ea571 u0 com.mobilesecurity.lite} tok.waitingToShow=false isTransitionSet=true parentHidden=false vis=0 tok.hidden=false hasSurface=true policyVis=false destroying=false animating=false
04-06 14:17:04.862  2433  3031 E BoosterUtil: convertSubIdToSlotId failed, subId:0, slotId:-1
04-06 14:17:04.862  2433  3031 E BoosterUtil: getDefaultDataSlotId failed, invalid slotId:-1, subId:0
04-06 14:17:04.862  2433  3031 I SmartDualCardConfig: getAppType,pkgName=com.huawei.android.launcher,appType=28
04-06 14:17:04.862  2433  3031 E SmartDualCardConfig: isAppInBlackList false,items==null
04-06 14:17:04.862  2433  3031 I SmartDualCardConfig: isAppInWhiteList false,uid=10080
04-06 14:17:04.864  2433  3031 E BoosterUtil: convertSubIdToSlotId failed, subId:0, slotId:-1
04-06 14:17:04.864  2433  3031 E BoosterUtil: getDefaultDataSlotId failed, invalid slotId:-1, subId:0
04-06 14:17:04.868  2433  3031 E BoosterUtil: convertSubIdToSlotId failed, subId:0, slotId:-1
04-06 14:17:04.868  2433  3031 E BoosterUtil: getDefaultDataSlotId failed, invalid slotId:-1, subId:0
04-06 14:17:04.874  1541  4278 V ActivityManager: Successfully start provider ContentProviderRecord{2e82c1b u0 com.huawei.hwid/com.huawei.jos.game.buoy.provider.ShowBuoyProvider} launchingApp=null caller pid= 2433
04-06 14:17:04.880  1541  1788 I WindowManager: New wallpaper target: Window{260fe51 u0 com.huawei.android.launcher/com.huawei.android.launcher.unihome.UniHomeLauncher} prevTarget: null
04-06 14:17:04.882  1541  1788 I WindowManager: performshow Window{27ea571 u0 com.mobilesecurity.lite} tok.waitingToShow=false isTransitionSet=true parentHidden=false vis=0 tok.hidden=false hasSurface=true policyVis=false destroying=false animating=false
04-06 14:17:04.882  1541  4278 I HwNetworkPolicy: onTransact, code = 203
04-06 14:17:04.882 20167 20230 I HwNetworkPolicyManager: getHwUidPolicy uid = 10080 policy = 0
04-06 14:17:04.883  1541  1788 I WindowManager: Checking 1 opening apps (frozen=false timeout=false)...
04-06 14:17:04.883  1541  1788 I WindowManager: Check opening app=AppWindowToken{2bbd991 token=Token{2bd3e4f ActivityRecord{2bb3391 u0 com.huawei.android.launcher/.unihome.UniHomeLauncher t1}}}: allDrawn=false startingDisplayed=false startingMoved=false isRelaunching()=false startingWindow=null
04-06 14:17:04.887  1541  1788 I WindowManager: performshow Window{27ea571 u0 com.mobilesecurity.lite} tok.waitingToShow=false isTransitionSet=true parentHidden=false vis=0 tok.hidden=false hasSurface=true policyVis=false destroying=false animating=false
04-06 14:17:04.890  1541  4280 V ActivityTaskManager: Activity idle: Token{2bd3e4f ActivityRecord{2bb3391 u0 com.huawei.android.launcher/.unihome.UniHomeLauncher t1}}
04-06 14:17:04.892  1541  4280 V ActivityTaskManager: Stopping ActivityRecord{2ea4cb1 u0 com.clash.of.kings.inner/.EmpireActivity t449}: nowVisible=false animating=true finishing=false
04-06 14:17:04.894  1541  1788 I WindowManager: performshow Window{27ea571 u0 com.mobilesecurity.lite} tok.waitingToShow=false isTransitionSet=true parentHidden=false vis=0 tok.hidden=false hasSurface=true policyVis=false destroying=false animating=false
04-06 14:17:04.894  1541  1788 I WindowManager: Checking 1 opening apps (frozen=false timeout=false)...
04-06 14:17:04.894  1541  1788 I WindowManager: Check opening app=AppWindowToken{2bbd991 token=Token{2bd3e4f ActivityRecord{2bb3391 u0 com.huawei.android.launcher/.unihome.UniHomeLauncher t1}}}: allDrawn=true startingDisplayed=false startingMoved=false isRelaunching()=false startingWindow=null
04-06 14:17:04.894  1541  1788 I WindowManager: Checking 0 opening apps (frozen=false timeout=false)...
04-06 14:17:04.895  1541  1788 I HwWindowManagerServiceEx: closing apps count = 1
04-06 14:17:04.895  1541  1788 D RemoteAnimationController: createAnimationAdapter(): token=AppWindowToken{2ea4c79 token=Token{2bfd64f ActivityRecord{2ea4cb1 u0 com.clash.of.kings.inner/.EmpireActivity t449}}}
04-06 14:17:04.895  1541  1788 V WindowManager: commitVisibility: AppWindowToken{2ea4c79 token=Token{2bfd64f ActivityRecord{2ea4cb1 u0 com.clash.of.kings.inner/.EmpireActivity t449}}}: hidden=true hiddenRequested=true
04-06 14:17:04.895  1541  1788 D RemoteAnimationController: createAnimationAdapter(): token=AppWindowToken{2bbd991 token=Token{2bd3e4f ActivityRecord{2bb3391 u0 com.huawei.android.launcher/.unihome.UniHomeLauncher t1}}}
04-06 14:17:04.896  1541  1788 V WindowManager: commitVisibility: AppWindowToken{2bbd991 token=Token{2bd3e4f ActivityRecord{2bb3391 u0 com.huawei.android.launcher/.unihome.UniHomeLauncher t1}}}: hidden=false hiddenRequested=false
04-06 14:17:04.896  1541  1788 D HwAppTransitionImpl: windowAnimations = 0 dose not come from system, not to override it.
04-06 14:17:04.896  1541  1788 I HwWindowManagerServiceEx: exit info has been reset.
04-06 14:17:04.896  1541  1788 D RemoteAnimationController: goodToGo()
04-06 14:17:04.896  1541  1788 D RemoteAnimationController: createAnimations()
04-06 14:17:04.899  1541  4280 I ActivityManager: sendIntentSender target:PendingIntentRecord{2c67141 com.huawei.recsys broadcastIntent}, intent:act=com.huawei.recsys.awareness.listening hwFlg=0x10 pkg=com.huawei.recsys
04-06 14:17:04.922  1541  1788 I WindowManager: performshow Window{27ea571 u0 com.mobilesecurity.lite} tok.waitingToShow=false isTransitionSet=false parentHidden=false vis=0 tok.hidden=false hasSurface=true policyVis=false destroying=false animating=false
04-06 14:17:04.923  1541  1788 D RemoteAnimationController: RAC addAfterPrepareSurfacesRunnable prepareLauncherLeashVisible
04-06 14:17:04.923  1541  1788 D RemoteAnimationController: when launcher case, set the surface alpha value of launcher to 1.0f, and the value of leash parent to 0.0f
04-06 14:17:04.923  1541  1788 D RemoteAnimationController: startAnimation(): Notify animation start:
04-06 14:17:04.923  1541  1788 I WindowManager: performshow Window{27ea571 u0 com.mobilesecurity.lite} tok.waitingToShow=false isTransitionSet=false parentHidden=false vis=0 tok.hidden=false hasSurface=true policyVis=false destroying=false animating=false
04-06 14:17:04.925  1541  1788 I WindowManager: performshow Window{27ea571 u0 com.mobilesecurity.lite} tok.waitingToShow=false isTransitionSet=false parentHidden=false vis=0 tok.hidden=false hasSurface=true policyVis=false destroying=false animating=false
04-06 14:17:04.929  1541  1785 V ActivityTaskManager: Activity idle: null
04-06 14:17:04.929  2433  8857 W ContextImpl: Calling a method in the system process without a qualified user: android.app.ContextImpl.bindService:1777 android.content.ContextWrapper.bindService:705 com.huawei.appgallery.assistant.service.AppGalleryAssistantService.bindHMSService:618 com.huawei.appgallery.assistant.service.AppGalleryAssistantService.startHMSService:453 com.huawei.appgallery.assistant.service.AppGalleryAssistantService.notifyHMSBackgroundEvent:443 
04-06 14:17:04.929  1541  1785 V ActivityTaskManager: Stopping ActivityRecord{2ea4cb1 u0 com.clash.of.kings.inner/.EmpireActivity t449}: nowVisible=false animating=true finishing=false
04-06 14:17:04.931  1541  1785 I WindowManager: handle SET_LAUNCHER_VISIBLE_IN_FINGER_BOOST isVisible:true isNeedHandleWallpaperScale: false
04-06 14:17:04.931  1541  1785 D WindowManager: setLauncherVisibleInFingerBoost record=ActivityRecord{2bb3391 u0 com.huawei.android.launcher/.unihome.UniHomeLauncher t1}
04-06 14:17:04.931  1541  1785 I WindowManager: setLauncherVisible setAlpha to 1.0
04-06 14:17:04.933  1541  1785 V ActivityTaskManager: Activity idle: null
04-06 14:17:04.933  1541  1785 V ActivityTaskManager: Stopping ActivityRecord{2ea4cb1 u0 com.clash.of.kings.inner/.EmpireActivity t449}: nowVisible=false animating=true finishing=false
04-06 14:17:04.935  1541  1788 I WindowManager: performshow Window{27ea571 u0 com.mobilesecurity.lite} tok.waitingToShow=false isTransitionSet=false parentHidden=false vis=0 tok.hidden=false hasSurface=true policyVis=false destroying=false animating=false
04-06 14:17:04.940  1541  2098 D HwInputMethodManagerService: isSecMethodUsing = false
04-06 14:17:04.942  1541  2723 V BroadcastQueue: Finished with ordered broadcast BroadcastRecord{2d3b741 u0 com.huawei.recsys.awareness.listening}
04-06 14:17:04.944  1541  1785 I HwWindowManagerServiceEx: com.clash.of.kings.inner blur level: -1
04-06 14:17:04.944  1541  1785 I HwWindowManagerServiceEx: getBlurLevel: 0
04-06 14:17:04.944  1541  4278 W ActivityManager: Unable to start service Intent { act=com.huawei.hwid.NOTIFY_APP_STATE_SERVICE pkg=com.huawei.himovie } U=0: not found
04-06 14:17:04.949  1541  2723 V BroadcastQueue: Finished with ordered broadcast BroadcastRecord{2d3b657 u0 com.google.android.gms.gcm.ACTION_SCHEDULE}
04-06 14:17:04.959  1541  1781 W Looper  : Slow dispatch took 128ms android.ui h=com.android.server.am.ActivityManagerService$UiHandler c=null m=31
04-06 14:17:04.960  1541  4278 D HwNetworkManagementService: code == CODE_SET_CHR_REPORT_APP_LIST
04-06 14:17:04.961  1541  4278 I HwNetworkManagementService: chr appuid set succeeded
04-06 14:17:04.968  1541  2361 I HwAudioService: now type = 9,reportForegroundAppType = 28,pkg = null,systemload = 9VOIP_OPTIMIZE_IN_GAMEMODEfalse
04-06 14:17:04.972  1541  2361 I HwAudioServiceEx: setDolbyEffect1 mode = 0
04-06 14:17:04.976  1541  2072 D HwAudioServiceEx: Got dap param update, param = 1634037843 status = 1601332587
04-06 14:17:04.978  1541  2072 D HwAudioServiceEx: Got dap param update, param = 167772160 status = 0
04-06 14:17:04.979  1541  2072 D HwAudioServiceEx: Got dap param update, param = 1634037843 status = 1601332587
04-06 14:17:05.004  1541  2361 D BatteryStatsService: begin noteStopAudio
04-06 14:17:05.004  1541  2361 D BatteryStatsService: end noteStopAudio
04-06 14:17:05.010  2247 10132 I HwCommandQueue: updateBarBgColor
04-06 14:17:05.010  2247 10132 D HwCommandQueue: CommandQueue, setBarBackgroundColor
04-06 14:17:05.010  1541  1781 I StatusBarDisable: setFlags what=0 which=1 pkg=Window{260fe51 u0 com.huawei.android.launcher/com.huawei.android.launcher.unihome.UniHomeLauncher}
04-06 14:17:05.011  1541  1781 I StatusBarDisable: setFlags what=0 which=1 pkg=Window{260fe51 u0 com.huawei.android.launcher/com.huawei.android.launcher.unihome.UniHomeLauncher}
04-06 14:17:05.068  1541  2098 I JobScheduler: CANCEL: 2c9a182 #u0a9/1 com.android.contacts/.ContactsJobService, reason:job rescheduled by app
04-06 14:17:05.077  1541  2098 I JobScheduler: Completed JobStatus{2c9a182 #u0a9/1 com.android.contacts/.ContactsJobService u=0 s=10009 URIS=[android.app.job.JobInfo$TriggerContentUri@f6a93fc1] READY}, reschedule=false
04-06 14:17:05.077  1541  2098 I JobScheduler: Could not find job to remove. Was job removed while executing?
04-06 14:17:05.077  1541  1541 I JobScheduler: Ready to Be Executed: 2d17165 #u0a535/206 com.mobilesecurity.lite/com.qihoo.libcoredaemon.jobscheduler.JobKeepAliveService pending=false active=true
04-06 14:17:05.077  1541  1541 I JobScheduler: isComponentUsable: 2b4c426 #1001/10 com.huawei.hwvoipservice/.statistical.EventHandler$UploadStaticsJob component not present
04-06 14:17:05.077  1541  1541 I JobScheduler: isComponentUsable: 2b4c426 #1001/10 com.huawei.hwvoipservice/.statistical.EventHandler$UploadStaticsJob component not present
04-06 14:17:05.193  1541  1788 I WindowManager: performshow Window{27ea571 u0 com.mobilesecurity.lite} tok.waitingToShow=false isTransitionSet=false parentHidden=false vis=0 tok.hidden=false hasSurface=true policyVis=false destroying=false animating=false
04-06 14:17:05.195  1541  1788 I chatty  : uid=1000(system) android.anim identical 1 line
04-06 14:17:05.209  1541  1788 I WindowManager: performshow Window{27ea571 u0 com.mobilesecurity.lite} tok.waitingToShow=false isTransitionSet=false parentHidden=false vis=0 tok.hidden=false hasSurface=true policyVis=false destroying=false animating=false
04-06 14:17:05.290  1541  2098 D RemoteAnimationController: app-onAnimationFinished(): mOuter=com.android.server.wm.RemoteAnimationController@2d12a69
04-06 14:17:05.291  1541  2098 D RemoteAnimationController: onAnimationFinished(): Notify animation finished:
04-06 14:17:05.291  1541  2098 I WindowManager: send SET_LAUNCHER_VISIBLE_IN_FINGER_BOOST isVisible:true isNeedHandleWallpaperScale:true, callingPid: 1541
04-06 14:17:05.291  1541  1785 I WindowManager: handle SET_LAUNCHER_VISIBLE_IN_FINGER_BOOST isVisible:true isNeedHandleWallpaperScale: true
04-06 14:17:05.291  1541  2098 I WindowManager: Animation done in AppWindowToken{2bbd991 token=Token{2bd3e4f ActivityRecord{2bb3391 u0 com.huawei.android.launcher/.unihome.UniHomeLauncher t1}}} isHidden:false hiddenRequested:false
04-06 14:17:05.292  1541  2098 I WindowManager: Animation done in AppWindowToken{2ea4c79 token=Token{2bfd64f ActivityRecord{2ea4cb1 u0 com.clash.of.kings.inner/.EmpireActivity t449}}} isHidden:true hiddenRequested:true
04-06 14:17:05.293  1541  1788 I WindowManager: performshow Window{27ea571 u0 com.mobilesecurity.lite} tok.waitingToShow=false isTransitionSet=false parentHidden=false vis=0 tok.hidden=false hasSurface=true policyVis=false destroying=false animating=false
04-06 14:17:05.295  1541  1788 I DebugKeepScreenOn: setHoldScreenLocked newHoldScreen:null currentHoldScreen:Session{2debb35 28845:u0a10629} wakeLockState:true
04-06 14:17:05.295  1541  1788 I DebugKeepScreenOn: Releasing screen wakelock, obscured by Window{28a1bb9 u0 com.android.systemui.HwImageWallpaper}
04-06 14:17:05.296  1541  1788 I WindowManager: performshow Window{27ea571 u0 com.mobilesecurity.lite} tok.waitingToShow=false isTransitionSet=false parentHidden=false vis=0 tok.hidden=false hasSurface=true policyVis=false destroying=false animating=false
04-06 14:17:05.298  1541  1785 D WindowManager: setLauncherVisibleInFingerBoost record=ActivityRecord{2bb3391 u0 com.huawei.android.launcher/.unihome.UniHomeLauncher t1}
04-06 14:17:05.298  1541  1785 I WindowManager: setLauncherVisible setAlpha to 1.0
04-06 14:17:05.298  1541  1785 D WindowManager: setLauncherVisible wallpaperScale=false
04-06 14:17:05.298  1541  1785 D WindowManager: WS setWallpaperScale return, wallpaper no need to recover
04-06 14:17:05.299  1541  1785 V ActivityTaskManager: Activity idle: null
04-06 14:17:05.301  2433  3031 I HidataAppQoeP: foregroundUidRemove uid: 10629 name: com.clash.of.kings.inner
04-06 14:17:05.302  2433  3031 E BoosterUtil: convertSubIdToSlotId failed, subId:0, slotId:-1
04-06 14:17:05.302  2433  3031 E BoosterUtil: getDefaultDataSlotId failed, invalid slotId:-1, subId:0
04-06 14:17:05.303  2433  3031 I SmartDualCardConfig: getAppType,pkgName=com.clash.of.kings.inner,appType=9
04-06 14:17:05.303  2433  3031 E SmartDualCardConfig: isAppInBlackList false,items==null
04-06 14:17:05.303  2433  3031 I SmartDualCardConfig: isAppInWhiteList false,uid=10629
04-06 14:17:05.306  1541  1788 I WindowManager: performshow Window{27ea571 u0 com.mobilesecurity.lite} tok.waitingToShow=false isTransitionSet=false parentHidden=false vis=0 tok.hidden=false hasSurface=true policyVis=false destroying=false animating=false
04-06 14:17:05.308  1541  1788 I WindowManager: performshow Window{27ea571 u0 com.mobilesecurity.lite} tok.waitingToShow=false isTransitionSet=false parentHidden=false vis=0 tok.hidden=false hasSurface=true policyVis=false destroying=false animating=false
04-06 14:17:05.314  1541  1917 I DisplayPowerController: mPowerState.mScreenChangedReason: 65537 mPendingRequestLocked.mScreenChangeReason 65537
04-06 14:17:05.314  1541  1917 I DisplayPowerController: Want screen on.
04-06 14:17:05.314  1541  1917 I DisplayPowerController: Animating brightness: target=45, rate=60,brightnessTargetReal=45,AutoBrightness=true
04-06 14:17:05.315  1541  1917 V DisplayPowerController: Brightness [45] reason changing to: 'automatic [ auto_adj ]', previous reason: 'automatic'.
04-06 14:17:05.320  1541  1917 I HwPowerManagerService: updateSettingsLocked mEyesProtectionMode:0
04-06 14:17:05.320  1541  2382 I WindowManager: performshow Window{27ea571 u0 com.mobilesecurity.lite} tok.waitingToShow=false isTransitionSet=false parentHidden=false vis=0 tok.hidden=false hasSurface=true policyVis=false destroying=false animating=false
04-06 14:17:05.322  1541  1788 I WindowManager: performshow Window{27ea571 u0 com.mobilesecurity.lite} tok.waitingToShow=false isTransitionSet=false parentHidden=false vis=0 tok.hidden=false hasSurface=true policyVis=false destroying=false animating=false
04-06 14:17:05.323  1541  1917 I HwNormalizedRampAnimator: hbm_dimming target=1764 rate=60 duration=3.0
04-06 14:17:05.356  1541  2098 I WindowManager: notifyAppStopped: AppWindowToken{2ea4c79 token=Token{2bfd64f ActivityRecord{2ea4cb1 u0 com.clash.of.kings.inner/.EmpireActivity t449}}}
04-06 14:17:05.356  1541  2098 E WindowManager: win=Window{2ef5051 u0 com.clash.of.kings.inner/com.clash.of.kings.inner.EmpireActivity} destroySurfaces: appStopped=true win.mWindowRemovalAllowed=false win.mRemoveOnExit=false
04-06 14:17:05.371  1541  1788 I WindowManager: performshow Window{27ea571 u0 com.mobilesecurity.lite} tok.waitingToShow=false isTransitionSet=false parentHidden=false vis=0 tok.hidden=false hasSurface=true policyVis=false destroying=false animating=false
04-06 14:17:05.834  1541  2382 I HwWindowManagerServiceEx: handleGestureActionForBlur category: exit_recent
04-06 14:17:06.138  1541  1806 I HwActivityTaskManagerServiceEx: update recent status, exit_recent.
04-06 14:17:06.168  1541  2382 I WindowManager: performshow Window{27ea571 u0 com.mobilesecurity.lite} tok.waitingToShow=false isTransitionSet=false parentHidden=false vis=0 tok.hidden=false hasSurface=true policyVis=false destroying=false animating=false
04-06 14:17:06.170  1541  2382 I WindowManager: dispatchResized : win = Window{260fe51 u0 com.huawei.android.launcher/com.huawei.android.launcher.unihome.UniHomeLauncher} drawState = HAS_DRAWN
04-06 14:17:06.177  1541  1788 I WindowManager: performshow Window{27ea571 u0 com.mobilesecurity.lite} tok.waitingToShow=false isTransitionSet=false parentHidden=false vis=0 tok.hidden=false hasSurface=true policyVis=false destroying=false animating=false
04-06 14:17:06.503  1541  1788 I chatty  : uid=1000(system) android.anim identical 2 lines
04-06 14:17:06.516  1541  1788 I WindowManager: performshow Window{27ea571 u0 com.mobilesecurity.lite} tok.waitingToShow=false isTransitionSet=false parentHidden=false vis=0 tok.hidden=false hasSurface=true policyVis=false destroying=false animating=false
04-06 14:17:07.011  1541  2865 I HwWindowManagerServiceEx: handleGestureActionForBlur category: enter_recent
04-06 14:17:07.015  1541  1541 I HwActivityTaskManagerServiceEx: update recent status, enter_recent.
04-06 14:17:07.216  1541  2098 D HwConnectivityServiceEx: set 10140 wlan0 value false
04-06 14:17:07.293  1541  2865 I WindowManager: performshow Window{27ea571 u0 com.mobilesecurity.lite} tok.waitingToShow=false isTransitionSet=false parentHidden=false vis=0 tok.hidden=false hasSurface=true policyVis=false destroying=false animating=false
04-06 14:17:07.306  1541  1788 I WindowManager: performshow Window{27ea571 u0 com.mobilesecurity.lite} tok.waitingToShow=false isTransitionSet=false parentHidden=false vis=0 tok.hidden=false hasSurface=true policyVis=false destroying=false animating=false
04-06 14:17:07.724  1541  1788 I chatty  : uid=1000(system) android.anim identical 1 line
04-06 14:17:07.728  1541  1788 I WindowManager: performshow Window{27ea571 u0 com.mobilesecurity.lite} tok.waitingToShow=false isTransitionSet=false parentHidden=false vis=0 tok.hidden=false hasSurface=true policyVis=false destroying=false animating=false
04-06 14:17:07.729  1541  1788 I WindowManager: dispatchResized : win = Window{260fe51 u0 com.huawei.android.launcher/com.huawei.android.launcher.unihome.UniHomeLauncher} drawState = HAS_DRAWN
04-06 14:17:07.740  1541  1788 I WindowManager: performshow Window{27ea571 u0 com.mobilesecurity.lite} tok.waitingToShow=false isTransitionSet=false parentHidden=false vis=0 tok.hidden=false hasSurface=true policyVis=false destroying=false animating=false
04-06 14:17:07.987  1541  2361 V ActivityManager: Successfully start provider ContentProviderRecord{2b93e36 u0 com.android.systemui/.recents.HwRecentsLockProdiver} launchingApp=null caller pid= 20167
04-06 14:17:08.105  1541  2395 D HwActivityManagerService: isPackageRunningOnPCMode, packageName:com.clash.of.kings.inner, uid:10629
04-06 14:17:08.105  1541  2395 D HwActivityManagerService: pr.mDisplayId:0
04-06 14:17:08.105  1541  2395 D HwActivityManagerService: isPackageRunningOnPCMode, packageName:com.huawei.gameassistant, uid:10122
04-06 14:17:08.105  1541  2395 D HwActivityManagerService: pr.mDisplayId:0
04-06 14:17:08.105  1541  2395 D HwActivityManagerService: isPackageRunningOnPCMode, packageName:com.mobilesecurity.lite, uid:10535
04-06 14:17:08.105  1541  2395 D HwActivityManagerService: pr.mDisplayId:0
04-06 14:17:08.109  1541 29519 I ActivityManager: Force stopping com.clash.of.kings.inner appid=10629 user=0: from pid 1541 iAwareF[SystemManager] 2749ms
04-06 14:17:08.109  1541 29519 I ActivityManager: Killing 28845:com.clash.of.kings.inner/u0a629 (adj 700): stop com.clash.of.kings.innerfrom pid 1541 iAwareF[SystemManager] 2749ms
04-06 14:17:08.111  1541 29519 D ActivityManager: cleanUpApplicationRecord app: 28845:com.clash.of.kings.inner/u0a629, bad: false, restarting: false, allowRestart: true
04-06 14:17:08.111  1541  2123 W HwAudioServiceEx: SoundEffectState bundle get reserved is invalid
04-06 14:17:08.112  1541  1806 I HwPowerManagerService: appdie release wakelock, pid = 28845, uid = 10629
04-06 14:17:08.112  1541  2123 I HwAudioServiceEx: sendAppKilledIntentForKit, isKitPackageOnPause = false, isKitPackageKill = false, isKitPackageOnResume = false
04-06 14:17:08.115  1541 29519 W ActivityTaskManager: Force removing ActivityRecord{2ea4cb1 u0 com.clash.of.kings.inner/.EmpireActivity t449 f}: app died, no saved state
04-06 14:17:08.115  1541 29519 I WindowManager: Animation done in AppWindowToken{2ea4c79 token=Token{2bfd64f ActivityRecord{2ea4cb1 u0 com.clash.of.kings.inner/.EmpireActivity t449}}} isHidden:true hiddenRequested:true
