04-06 14:19:56.136 31841 31841 F DEBUG   :       #22 pc 01de684f  /data/app/com.clash.of.kings.inner-OyososWT2t21CXDvI6sRLw==/lib/arm/libgame.so (Java_org_cocos2dx_lib_Cocos2dxRenderer_nativeRender+6)
04-06 14:19:56.136 31841 31841 F DEBUG   :       #23 pc 000e6519  /apex/com.android.runtime/lib/libart.so (art_quick_generic_jni_trampoline+40) (BuildId: 9da4d7ce8f677f56c6af9c29c50adae0)
04-06 14:19:56.136 31841 31841 F DEBUG   :       #24 pc 02091d7d  /memfd:/jit-cache (deleted) (org.cocos2dx.lib.Cocos2dxRenderer.onDrawFrame+124)
04-06 14:19:56.136 31841 31841 F DEBUG   :       #25 pc 02086641  /memfd:/jit-cache (deleted) (android.opengl.GLSurfaceView$GLThread.guardedRun+2688)
04-06 14:19:56.136 31841 31841 F DEBUG   :       #26 pc 000e1c0f  /apex/com.android.runtime/lib/libart.so (art_quick_osr_stub+46) (BuildId: 9da4d7ce8f677f56c6af9c29c50adae0)
04-06 14:19:56.136 31841 31841 F DEBUG   :       #27 pc 00263a49  /apex/com.android.runtime/lib/libart.so (art::jit::Jit::MaybeDoOnStackReplacement(art::Thread*, art::ArtMethod*, unsigned int, int, art::JValue*)+1160) (BuildId: 9da4d7ce8f677f56c6af9c29c50adae0)
04-06 14:19:56.136 31841 31841 F DEBUG   :       #28 pc 0044edbb  /apex/com.android.runtime/lib/libart.so (MterpMaybeDoOnStackReplacement+134) (BuildId: 9da4d7ce8f677f56c6af9c29c50adae0)
04-06 14:19:56.136 31841 31841 F DEBUG   :       #29 pc 000e13f4  /apex/com.android.runtime/lib/libart.so (MterpHelpers+244) (BuildId: 9da4d7ce8f677f56c6af9c29c50adae0)
04-06 14:19:56.136 31841 31841 F DEBUG   :       #30 pc 002eaafa  /system/framework/framework.jar (android.opengl.GLSurfaceView$GLThread.guardedRun+682)
04-06 14:19:56.136 31841 31841 F DEBUG   :       #31 pc 00447fab  /apex/com.android.runtime/lib/libart.so (MterpInvokeDirect+994) (BuildId: 9da4d7ce8f677f56c6af9c29c50adae0)
04-06 14:19:56.136 31841 31841 F DEBUG   :       #32 pc 000dc914  /apex/com.android.runtime/lib/libart.so (mterp_op_invoke_direct+20) (BuildId: 9da4d7ce8f677f56c6af9c29c50adae0)
04-06 14:19:56.136 31841 31841 F DEBUG   :       #33 pc 002eb288  /system/framework/framework.jar (android.opengl.GLSurfaceView$GLThread.run+48)
04-06 14:19:56.136 31841 31841 F DEBUG   :       #34 pc 001f7aed  /apex/com.android.runtime/lib/libart.so (_ZN3art11interpreterL7ExecuteEPNS_6ThreadERKNS_20CodeItemDataAccessorERNS_11ShadowFrameENS_6JValueEbb.llvm.17840058838137626416+268) (BuildId: 9da4d7ce8f677f56c6af9c29c50adae0)
04-06 14:19:56.136 31841 31841 F DEBUG   :       #35 pc 001fc2a9  /apex/com.android.runtime/lib/libart.so (art::interpreter::EnterInterpreterFromEntryPoint(art::Thread*, art::CodeItemDataAccessor const&, art::ShadowFrame*)+120) (BuildId: 9da4d7ce8f677f56c6af9c29c50adae0)
04-06 14:19:56.136 31841 31841 F DEBUG   :       #36 pc 0043a16d  /apex/com.android.runtime/lib/libart.so (artQuickToInterpreterBridge+832) (BuildId: 9da4d7ce8f677f56c6af9c29c50adae0)
04-06 14:19:56.136 31841 31841 F DEBUG   :       #37 pc 000e65a1  /apex/com.android.runtime/lib/libart.so (art_quick_to_interpreter_bridge+32) (BuildId: 9da4d7ce8f677f56c6af9c29c50adae0)
04-06 14:19:56.136 31841 31841 F DEBUG   :       #38 pc 000e1bc5  /apex/com.android.runtime/lib/libart.so (art_quick_invoke_stub_internal+68) (BuildId: 9da4d7ce8f677f56c6af9c29c50adae0)
04-06 14:19:56.136 31841 31841 F DEBUG   :       #39 pc 00450c7b  /apex/com.android.runtime/lib/libart.so (art_quick_invoke_stub+250) (BuildId: 9da4d7ce8f677f56c6af9c29c50adae0)
04-06 14:19:56.136 31841 31841 F DEBUG   :       #40 pc 000e9ff5  /apex/com.android.runtime/lib/libart.so (art::ArtMethod::Invoke(art::Thread*, unsigned int*, unsigned int, art::JValue*, char const*)+160) (BuildId: 9da4d7ce8f677f56c6af9c29c50adae0)
04-06 14:19:56.136 31841 31841 F DEBUG   :       #41 pc 0038f8cf  /apex/com.android.runtime/lib/libart.so (art::(anonymous namespace)::InvokeWithArgArray(art::ScopedObjectAccessAlreadyRunnable const&, art::ArtMethod*, art::(anonymous namespace)::ArgArray*, art::JValue*, char const*)+54) (BuildId: 9da4d7ce8f677f56c6af9c29c50adae0)
04-06 14:19:56.136 31841 31841 F DEBUG   :       #42 pc 003905d9  /apex/com.android.runtime/lib/libart.so (art::InvokeVirtualOrInterfaceWithJValues(art::ScopedObjectAccessAlreadyRunnable const&, _jobject*, _jmethodID*, jvalue const*)+300) (BuildId: 9da4d7ce8f677f56c6af9c29c50adae0)
04-06 14:19:56.136 31841 31841 F DEBUG   :       #43 pc 003c390f  /apex/com.android.runtime/lib/libart.so (art::Thread::CreateCallback(void*)+966) (BuildId: 9da4d7ce8f677f56c6af9c29c50adae0)
04-06 14:19:56.136 31841 31841 F DEBUG   :       #44 pc 0009c557  /apex/com.android.runtime/lib/bionic/libc.so (__pthread_start(void*)+20) (BuildId: fc1a7f107c69283e5e2e3f151f978619)
04-06 14:19:56.136 31841 31841 F DEBUG   :       #45 pc 00055a07  /apex/com.android.runtime/lib/bionic/libc.so (__start_thread+30) (BuildId: fc1a7f107c69283e5e2e3f151f978619)
04-06 14:19:56.264  1541  1792 I AppEyeFwkBlock: do monitor
04-06 14:19:56.695  1541 31847 W ActivityTaskManager:   finishTopCrashedActivityLocked Force finishing activity com.clash.of.kings.inner/.EmpireActivity
04-06 14:19:56.695  1541 31848 I DropBoxManagerService: add tag=data_app_native_crash isTagEnabled=true flags=0x2
04-06 14:19:56.695  1541 31847 V ActivityTaskManager: positionChild stackId=0 to top.
04-06 14:19:56.696  1541 31847 W HwActivityTaskManagerServiceEx: setResumedActivityUncheckLocked start call, from: ActivityRecord{2d3b441 u0 com.clash.of.kings.inner/.EmpireActivity t450 f}, to: ActivityRecord{2bb3391 u0 com.huawei.android.launcher/.unihome.UniHomeLauncher t1}
04-06 14:19:56.696  1541 31847 W HwActivityTaskManagerServiceEx: appSwitch from: com.clash.of.kings.inner to: com.huawei.android.launcher
04-06 14:19:56.697  1541  2361 I WindowManager: setActivityVisibleInFingerBoost callingPid: 2610
04-06 14:19:56.697  1541  1811 D HwGameAssistantController: UPDATE: mCurFgPkg=com.huawei.android.launcher, mCurFgPid=2610, mIsCurGame=false
04-06 14:19:56.697  1541 31847 I WindowManager: Changing focus from Window{2ce1e09 u0 com.clash.of.kings.inner/com.clash.of.kings.inner.EmpireActivity} to null displayId=0 Callers=com.android.server.wm.RootWindowContainer.updateFocusedWindowLocked:4603440 com.android.server.wm.WindowManagerService.updateFocusedWindowLocked:4600788 com.android.server.wm.ActivityDisplay.setFocusedApp:829468 com.android.server.wm.ActivityTaskManagerService.setResumedActivityUncheckLocked:913644 
04-06 14:19:56.698  1541  1811 D HwGameAssistantController: dispatchGameStatusChanged, packageName=com.huawei.android.launcher, event=2, num=8
04-06 14:19:56.698  1541 31847 I HwDisplayContentEx: currentFocus windowstate null
04-06 14:19:56.698  1541 31847 E ZrHung.AppEyeFocusWindow: NFW check!
04-06 14:19:56.698  1541  1811 D HwGameAssistantController: isGameForeground? false
04-06 14:19:56.698  1541  8283 I HwNormalizedSpline: NewCurveMode setPersonalizedBrightnessCurveLevel curveLevel=26
04-06 14:19:56.699  2433  5625 D DeepNoDisturbSM: onGameStatusChanged packageName = com.huawei.android.launcher, event = 2
04-06 14:19:56.699  2433  2433 I DeepNoDisturbSM: IdleState processMessage msg.what=EVENT_GAME_MOVE_BACKGROUND
04-06 14:19:56.699  2433  2433 I DeepNoDisturbSM: IdleState: default msg.what=2
04-06 14:19:56.700  1541  4278 I HwWindowManagerServiceEx: set app win exit info, bundle = Bundle[mParcelledData.dataSize=288], iconBitmap = android.graphics.Bitmap@2f31141
04-06 14:19:56.700  1541  4278 D HwWindowManagerServiceEx: set app win icon info, bundle = Bundle[{isLandscape=false, launcherPkgName=com.huawei.android.launcher, iconWidth=160, pivotX=665.0, pivotY=1089.0, iconHeight=160, flag=0}], iconBitmap = android.graphics.Bitmap@2f31141mExitPivotX =665.0mExitPivotY =1089.0mExitIconWidth =160mExitIconHeight =160mExitFlag =0callingUid10080
04-06 14:19:56.701  2433  8857 W ContextImpl: Calling a method in the system process without a qualified user: android.app.ContextImpl.bindService:1777 android.content.ContextWrapper.bindService:705 com.huawei.appgallery.assistant.service.AppGalleryAssistantService.startAppAssistantService:547 com.huawei.appgallery.assistant.service.AppGalleryAssistantService.access$000:46 com.huawei.appgallery.assistant.service.AppGalleryAssistantService$2.run:384 
04-06 14:19:56.701  1541 31847 I WindowManager: performshow Window{2a4c6e1 u0 com.mobilesecurity.lite} tok.waitingToShow=false isTransitionSet=true parentHidden=false vis=0 tok.hidden=false hasSurface=true policyVis=false destroying=false animating=false
04-06 14:19:56.704  1541  1811 D HwAudioService: onGameStatusChanged packageName = com.huawei.android.launcher, event = 2
04-06 14:19:56.704  1541  1811 D HwAudioService: onGameStatusChanged packageName = com.huawei.android.launcher, event = 2
04-06 14:19:56.704  1541  2361 I WindowManager: send SET_LAUNCHER_VISIBLE_IN_FINGER_BOOST isVisible:true isNeedHandleWallpaperScale:false, callingPid: 2610
04-06 14:19:56.706  1541  1788 I WindowManager: performshow Window{2a4c6e1 u0 com.mobilesecurity.lite} tok.waitingToShow=false isTransitionSet=true parentHidden=false vis=0 tok.hidden=false hasSurface=true policyVis=false destroying=false animating=false
04-06 14:19:56.708  1541  2935 I ActivityTaskManager: Making visible and scheduling visibility: ActivityRecord{2bb3391 u0 com.huawei.android.launcher/.unihome.UniHomeLauncher t1}
04-06 14:19:56.709  1541  2935 I HwWindowManagerServiceEx: setLandAnimationInfo : false
04-06 14:19:56.709  1541  2935 V WindowManager: notifyAppResumed: wasStopped=true AppWindowToken{2bbd991 token=Token{2bd3e4f ActivityRecord{2bb3391 u0 com.huawei.android.launcher/.unihome.UniHomeLauncher t1}}}
04-06 14:19:56.711  1541  2935 I WindowManager: performshow Window{2a4c6e1 u0 com.mobilesecurity.lite} tok.waitingToShow=false isTransitionSet=true parentHidden=false vis=0 tok.hidden=false hasSurface=true policyVis=false destroying=false animating=false
04-06 14:19:56.711  1541  2935 I WindowManager: Checking 1 opening apps (frozen=false timeout=false)...
04-06 14:19:56.711  1541  2935 I WindowManager: Check opening app=AppWindowToken{2bbd991 token=Token{2bd3e4f ActivityRecord{2bb3391 u0 com.huawei.android.launcher/.unihome.UniHomeLauncher t1}}}: allDrawn=false startingDisplayed=false startingMoved=false isRelaunching()=false startingWindow=null
04-06 14:19:56.712  1541  1910 I BootReceiver: Copying /data/tombstones/tombstone_02 to DropBox (SYSTEM_TOMBSTONE)
04-06 14:19:56.712  1541  1910 I DropBoxManagerService: add tag=SYSTEM_TOMBSTONE isTagEnabled=true flags=0x2
04-06 14:19:56.713  1541  1788 I WindowManager: performshow Window{2a4c6e1 u0 com.mobilesecurity.lite} tok.waitingToShow=false isTransitionSet=true parentHidden=false vis=0 tok.hidden=false hasSurface=true policyVis=false destroying=false animating=false
04-06 14:19:56.713  1541  1806 I HwAudioServiceEx: ComponentInfo : className = com.clash.of.kings.inner.EmpireActivity, flag = onPause, isHomeActivity = , isTop = false
04-06 14:19:56.713  1541  1788 I WindowManager: Checking 1 opening apps (frozen=false timeout=false)...
04-06 14:19:56.713  1541  1788 I WindowManager: Check opening app=AppWindowToken{2bbd991 token=Token{2bd3e4f ActivityRecord{2bb3391 u0 com.huawei.android.launcher/.unihome.UniHomeLauncher t1}}}: allDrawn=false startingDisplayed=false startingMoved=false isRelaunching()=false startingWindow=null
04-06 14:19:56.713  1541  2123 W HwAudioServiceEx: SoundEffectState bundle get reserved is invalid
04-06 14:19:56.714  1541  2123 I HwAudioServiceEx: sendAppKilledIntentForKit, isKitPackageOnPause = false, isKitPackageKill = false, isKitPackageOnResume = false
04-06 14:19:56.716  1541  2361 D WindowManager: WS setWallpaperScale return, wallpaper no need to recover
04-06 14:19:56.720  1541  1781 W ActivityManager: Skipping native crash dialog of ProcessRecord{2f47499 30388:com.clash.of.kings.inner/u0a629}
04-06 14:19:56.721  1541  1788 I WindowManager: performshow Window{2a4c6e1 u0 com.mobilesecurity.lite} tok.waitingToShow=false isTransitionSet=true parentHidden=false vis=0 tok.hidden=false hasSurface=true policyVis=false destroying=false animating=false
04-06 14:19:56.730  1541  2270 I WindowManager: performshow Window{2a4c6e1 u0 com.mobilesecurity.lite} tok.waitingToShow=false isTransitionSet=true parentHidden=false vis=0 tok.hidden=false hasSurface=true policyVis=false destroying=false animating=false
04-06 14:19:56.730  1541  2270 I WindowManager: Checking 1 opening apps (frozen=false timeout=false)...
04-06 14:19:56.730  1541  2270 I WindowManager: Check opening app=AppWindowToken{2bbd991 token=Token{2bd3e4f ActivityRecord{2bb3391 u0 com.huawei.android.launcher/.unihome.UniHomeLauncher t1}}}: allDrawn=false startingDisplayed=false startingMoved=false isRelaunching()=false startingWindow=null
04-06 14:19:56.732  2610  2610 D ActivityThread: Won't deliver top position change in state=5
04-06 14:19:56.734  1541  2361 I WindowManager: performshow Window{2a4c6e1 u0 com.mobilesecurity.lite} tok.waitingToShow=false isTransitionSet=true parentHidden=false vis=0 tok.hidden=false hasSurface=true policyVis=false destroying=false animating=false
04-06 14:19:56.736  1541  2361 I WindowManager: Checking 1 opening apps (frozen=false timeout=false)...
04-06 14:19:56.736  1541  2361 I WindowManager: Check opening app=AppWindowToken{2bbd991 token=Token{2bd3e4f ActivityRecord{2bb3391 u0 com.huawei.android.launcher/.unihome.UniHomeLauncher t1}}}: allDrawn=false startingDisplayed=false startingMoved=false isRelaunching()=false startingWindow=null
04-06 14:19:56.739  1541  1788 I WindowManager: performshow Window{2a4c6e1 u0 com.mobilesecurity.lite} tok.waitingToShow=false isTransitionSet=true parentHidden=false vis=0 tok.hidden=false hasSurface=true policyVis=false destroying=false animating=false
04-06 14:19:56.740  2610  2610 I ActivityThread: Handle window ActivityRecord{3a68d1c token=android.os.BinderProxy@2a9aa02 {com.huawei.android.launcher/com.huawei.android.launcher.unihome.UniHomeLauncher}} visibility: true
04-06 14:19:56.743  1541  2935 D ActivityTaskManager: Stop interception for recently back-home app when launcher resumed
04-06 14:19:56.744  1541  1806 I HwAudioServiceEx: ComponentInfo : className = com.huawei.android.launcher.unihome.UniHomeLauncher, flag = onResume, isHomeActivity = , isTop = true
04-06 14:19:56.744  1541  2123 W HwAudioServiceEx: SoundEffectState bundle get reserved is invalid
04-06 14:19:56.744  1541  2123 I HwAudioServiceEx: sendAppKilledIntentForKit, isKitPackageOnPause = false, isKitPackageKill = false, isKitPackageOnResume = false
04-06 14:19:56.745  2433  3031 I NetworkQoeChr: checkForegroundApp timer start
04-06 14:19:56.745  2433  3031 I NetworkQoeChr: end qoe report
04-06 14:19:56.746  1541  2553 I WindowManager: performshow Window{2a4c6e1 u0 com.mobilesecurity.lite} tok.waitingToShow=false isTransitionSet=true parentHidden=false vis=0 tok.hidden=false hasSurface=true policyVis=false destroying=false animating=false
04-06 14:19:56.747  1541  2553 I WindowManager: Checking 1 opening apps (frozen=false timeout=false)...
04-06 14:19:56.747  1541  2553 I WindowManager: Check opening app=AppWindowToken{2bbd991 token=Token{2bd3e4f ActivityRecord{2bb3391 u0 com.huawei.android.launcher/.unihome.UniHomeLauncher t1}}}: allDrawn=false startingDisplayed=false startingMoved=false isRelaunching()=false startingWindow=null
04-06 14:19:56.747  1541  2216 D HwConnectivityServiceEx: set 1000 wlan0 value false
04-06 14:19:56.748  2433  3031 E BoosterUtil: convertSubIdToSlotId failed, subId:0, slotId:-1
04-06 14:19:56.748  2433  3031 E BoosterUtil: getDefaultDataSlotId failed, invalid slotId:-1, subId:0
04-06 14:19:56.749  1541  2553 I WindowManager: Changing focus from null to Window{260fe51 u0 com.huawei.android.launcher/com.huawei.android.launcher.unihome.UniHomeLauncher} displayId=0 Callers=com.android.server.wm.RootWindowContainer.updateFocusedWindowLocked:4603440 com.android.server.wm.WindowManagerService.updateFocusedWindowLocked:4600788 com.android.server.wm.WindowManagerService.relayoutWindow:4764072 com.android.server.wm.Session.relayout:4767700 
04-06 14:19:56.750  1541  2553 V HwPhoneWindowManager: updateSystemUiColorLw window=Window{260fe51 u0 com.huawei.android.launcher/com.huawei.android.launcher.unihome.UniHomeLauncher},EmuiStyle=-1,StatusBarColor=0x0,NavigationBarColor=0x0, mForceNotchStatusBar=false
04-06 14:19:56.750  1541  2553 I HwDisplayContentEx: currentFocus windowstate not null
04-06 14:19:56.750  1541  2553 E ZrHung.AppEyeFocusWindow: cancel check
04-06 14:19:56.750  1541  2553 I HwDisplayContentEx: trans currentFocus windowstate not null
04-06 14:19:56.751  2433  3031 E BoosterUtil: convertSubIdToSlotId failed, subId:0, slotId:-1
04-06 14:19:56.751  2433  3031 E BoosterUtil: getDefaultDataSlotId failed, invalid slotId:-1, subId:0
04-06 14:19:56.753  1541  1788 I WindowManager: performshow Window{2a4c6e1 u0 com.mobilesecurity.lite} tok.waitingToShow=false isTransitionSet=true parentHidden=false vis=0 tok.hidden=false hasSurface=true policyVis=false destroying=false animating=false
04-06 14:19:56.754  1541  1788 I WindowManager: performshow Window{2a4c6e1 u0 com.mobilesecurity.lite} tok.waitingToShow=false isTransitionSet=true parentHidden=false vis=0 tok.hidden=false hasSurface=true policyVis=false destroying=false animating=false
04-06 14:19:56.755  1541  1788 I WindowManager: Checking 1 opening apps (frozen=false timeout=false)...
04-06 14:19:56.755  1541  1788 I WindowManager: Check opening app=AppWindowToken{2bbd991 token=Token{2bd3e4f ActivityRecord{2bb3391 u0 com.huawei.android.launcher/.unihome.UniHomeLauncher t1}}}: allDrawn=false startingDisplayed=false startingMoved=false isRelaunching()=false startingWindow=null
04-06 14:19:56.756  2433  3031 I SmartDualCardConfig: getAppType,pkgName=com.huawei.android.launcher,appType=28
04-06 14:19:56.756  2433  3031 E SmartDualCardConfig: isAppInBlackList false,items==null
04-06 14:19:56.756  2433  3031 I SmartDualCardConfig: isAppInWhiteList false,uid=10080
04-06 14:19:56.761  1541  2042 D HwActivityManagerServiceEx: notifyAppToTop pid:2610, enable:1
04-06 14:19:56.767  2433  3031 E BoosterUtil: convertSubIdToSlotId failed, subId:0, slotId:-1
04-06 14:19:56.767  2433  3031 E BoosterUtil: getDefaultDataSlotId failed, invalid slotId:-1, subId:0
04-06 14:19:56.767  1541  1788 I WindowManager: performshow Window{2a4c6e1 u0 com.mobilesecurity.lite} tok.waitingToShow=false isTransitionSet=true parentHidden=false vis=0 tok.hidden=false hasSurface=true policyVis=false destroying=false animating=false
04-06 14:19:56.768  1541  1788 I WindowManager: Checking 1 opening apps (frozen=false timeout=false)...
04-06 14:19:56.768  1541  1788 I WindowManager: Check opening app=AppWindowToken{2bbd991 token=Token{2bd3e4f ActivityRecord{2bb3391 u0 com.huawei.android.launcher/.unihome.UniHomeLauncher t1}}}: allDrawn=false startingDisplayed=false startingMoved=false isRelaunching()=false startingWindow=null
04-06 14:19:56.769  1541  1788 I WindowManager: performshow Window{2a4c6e1 u0 com.mobilesecurity.lite} tok.waitingToShow=false isTransitionSet=true parentHidden=false vis=0 tok.hidden=false hasSurface=true policyVis=false destroying=false animating=false
04-06 14:19:56.772  1541  1788 I WindowManager: New wallpaper target: Window{260fe51 u0 com.huawei.android.launcher/com.huawei.android.launcher.unihome.UniHomeLauncher} prevTarget: null
04-06 14:19:56.774  1541  1788 I WindowManager: performshow Window{2a4c6e1 u0 com.mobilesecurity.lite} tok.waitingToShow=false isTransitionSet=true parentHidden=false vis=0 tok.hidden=false hasSurface=true policyVis=false destroying=false animating=false
04-06 14:19:56.775  1541  1788 I WindowManager: Checking 1 opening apps (frozen=false timeout=false)...
04-06 14:19:56.775  2433  3031 E BoosterUtil: convertSubIdToSlotId failed, subId:0, slotId:-1
04-06 14:19:56.775  1541  1788 I WindowManager: Check opening app=AppWindowToken{2bbd991 token=Token{2bd3e4f ActivityRecord{2bb3391 u0 com.huawei.android.launcher/.unihome.UniHomeLauncher t1}}}: allDrawn=true startingDisplayed=false startingMoved=false isRelaunching()=false startingWindow=null
04-06 14:19:56.775  2433  3031 E BoosterUtil: getDefaultDataSlotId failed, invalid slotId:-1, subId:0
04-06 14:19:56.775  1541  1788 I WindowManager: Checking 0 opening apps (frozen=false timeout=false)...
04-06 14:19:56.775  1541  1788 I WindowManager: remove H.SET_LAUNCHER_VISIBLE_IN_FINGER_BOOST message.
04-06 14:19:56.775  1541  1788 I WindowManager: send SET_LAUNCHER_VISIBLE_IN_FINGER_BOOST isVisible:true isNeedHandleWallpaperScale:true, callingPid: 1541
04-06 14:19:56.775  1541  1788 D WindowManager: setActivityVisibleInFingerBoostInner fit:true record:ActivityRecord{2bb3391 u0 com.huawei.android.launcher/.unihome.UniHomeLauncher t1} isInWallpaperEffect:false, callingPid: 1541
04-06 14:19:56.775  1541  1788 I HwWindowManagerServiceEx: closing apps count = 1
04-06 14:19:56.776  1541  1788 D HwWindowManagerServiceEx: is app exit to launcher info: transit = 26, app = AppWindowToken{2d3b4e9 token=Token{2b23081 ActivityRecord{2d3b441 u0 com.clash.of.kings.inner/.EmpireActivity t450}}}, window = Window{2ce1e09 u0 com.clash.of.kings.inner/com.clash.of.kings.inner.EmpireActivity}, mClosingApps = {AppWindowToken{2d3b4e9 token=Token{2b23081 ActivityRecord{2d3b441 u0 com.clash.of.kings.inner/.EmpireActivity t450}}}}, topOpeningApp = AppWindowToken{2bbd991 token=Token{2bd3e4f ActivityRecord{2bb3391 u0 com.huawei.android.launcher/.unihome.UniHomeLauncher t1}}}, mExitIconBitmap = android.graphics.Bitmap@2f31141, mExitIconHeight = 160, mExitIconWidth = 160
04-06 14:19:56.776  1541  1788 E WindowManager: icon is null!!
04-06 14:19:56.776  1541  1788 V WindowManager: commitVisibility: AppWindowToken{2d3b4e9 token=Token{2b23081 ActivityRecord{2d3b441 u0 com.clash.of.kings.inner/.EmpireActivity t450}}}: hidden=true hiddenRequested=true
04-06 14:19:56.776  1541  1788 I WindowManager: Animation done in AppWindowToken{2d3b4e9 token=Token{2b23081 ActivityRecord{2d3b441 u0 com.clash.of.kings.inner/.EmpireActivity t450}}} isHidden:true hiddenRequested:true
04-06 14:19:56.776  1541  1788 V ActivityTaskManager: Stopping ActivityRecord{2d3b441 u0 com.clash.of.kings.inner/.EmpireActivity t450 f}: nowVisible=false animating=true finishing=true
04-06 14:19:56.776  1541  1788 D HwWindowManagerServiceEx: is app exit to launcher info: transit = 26, app = AppWindowToken{2bbd991 token=Token{2bd3e4f ActivityRecord{2bb3391 u0 com.huawei.android.launcher/.unihome.UniHomeLauncher t1}}}, window = Window{260fe51 u0 com.huawei.android.launcher/com.huawei.android.launcher.unihome.UniHomeLauncher}, mClosingApps = {AppWindowToken{2d3b4e9 token=Token{2b23081 ActivityRecord{2d3b441 u0 com.clash.of.kings.inner/.EmpireActivity t450}}}}, topOpeningApp = AppWindowToken{2bbd991 token=Token{2bd3e4f ActivityRecord{2bb3391 u0 com.huawei.android.launcher/.unihome.UniHomeLauncher t1}}}, mExitIconBitmap = android.graphics.Bitmap@2f31141, mExitIconHeight = 160, mExitIconWidth = 160
04-06 14:19:56.776  1541  1788 E WindowManager: icon is null!!
04-06 14:19:56.777  1541  1788 V WindowManager: commitVisibility: AppWindowToken{2bbd991 token=Token{2bd3e4f ActivityRecord{2bb3391 u0 com.huawei.android.launcher/.unihome.UniHomeLauncher t1}}}: hidden=false hiddenRequested=false
04-06 14:19:56.777  1541  1788 I WindowManager: Animation done in AppWindowToken{2bbd991 token=Token{2bd3e4f ActivityRecord{2bb3391 u0 com.huawei.android.launcher/.unihome.UniHomeLauncher t1}}} isHidden:false hiddenRequested:false
04-06 14:19:56.777  1541  1788 V ActivityTaskManager: Stopping ActivityRecord{2d3b441 u0 com.clash.of.kings.inner/.EmpireActivity t450 f}: nowVisible=false animating=true finishing=true
04-06 14:19:56.777  1541  1788 D HwAppTransitionImpl: windowAnimations = 0 dose not come from system, not to override it.
04-06 14:19:56.804  1541  1788 I WindowManager: performshow Window{2a4c6e1 u0 com.mobilesecurity.lite} tok.waitingToShow=false isTransitionSet=false parentHidden=false vis=0 tok.hidden=false hasSurface=true policyVis=false destroying=false animating=false
04-06 14:19:56.806  1541  1788 I WindowManager: dispatchResized : win = Window{260fe51 u0 com.huawei.android.launcher/com.huawei.android.launcher.unihome.UniHomeLauncher} drawState = HAS_DRAWN
04-06 14:19:56.806  1541  1788 I DebugKeepScreenOn: setHoldScreenLocked newHoldScreen:null currentHoldScreen:Session{283ee21 30388:u0a10629} wakeLockState:true
04-06 14:19:56.806  1541  1788 I DebugKeepScreenOn: Releasing screen wakelock, obscured by null
04-06 14:19:56.807  1541  4278 V ActivityTaskManager: Activity idle: Token{2bd3e4f ActivityRecord{2bb3391 u0 com.huawei.android.launcher/.unihome.UniHomeLauncher t1}}
04-06 14:19:56.809  1541  1788 I WindowManager: performshow Window{2a4c6e1 u0 com.mobilesecurity.lite} tok.waitingToShow=false isTransitionSet=false parentHidden=false vis=0 tok.hidden=false hasSurface=true policyVis=false destroying=false animating=false
04-06 14:19:56.811  1541  1788 I chatty  : uid=1000(system) android.anim identical 1 line
04-06 14:19:56.818  1541  1788 I WindowManager: performshow Window{2a4c6e1 u0 com.mobilesecurity.lite} tok.waitingToShow=false isTransitionSet=false parentHidden=false vis=0 tok.hidden=false hasSurface=true policyVis=false destroying=false animating=false
04-06 14:19:56.831  1541  2387 I ActivityManager: sendIntentSender target:PendingIntentRecord{2c67141 com.huawei.recsys broadcastIntent}, intent:act=com.huawei.recsys.awareness.listening hwFlg=0x10 pkg=com.huawei.recsys
04-06 14:19:56.834  1541  2098 I HwNetworkPolicy: onTransact, code = 203
04-06 14:19:56.835 20167 20229 I HwNetworkPolicyManager: getHwUidPolicy uid = 10080 policy = 0
04-06 14:19:56.838  1541  2156 V ActivityManager: Successfully start provider ContentProviderRecord{2e82c1b u0 com.huawei.hwid/com.huawei.jos.game.buoy.provider.ShowBuoyProvider} launchingApp=null caller pid= 2433
04-06 14:19:56.839  1541  1780 W Looper  : Slow dispatch took 120ms android.fg h=com.android.server.DropBoxManagerService$DropBoxManagerBroadcastHandler c=null m=1
04-06 14:19:56.839  1541  1785 V ActivityTaskManager: Activity idle: null
04-06 14:19:56.849  2433  8857 W ContextImpl: Calling a method in the system process without a qualified user: android.app.ContextImpl.bindService:1777 android.content.ContextWrapper.bindService:705 com.huawei.appgallery.assistant.service.AppGalleryAssistantService.bindHMSService:618 com.huawei.appgallery.assistant.service.AppGalleryAssistantService.startHMSService:453 com.huawei.appgallery.assistant.service.AppGalleryAssistantService.notifyHMSBackgroundEvent:443 
04-06 14:19:56.855  1541  2156 W ActivityManager: Unable to start service Intent { act=com.huawei.hwid.NOTIFY_APP_STATE_SERVICE pkg=com.huawei.himovie } U=0: not found
04-06 14:19:56.858  1541  4278 V BroadcastQueue: Finished with ordered broadcast BroadcastRecord{2fcba23 u0 android.intent.action.DROPBOX_ENTRY_ADDED}
04-06 14:19:56.858  1541  1785 I WindowManager: handle SET_LAUNCHER_VISIBLE_IN_FINGER_BOOST isVisible:true isNeedHandleWallpaperScale: true
04-06 14:19:56.858  1541  1785 D WindowManager: setLauncherVisibleInFingerBoost record=ActivityRecord{2bb3391 u0 com.huawei.android.launcher/.unihome.UniHomeLauncher t1}
04-06 14:19:56.858  1541  1785 I WindowManager: setLauncherVisible setAlpha to 1.0
04-06 14:19:56.858  1541  1785 D WindowManager: setLauncherVisible wallpaperScale=false
04-06 14:19:56.858  1541  1785 D WindowManager: WS setWallpaperScale return, wallpaper no need to recover
04-06 14:19:56.858  1541  2156 D HwInputMethodManagerService: isSecMethodUsing = false
04-06 14:19:56.860  1541  1785 I HwWindowManagerServiceEx: com.clash.of.kings.inner blur level: -1
04-06 14:19:56.860  1541  1785 I HwWindowManagerServiceEx: getBlurLevel: 0
04-06 14:19:56.866  1541  2098 D HwNetworkManagementService: code == CODE_SET_CHR_REPORT_APP_LIST
04-06 14:19:56.867  1541  2098 I HwNetworkManagementService: chr appuid set succeeded
04-06 14:19:56.874  1541  1781 W Looper  : Slow dispatch took 149ms android.ui h=com.android.server.am.ActivityManagerService$UiHandler c=null m=31
04-06 14:19:56.878  2433  3031 I HidataAppQoeP: foregroundUidRemove uid: 10629 name: com.clash.of.kings.inner
04-06 14:19:56.880  2433  3031 E BoosterUtil: convertSubIdToSlotId failed, subId:0, slotId:-1
04-06 14:19:56.880  2433  3031 E BoosterUtil: getDefaultDataSlotId failed, invalid slotId:-1, subId:0
04-06 14:19:56.881  2433  3031 I SmartDualCardConfig: getAppType,pkgName=com.clash.of.kings.inner,appType=9
04-06 14:19:56.881  2433  3031 E SmartDualCardConfig: isAppInBlackList false,items==null
04-06 14:19:56.881  2433  3031 I SmartDualCardConfig: isAppInWhiteList false,uid=10629
04-06 14:19:56.881  1541  2361 I HwAudioService: now type = 9,reportForegroundAppType = 28,pkg = null,systemload = 9VOIP_OPTIMIZE_IN_GAMEMODEfalse
04-06 14:19:56.883  1541  2361 I HwAudioServiceEx: setDolbyEffect1 mode = 0
04-06 14:19:56.885  1541  2072 D HwAudioServiceEx: Got dap param update, param = 1634037843 status = 1601332587
04-06 14:19:56.890  1541  4278 V BroadcastQueue: Finished with ordered broadcast BroadcastRecord{2fcbb0d u0 android.intent.action.DROPBOX_ENTRY_ADDED}
04-06 14:19:56.893  1541  2156 V BroadcastQueue: Finished with ordered broadcast BroadcastRecord{2fcbad9 u0 com.huawei.recsys.awareness.listening}
04-06 14:19:56.902  1541  2072 D HwAudioServiceEx: Got dap param update, param = 167772160 status = 0
04-06 14:19:56.902  1541  2072 D HwAudioServiceEx: Got dap param update, param = 1634037843 status = 1601332587
04-06 14:19:56.924  1541  2068 I WindowManager: WINDOW DIED Window{2ce1e09 u0 com.clash.of.kings.inner/com.clash.of.kings.inner.EmpireActivity}
04-06 14:19:56.924  1541  2068 I WindowManager: cancelAnimation
04-06 14:19:56.924  1541  2068 I WindowManager: mAppToken.cancelAnimation
04-06 14:19:56.924  1541  2068 I WindowManager: removeIfPossible: Window{2ce1e09 u0 com.clash.of.kings.inner/com.clash.of.kings.inner.EmpireActivity} callers=com.android.server.wm.WindowState.removeIfPossible:775268 com.android.server.wm.InputManagerCallback.notifyInputChannelBroken:14951516 com.android.server.input.InputManagerService.notifyInputChannelBroken:17512360 <bottom of call stack> <bottom of call stack> 
04-06 14:19:56.925  1541  2068 I WindowManager: postWindowRemoveCleanupLocked: Window{2ce1e09 u0 com.clash.of.kings.inner/com.clash.of.kings.inner.EmpireActivity}
04-06 14:19:56.925  1541  2068 I WindowManager: Removing Window{2ce1e09 u0 com.clash.of.kings.inner/com.clash.of.kings.inner.EmpireActivity} from AppWindowToken{2d3b4e9 token=Token{2b23081 ActivityRecord{2d3b441 u0 com.clash.of.kings.inner/.EmpireActivity t450}}}
04-06 14:19:56.926  1541  2068 I WindowManager: performshow Window{2a4c6e1 u0 com.mobilesecurity.lite} tok.waitingToShow=false isTransitionSet=false parentHidden=false vis=0 tok.hidden=false hasSurface=true policyVis=false destroying=false animating=false
04-06 14:19:56.928  2247 15912 I HwCommandQueue: updateBarBgColor
04-06 14:19:56.928  2247 15912 D HwCommandQueue: CommandQueue, setBarBackgroundColor
04-06 14:19:56.928  1541  1781 I StatusBarDisable: setFlags what=0 which=1 pkg=Window{260fe51 u0 com.huawei.android.launcher/com.huawei.android.launcher.unihome.UniHomeLauncher}
04-06 14:19:56.930  1541  1781 I StatusBarDisable: setFlags what=0 which=1 pkg=Window{260fe51 u0 com.huawei.android.launcher/com.huawei.android.launcher.unihome.UniHomeLauncher}
04-06 14:19:56.930  1541  1788 I WindowManager: performshow Window{2a4c6e1 u0 com.mobilesecurity.lite} tok.waitingToShow=false isTransitionSet=false parentHidden=false vis=0 tok.hidden=false hasSurface=true policyVis=false destroying=false animating=false
04-06 14:19:56.975  1541  4278 I ActivityManager: Process com.clash.of.kings.inner (pid 30388) has died: cch CRE 
04-06 14:19:56.975  1541  4278 D ActivityManager: cleanUpApplicationRecord app: 30388:com.clash.of.kings.inner/u0a629, bad: false, restarting: false, allowRestart: true
04-06 14:19:56.976  1541  2123 W HwAudioServiceEx: SoundEffectState bundle get reserved is invalid
04-06 14:19:56.976  1541  2123 I HwAudioServiceEx: sendAppKilledIntentForKit, isKitPackageOnPause = false, isKitPackageKill = false, isKitPackageOnResume = false
04-06 14:19:56.976  1541  1806 I HwPowerManagerService: appdie release wakelock, pid = 30388, uid = 10629
04-06 14:19:56.978  1541  4278 I WindowManager: Animation done in AppWindowToken{2d3b4e9 token=Token{2b23081 ActivityRecord{2d3b441 u0 com.clash.of.kings.inner/.EmpireActivity t450}}} isHidden:true hiddenRequested:true
04-06 14:19:56.978  1541  4278 I TaskSnapshot: taskId:450 Callers=com.android.server.wm.TaskSnapshotCache.removeRunningEntry:6531684 com.android.server.wm.TaskSnapshotCache.onAppRemoved:7445292 com.android.server.wm.AppWindowToken.onRemovedFromDisplay:7474240 com.android.server.wm.DisplayContent.removeAppToken:7412292 com.android.server.wm.ActivityRecord.removeWindowContainer:7413368 com.android.server.wm.ActivityStack.removeActivityFromHistoryLocked:7414120 com.android.server.wm.ActivityStack.removeHistoryRecordsForAppLocked:4682260 com.android.server.wm.ActivityStack.handleAppDiedLocked:4683440 
04-06 14:19:56.979  1541  4278 V WindowManager: removeAppToken: AppWindowToken{2d3b4e9 token=Token{2b23081 ActivityRecord{2d3b441 u0 com.clash.of.kings.inner/.EmpireActivity t450}}} delayed=false Callers=com.android.server.wm.DisplayContent.removeAppToken:7412292 com.android.server.wm.ActivityRecord.removeWindowContainer:7413368 com.android.server.wm.ActivityStack.removeActivityFromHistoryLocked:7414120 com.android.server.wm.ActivityStack.removeHistoryRecordsForAppLocked:4682260 com.android.server.wm.ActivityStack.handleAppDiedLocked:4683440 com.android.server.wm.RootActivityContainer.handleAppDied:4685584 com.android.server.wm.ActivityTaskManagerService$LocalService.handleAppDied:4687268 com.android.server.am.ActivityManagerService.handleAppDiedLocked:4673448 com.android.server.am.ActivityManagerService.appDiedLocked:4652764 
04-06 14:19:56.981  1541  4278 I WindowManager: performshow Window{2a4c6e1 u0 com.mobilesecurity.lite} tok.waitingToShow=false isTransitionSet=false parentHidden=false vis=0 tok.hidden=false hasSurface=true policyVis=false destroying=false animating=false
04-06 14:19:56.982  1541  4278 V ActivityTaskManager: removeChild: detaching stackId=449 from displayId=0
04-06 14:19:56.983  1541  4278 I WindowManager: performshow Window{2a4c6e1 u0 com.mobilesecurity.lite} tok.waitingToShow=false isTransitionSet=false parentHidden=false vis=0 tok.hidden=false hasSurface=true policyVis=false destroying=false animating=false
04-06 14:19:56.995  1541  1788 I WindowManager: performshow Window{2a4c6e1 u0 com.mobilesecurity.lite} tok.waitingToShow=false isTransitionSet=false parentHidden=false vis=0 tok.hidden=false hasSurface=true policyVis=false destroying=false animating=false
04-06 14:19:57.002  1541  1785 W ActivityManager: setHasOverlayUi called on unknown pid: 30388
04-06 14:19:57.039  1541  4278 D BatteryStatsService: begin noteStopAudio
04-06 14:19:57.039  1541  4278 D BatteryStatsService: end noteStopAudio
04-06 14:19:57.092  1541  1788 I WindowManager: performshow Window{2a4c6e1 u0 com.mobilesecurity.lite} tok.waitingToShow=false isTransitionSet=false parentHidden=false vis=0 tok.hidden=false hasSurface=true policyVis=false destroying=false animating=false
04-06 14:19:57.140  1541  1788 I chatty  : uid=1000(system) android.anim identical 3 lines
04-06 14:19:57.142  1541  1788 I WindowManager: performshow Window{2a4c6e1 u0 com.mobilesecurity.lite} tok.waitingToShow=false isTransitionSet=false parentHidden=false vis=0 tok.hidden=false hasSurface=true policyVis=false destroying=false animating=false
04-06 14:19:57.150  1541  2394 E ProcessInfoCollector: getProcessInfo: failed to find this proc.
04-06 14:19:57.157  1541  1788 I WindowManager: performshow Window{2a4c6e1 u0 com.mobilesecurity.lite} tok.waitingToShow=false isTransitionSet=false parentHidden=false vis=0 tok.hidden=false hasSurface=true policyVis=false destroying=false animating=false
04-06 14:19:57.221  1541  1917 I DisplayPowerController: mPowerState.mScreenChangedReason: 65537 mPendingRequestLocked.mScreenChangeReason 65537
04-06 14:19:57.221  1541  1917 I DisplayPowerController: Want screen on.
04-06 14:19:57.223  1541  1917 I DisplayPowerController: Animating brightness: target=45, rate=60,brightnessTargetReal=45,AutoBrightness=true
04-06 14:19:57.223  1541  1917 V DisplayPowerController: Brightness [45] reason changing to: 'automatic [ auto_adj ]', previous reason: 'automatic'.
04-06 14:19:57.237  1541  1917 I HwNormalizedRampAnimator: hbm_dimming target=1764 rate=60 duration=3.0
04-06 14:19:57.243  1541  1917 I HwPowerManagerService: updateSettingsLocked mEyesProtectionMode:0
04-06 14:19:58.581  1541  1836 I NotificationService: enqueueNotificationInternal: pkg=com.mobilesecurity.lite id=1 notification=Notification(channel=notification_bar pri=2 contentView=com.mobilesecurity.lite/0x7f030001 vibrate=null sound=null tick defaults=0x0 flags=0x62 color=0x00000000 vis=PRIVATE)
04-06 14:19:58.582  1541  1836 I NotificationService: enqueueNotificationInternal Channel Info : pkg=com.mobilesecurity.lite id=1 importance =2
04-06 14:19:59.287  1541  2361 I HwApsManagerConfig: APSLog, setDynamicFpsLocked: pkg:com.clash.of.kings.inner,fps:-1,retCode:0 
04-06 14:19:59.288  1541  2361 D HwApsManagerConfig: notifyApsManagerServiceCallback, pkgName:com.clash.of.kings.inner, apsCallbackCode:0, data:-1
04-06 14:19:59.288  1541  2361 W HwApsManagerConfig: notifyApsManagerServiceCallback,ex:android.os.DeadObjectException
04-06 14:19:59.288  1541  2361 W HwApsManagerConfig: notifyApsManagerServiceCallback, remove com.clash.of.kings.inner from mPkgnameCallbackMap.
04-06 14:20:00.074  1541  1917 I DisplayPowerController: mPowerState.mScreenChangedReason: 65537 mPendingRequestLocked.mScreenChangeReason 65537
04-06 14:20:00.074  1541  1917 I DisplayPowerController: Want screen on.
04-06 14:20:00.075  1541  1917 I DisplayPowerController: Animating brightness: target=45, rate=60,brightnessTargetReal=45,AutoBrightness=true
04-06 14:20:01.568  1541  8607 D HwConnectivityServiceEx: set 1000 wlan0 value false
04-06 14:20:02.265  1541  1792 I AppEyeFwkBlock: do monitor
04-06 14:20:05.563  1541  8607 D HwConnectivityServiceEx: set 1000 wlan0 value false
04-06 14:20:08.265  1541  1792 I AppEyeFwkBlock: do monitor
04-06 14:20:08.903  1541  2017 I HwBatteryService: power_ui state= 1 mQuickChargeStatus=1
04-06 14:20:08.903  1541  2017 I HwBatteryService: handleWirelessTxStatus
04-06 14:20:08.903  1541  2017 I HwBatteryService: switch not open, return, mWirelessTxFlag : 0
04-06 14:20:08.903  1541  2017 W HwBatteryService: need return. Invalid value: -1
04-06 14:20:08.903  1541  2017 D HwBatteryService: setHwChargeTimeRemaining, time = -1 String time: -1
04-06 14:20:09.569  1541  8607 D HwConnectivityServiceEx: set 1000 wlan0 value false
04-06 14:20:10.014  1541  7031 D HwConnectivityServiceEx: set 10535 wlan0 value false
04-06 14:20:11.437  1541  7031 D HwConnectivityServiceEx: set 10535 NULL value false
04-06 14:20:13.573  1541  8607 D HwConnectivityServiceEx: set 1000 wlan0 value false
04-06 14:20:14.265  1541  1792 I AppEyeFwkBlock: do monitor
04-06 14:20:20.266  1541  1792 I AppEyeFwkBlock: do monitor
04-06 14:20:21.588  1541  8607 D HwConnectivityServiceEx: set 1000 wlan0 value false
04-06 14:20:25.581  1541  8607 D HwConnectivityServiceEx: set 1000 wlan0 value false
04-06 14:20:26.266  1541  1792 I AppEyeFwkBlock: do monitor
04-06 14:20:28.359  1541  5120 D HwConnectivityServiceEx: set 1000 wlan0 value false
04-06 14:20:29.062  1541  5120 V ActivityManager: Successfully start provider ContentProviderRecord{25dd46c u0 com.huawei.skytone/com.huawei.android.vsim.hive.provider.ProcessMainProvider} launchingApp=ProcessRecord{2cec099 6733:com.huawei.skytone/1001} caller pid= 26408
04-06 14:20:31.562  1541  5120 D HwConnectivityServiceEx: set 10140 wlan0 value false
04-06 14:20:32.266  1541  1792 I AppEyeFwkBlock: do monitor
04-06 14:20:32.697  1541  5120 V ActivityManager: Successfully start provider ContentProviderRecord{2efef7a u0 com.huawei.skytone/com.huawei.android.vsim.hive.provider.ProcessServiceProvider} launchingApp=ProcessRecord{2a7d6e1 26408:com.huawei.skytone:service/1001} caller pid= 6733
04-06 14:20:33.588  1541  8607 D HwConnectivityServiceEx: set 1000 wlan0 value false
04-06 14:20:37.593  1541  8607 D HwConnectivityServiceEx: set 1000 wlan0 value false
04-06 14:20:38.267  1541  1792 I AppEyeFwkBlock: do monitor
04-06 14:20:39.620  1541  2017 I HwBatteryService: power_ui state= 1 mQuickChargeStatus=1
04-06 14:20:39.620  1541  2017 I HwBatteryService: handleWirelessTxStatus
04-06 14:20:39.620  1541  2017 I HwBatteryService: switch not open, return, mWirelessTxFlag : 0
04-06 14:20:39.620  1541  2017 W HwBatteryService: need return. Invalid value: -1
04-06 14:20:39.620  1541  2017 D HwBatteryService: setHwChargeTimeRemaining, time = -1 String time: -1
04-06 14:20:41.600  1541  8607 D HwConnectivityServiceEx: set 1000 wlan0 value false
04-06 14:20:44.267  1541  1792 I AppEyeFwkBlock: do monitor
04-06 14:20:45.599  1541  8607 D HwConnectivityServiceEx: set 1000 wlan0 value false
04-06 14:20:48.757  1541  5120 D HwConnectivityServiceEx: set 10140 wlan0 value false
04-06 14:20:49.605  1541  8607 D HwConnectivityServiceEx: set 1000 wlan0 value false
04-06 14:20:50.268  1541  1792 I AppEyeFwkBlock: do monitor
04-06 14:20:53.221  1041  1115 I storaged: storaged_t::event: storage_info refreshed.
04-06 14:20:53.609  1541  8607 D HwConnectivityServiceEx: set 1000 wlan0 value false
04-06 14:20:56.268  1541  1792 I AppEyeFwkBlock: do monitor
04-06 14:20:56.746  2433  3031 I NetworkQoeChr: onQoeStatusEnd
04-06 14:20:56.750  2433  3031 E BoosterUtil: convertSubIdToSlotId failed, subId:0, slotId:-1
04-06 14:20:56.751  2433  3031 E BoosterUtil: getDefaultDataSlotId failed, invalid slotId:-1, subId:0
04-06 14:20:56.833  2485  2485 W ContextImpl: Calling a method in the system process without a qualified user: android.app.ContextImpl.sendBroadcast:1183 com.huawei.android.chr.ChrCore.report:5545 com.huawei.android.chr.ChrCore.report:431 com.huawei.android.chr.dataservice.ChrDataService.saveToChrModel:923 com.huawei.android.chr.dataservice.PsQoeManager.saveQoeEvent:96 
04-06 14:20:56.835  2485  2485 W ContextImpl: Calling a method in the system process without a qualified user: android.app.ContextImpl.sendBroadcast:1183 com.huawei.android.chr.ProtocolLogManager.setChrInfo2DbEx:968 com.huawei.android.chr.ProtocolLogManager.setChrInfo2Db:913 com.huawei.android.chr.dataservice.PsQoeManager.saveQoeEvent:109 com.huawei.android.chr.dataservice.ChrDataService.handleMessage:11665 
04-06 14:20:56.850  1541  1541 I JobScheduler: Ready to Be Executed: 2c66443 #u0a535/206 com.mobilesecurity.lite/com.qihoo.libcoredaemon.jobscheduler.JobKeepAliveService pending=false active=true
04-06 14:20:56.852  1541  1541 I JobScheduler: isComponentUsable: 2b4c426 #1001/10 com.huawei.hwvoipservice/.statistical.EventHandler$UploadStaticsJob component not present
04-06 14:20:56.852  1541  1541 I JobScheduler: isComponentUsable: 2b4c426 #1001/10 com.huawei.hwvoipservice/.statistical.EventHandler$UploadStaticsJob component not present
04-06 14:20:56.853  1541  5120 V BroadcastQueue: Finished with ordered broadcast BroadcastRecord{2fcbaf3 u0 com.android.huawei.broadcast.HwRepairHelper}
04-06 14:20:57.612  1541  8607 D HwConnectivityServiceEx: set 1000 wlan0 value false
04-06 14:20:59.335  1541  7031 I HwNormalizedAutomaticBrightnessController: ThermalMode set auto MaxBrightness=255,mappingBrightness=255
04-06 14:20:59.336  1541  1917 I DisplayPowerController: mPowerState.mScreenChangedReason: 65537 mPendingRequestLocked.mScreenChangeReason 65537
04-06 14:20:59.336  1541  1917 I DisplayPowerController: Want screen on.
04-06 14:20:59.336  1541  1917 I DisplayPowerController: Animating brightness: target=45, rate=60,brightnessTargetReal=45,AutoBrightness=true
04-06 14:20:59.337  2433  5035 I OllieAwareProxy: reportThermalData, level = 0
04-06 14:21:01.625  1541  8607 D HwConnectivityServiceEx: set 1000 wlan0 value false
04-06 14:21:02.268  1541  1792 I AppEyeFwkBlock: do monitor
04-06 14:21:05.623  1541  8607 D HwConnectivityServiceEx: set 1000 wlan0 value false
04-06 14:21:08.268  1541  1792 I AppEyeFwkBlock: do monitor
04-06 14:21:09.625  1541  8607 D HwConnectivityServiceEx: set 1000 wlan0 value false
04-06 14:21:09.879  1541  7031 D HwConnectivityServiceEx: set 10535 wlan0 value false
04-06 14:21:10.343  1541  2017 I HwBatteryService: power_ui state= 1 mQuickChargeStatus=1
04-06 14:21:10.343  1541  2017 I HwBatteryService: handleWirelessTxStatus
04-06 14:21:10.343  1541  2017 I HwBatteryService: switch not open, return, mWirelessTxFlag : 0
04-06 14:21:10.343  1541  2017 W HwBatteryService: need return. Invalid value: -1
04-06 14:21:10.343  1541  2017 D HwBatteryService: setHwChargeTimeRemaining, time = -1 String time: -1
04-06 14:21:10.384  1541  7031 D HwConnectivityServiceEx: set 10056 wlan0 value false
04-06 14:21:10.392  1541  5120 D HwGameAssistantController: isGameForeground? false
04-06 14:21:10.451  1541  5120 D HwConnectivityServiceEx: set 1000 NULL value false
04-06 14:21:13.627  1541  8607 D HwConnectivityServiceEx: set 1000 wlan0 value false
04-06 14:21:14.268  1541  1792 I AppEyeFwkBlock: do monitor
04-06 14:21:17.069  1541  7031 D HwConnectivityServiceEx: set 10124 wlan0 value false
04-06 14:21:17.633  1541  8607 D HwConnectivityServiceEx: set 1000 wlan0 value false
04-06 14:21:20.269  1541  1792 I AppEyeFwkBlock: do monitor
04-06 14:21:21.637  1541  8607 D HwConnectivityServiceEx: set 1000 wlan0 value false
04-06 14:21:25.641  1541  8607 D HwConnectivityServiceEx: set 1000 wlan0 value false
04-06 14:21:26.269  1541  1792 I AppEyeFwkBlock: do monitor
04-06 14:21:28.393  1541  7031 D HwConnectivityServiceEx: set 1000 wlan0 value false
04-06 14:21:32.269  1541  1792 I AppEyeFwkBlock: do monitor
04-06 14:21:33.648  1541  8607 D HwConnectivityServiceEx: set 1000 wlan0 value false
04-06 14:21:37.653  1541  8607 D HwConnectivityServiceEx: set 1000 wlan0 value false
04-06 14:21:38.269  1541  1792 I AppEyeFwkBlock: do monitor
04-06 14:21:41.063  1541  2017 I HwBatteryService: power_ui state= 1 mQuickChargeStatus=1
04-06 14:21:41.063  1541  2017 I HwBatteryService: handleWirelessTxStatus
04-06 14:21:41.063  1541  2017 I HwBatteryService: switch not open, return, mWirelessTxFlag : 0
04-06 14:21:41.064  1541  2017 W HwBatteryService: need return. Invalid value: -1
04-06 14:21:41.064  1541  2017 D HwBatteryService: setHwChargeTimeRemaining, time = -1 String time: -1
04-06 14:21:41.436  1541  7031 D HwConnectivityServiceEx: set 10535 NULL value false
04-06 14:21:41.437  1541  7031 D HwConnectivityServiceEx: set 10535 wlan0 value false
04-06 14:21:41.659  1541  8607 D HwConnectivityServiceEx: set 1000 wlan0 value false
04-06 14:21:42.564  1541  2038 I ActivityManager: sendIntentSender target:PendingIntentRecord{2be7bad android broadcastIntent}, intent:flg=0x4 hwFlg=0x810
04-06 14:21:42.569  1541  7031 V BroadcastQueue: Finished with ordered broadcast BroadcastRecord{2993471 u0 com.huawei.push.alarm.HEARTBEAT}
04-06 14:21:42.608  1541  5120 I AlarmManager: remove alarm:Alarm{3173705 type 0 when 1617690112571 PendingIntent{2d18d55: PendingIntentRecord{29d3a15 android broadcastIntent}}android procName com.huawei.android.pushagent.PushService} according to operation:2e654cd
04-06 14:21:42.624  1541  2728 I AlarmManager: remove alarm:Alarm{2c2ac75 type 1 when 1617691002570 PendingIntent{2e395cd: PendingIntentRecord{2be7b89 android broadcastIntent}}android procName com.huawei.android.pushagent.PushService} according to operation:2f7f831
04-06 14:21:42.631  1541  2038 I ActivityManager: sendIntentSender target:PendingIntentRecord{2c4fba1 com.huawei.nearby broadcastIntent}, intent:flg=0x4 hwFlg=0x810
04-06 14:21:42.635  1541  2728 V BroadcastQueue: Finished with ordered broadcast BroadcastRecord{29935c3 u0 DeviceMonitorPowerKit.AdvertiseAlarmReceiver}
04-06 14:21:44.270  1541  1792 I AppEyeFwkBlock: do monitor
04-06 14:21:45.660  1541  8607 D HwConnectivityServiceEx: set 1000 wlan0 value false
04-06 14:21:49.673  1541  8607 D HwConnectivityServiceEx: set 1000 wlan0 value false
04-06 14:21:50.270  1541  1792 I AppEyeFwkBlock: do monitor
04-06 14:21:53.222  1041  1115 I storaged: storaged_t::event: storage_info refreshed.
04-06 14:21:53.670  1541  8607 D HwConnectivityServiceEx: set 1000 wlan0 value false
04-06 14:21:56.270  1541  1792 I AppEyeFwkBlock: do monitor
04-06 14:21:57.672  1541  8607 D HwConnectivityServiceEx: set 1000 wlan0 value false
04-06 14:22:00.761  1541  1541 D HwConnectivityServiceEx: set 10079 wlan0 value true
04-06 14:22:00.761  1541  1541 I ConnectivityService: B uid 10079
04-06 14:22:00.762  1541  1541 I JobScheduler: Ready to Be Executed: 2c66443 #u0a535/206 com.mobilesecurity.lite/com.qihoo.libcoredaemon.jobscheduler.JobKeepAliveService pending=false active=true
04-06 14:22:00.763  1541  1541 I JobScheduler: isComponentUsable: 2b4c426 #1001/10 com.huawei.hwvoipservice/.statistical.EventHandler$UploadStaticsJob component not present
04-06 14:22:00.763  1541  1541 I JobScheduler: isComponentUsable: 2b4c426 #1001/10 com.huawei.hwvoipservice/.statistical.EventHandler$UploadStaticsJob component not present
04-06 14:22:01.684  1541  8607 D HwConnectivityServiceEx: set 1000 wlan0 value false
04-06 14:22:02.271  1541  1792 I AppEyeFwkBlock: do monitor
04-06 14:22:05.681  1541  8607 D HwConnectivityServiceEx: set 1000 wlan0 value false
04-06 14:22:08.271  1541  1792 I AppEyeFwkBlock: do monitor
04-06 14:22:09.683  1541  8607 D HwConnectivityServiceEx: set 1000 wlan0 value false
04-06 14:22:09.806  1541  2038 I ActivityManager: sendIntentSender target:PendingIntentRecord{2fc4a09 android broadcastIntent}, intent:flg=0x4 hwFlg=0x810
