04-06 14:17:08.116  1541 29519 I TaskSnapshot: taskId:449 Callers=com.android.server.wm.TaskSnapshotCache.removeRunningEntry:6531684 com.android.server.wm.TaskSnapshotCache.onAppRemoved:7445292 com.android.server.wm.AppWindowToken.onRemovedFromDisplay:7474240 com.android.server.wm.DisplayContent.removeAppToken:7412292 com.android.server.wm.ActivityRecord.removeWindowContainer:7413368 com.android.server.wm.ActivityStack.removeActivityFromHistoryLocked:7414120 com.android.server.wm.ActivityStack.removeHistoryRecordsForAppLocked:4682260 com.android.server.wm.ActivityStack.handleAppDiedLocked:4683440 
04-06 14:17:08.116  1541 29519 V WindowManager: removeAppToken: AppWindowToken{2ea4c79 token=Token{2bfd64f ActivityRecord{2ea4cb1 u0 com.clash.of.kings.inner/.EmpireActivity t449}}} delayed=false Callers=com.android.server.wm.DisplayContent.removeAppToken:7412292 com.android.server.wm.ActivityRecord.removeWindowContainer:7413368 com.android.server.wm.ActivityStack.removeActivityFromHistoryLocked:7414120 com.android.server.wm.ActivityStack.removeHistoryRecordsForAppLocked:4682260 com.android.server.wm.ActivityStack.handleAppDiedLocked:4683440 com.android.server.wm.RootActivityContainer.handleAppDied:4685584 com.android.server.wm.ActivityTaskManagerService$LocalService.handleAppDied:4687268 com.android.server.am.ActivityManagerService.handleAppDiedLocked:4673448 com.android.server.am.ProcessList.removeProcessLocked:660924 
04-06 14:17:08.116  1541 29519 I WindowManager: removeIfPossible: Window{2ef5051 u0 com.clash.of.kings.inner/com.clash.of.kings.inner.EmpireActivity} callers=com.android.server.wm.WindowState.removeIfPossible:775268 com.android.server.wm.WindowToken.removeAllWindowsIfPossible:7475900 com.android.server.wm.AppWindowToken.removeIfPossible:7444836 com.android.server.wm.AppWindowToken.onRemovedFromDisplay:7475112 com.android.server.wm.DisplayContent.removeAppToken:7412292 
04-06 14:17:08.117  1541 29519 I WindowManager: postWindowRemoveCleanupLocked: Window{2ef5051 u0 com.clash.of.kings.inner/com.clash.of.kings.inner.EmpireActivity}
04-06 14:17:08.117  1541 29519 I WindowManager: Removing Window{2ef5051 u0 com.clash.of.kings.inner/com.clash.of.kings.inner.EmpireActivity} from AppWindowToken{2ea4c79 token=Token{2bfd64f ActivityRecord{2ea4cb1 u0 com.clash.of.kings.inner/.EmpireActivity t449}}}
04-06 14:17:08.119  1541 29519 I WindowManager: performshow Window{27ea571 u0 com.mobilesecurity.lite} tok.waitingToShow=false isTransitionSet=false parentHidden=false vis=0 tok.hidden=false hasSurface=true policyVis=false destroying=false animating=false
04-06 14:17:08.122  1541 29519 I WindowManager: performshow Window{27ea571 u0 com.mobilesecurity.lite} tok.waitingToShow=false isTransitionSet=false parentHidden=false vis=0 tok.hidden=false hasSurface=true policyVis=false destroying=false animating=false
04-06 14:17:08.123  1541 29519 V ActivityTaskManager: removeChild: detaching stackId=448 from displayId=0
04-06 14:17:08.125  1541  1788 I WindowManager: performshow Window{27ea571 u0 com.mobilesecurity.lite} tok.waitingToShow=false isTransitionSet=false parentHidden=false vis=0 tok.hidden=false hasSurface=true policyVis=false destroying=false animating=false
04-06 14:17:08.127  1541  1788 I WindowManager: performshow Window{27ea571 u0 com.mobilesecurity.lite} tok.waitingToShow=false isTransitionSet=false parentHidden=false vis=0 tok.hidden=false hasSurface=true policyVis=false destroying=false animating=false
04-06 14:17:08.132  1541 29519 I ActivityTaskManager: removeTask taskId=449 callerUid=1000 callerPid=1541
04-06 14:17:08.134  1541 29519 I TaskSnapshot: taskId:449 Callers=com.android.server.wm.TaskSnapshotCache.removeRunningEntry:6531684 com.android.server.wm.TaskSnapshotCache.onTaskRemoved:6495580 com.android.server.wm.TaskSnapshotController.notifyTaskRemovedFromRecents:6495736 com.android.server.wm.WindowManagerService.notifyTaskRemovedFromRecents:6496008 com.android.server.wm.TaskRecord.removedFromRecents:6497540 com.android.server.wm.ActivityStackSupervisor.onRecentTaskRemoved:6497056 com.android.server.wm.RecentTasks.notifyTaskRemoved:6497328 com.android.server.wm.RecentTasks.remove:7085500 
04-06 14:17:08.139  1541  1785 V ActivityTaskManager: Activity idle: null
04-06 14:17:08.139  1541  1541 I AlarmManager: UninstallReceiver onReceive action:android.intent.action.PACKAGE_RESTARTED
04-06 14:17:08.142  2433  2433 I HwCoreAppHelperService: LocalReceiver receives:android.intent.action.PACKAGE_RESTARTED,pkg:com.clash.of.kings.inner,uid:10629
04-06 14:17:08.145  1541  2098 I ActivityManager: Killing 22650:com.huawei.android.AutoRegSms/1001 (adj 975): empty #33
04-06 14:17:08.159  1541 29519 I ActivityManager: Force stopping com.huawei.gameassistant appid=10122 user=0: from pid 1541 iAwareF[SystemManager] -1ms
04-06 14:17:08.159  1541 29519 I ActivityManager: Killing 28877:com.huawei.gameassistant/u0a122 (adj 905): stop com.huawei.gameassistantfrom pid 1541 iAwareF[SystemManager] -1ms
04-06 14:17:08.160  1541  1917 I DisplayPowerController: mPowerState.mScreenChangedReason: 65537 mPendingRequestLocked.mScreenChangeReason 65537
04-06 14:17:08.160  1541  1917 I DisplayPowerController: Want screen on.
04-06 14:17:08.160  1541 29519 D ActivityManager: cleanUpApplicationRecord app: 28877:com.huawei.gameassistant/u0a122, bad: false, restarting: false, allowRestart: true
04-06 14:17:08.161  1541  1917 I DisplayPowerController: Animating brightness: target=45, rate=60,brightnessTargetReal=45,AutoBrightness=true
04-06 14:17:08.161  1541  2123 W HwAudioServiceEx: SoundEffectState bundle get reserved is invalid
04-06 14:17:08.161  1541  2123 I HwAudioServiceEx: sendAppKilledIntentForKit, isKitPackageOnPause = false, isKitPackageKill = false, isKitPackageOnResume = false
04-06 14:17:08.161  1541  1806 I HwPowerManagerService: appdie release wakelock, pid = 28877, uid = 10122
04-06 14:17:08.169  1541  1785 V ActivityTaskManager: Activity idle: null
04-06 14:17:08.171  1541  1541 I AlarmManager: UninstallReceiver onReceive action:android.intent.action.PACKAGE_RESTARTED
04-06 14:17:08.174  2433  2433 I HwCoreAppHelperService: LocalReceiver receives:android.intent.action.PACKAGE_RESTARTED,pkg:com.huawei.gameassistant,uid:10122
04-06 14:17:08.175  1541 29519 I ActivityManager: Force stopping com.mobilesecurity.lite appid=10535 user=0: from pid 1541 iAwareF[SystemManager] 320309ms
04-06 14:17:08.175  1541 29519 I ActivityManager: Killing 28237:com.mobilesecurity.lite:assist1/u0a535 (adj 0): stop com.mobilesecurity.litefrom pid 1541 iAwareF[SystemManager] 320309ms
04-06 14:17:08.176  1541 29519 D ActivityManager: cleanUpApplicationRecord app: 28237:com.mobilesecurity.lite:assist1/u0a535, bad: false, restarting: false, allowRestart: true
04-06 14:17:08.176  1541 29519 W ActivityManager: Scheduling restart of crashed service com.mobilesecurity.lite/com.qihoo.libcoredaemon.Assist1ProcessService in 1000ms
04-06 14:17:08.176  1541  2123 W HwAudioServiceEx: SoundEffectState bundle get reserved is invalid
04-06 14:17:08.176  1541 29519 W ActivityManager: Crash of app com.mobilesecurity.lite:assist1 running instrumentation ComponentInfo{com.mobilesecurity.lite/com.qihoo.libcoredaemon.ExportInstrumentation}
04-06 14:17:08.177  1541 29519 I ActivityManager: Force stopping com.mobilesecurity.lite appid=10535 user=0: finished inst
04-06 14:17:08.177  1541 29519 I ActivityManager: Killing 28086:com.mobilesecurity.lite/u0a535 (adj 0): stop com.mobilesecurity.litefinished inst
04-06 14:17:08.177  1541  1806 I HwPowerManagerService: appdie release wakelock, pid = 28237, uid = 10535
04-06 14:17:08.177  1541 29519 D ActivityManager: cleanUpApplicationRecord app: 28086:com.mobilesecurity.lite/u0a535, bad: false, restarting: false, allowRestart: true
04-06 14:17:08.178  1541 29519 W ActivityManager: Scheduling restart of crashed service com.mobilesecurity.lite/com.qihoo360.replugin.component.service.server.PluginPitServiceUI in 10998ms
04-06 14:17:08.178  1541  1806 I HwPowerManagerService: appdie release wakelock, pid = 28086, uid = 10535
04-06 14:17:08.178  1541 29519 W ActivityManager: Scheduling restart of crashed service com.mobilesecurity.lite/com.qihoo.libcoredaemon.jobscheduler.JobKeepAliveService in 20997ms
04-06 14:17:08.180  1541 29519 W ActivityManager: Crash of app com.mobilesecurity.lite running instrumentation ComponentInfo{com.mobilesecurity.lite/com.qihoo.libcoredaemon.ExportInstrumentation}
04-06 14:17:08.180  1541 29519 I ActivityManager: Force stopping com.mobilesecurity.lite appid=10535 user=0: finished inst
04-06 14:17:08.180  1541  2123 I HwAudioServiceEx: sendAppKilledIntentForKit, isKitPackageOnPause = false, isKitPackageKill = false, isKitPackageOnResume = false
04-06 14:17:08.180  1541 29519 I ActivityManager: Killing 28356:com.mobilesecurity.lite:qos/u0a535 (adj 915): stop com.mobilesecurity.litefinished inst
04-06 14:17:08.180  1541  2123 W HwAudioServiceEx: SoundEffectState bundle get reserved is invalid
04-06 14:17:08.180  1541  2123 I HwAudioServiceEx: sendAppKilledIntentForKit, isKitPackageOnPause = false, isKitPackageKill = false, isKitPackageOnResume = false
04-06 14:17:08.181  1541 29519 D ActivityManager: cleanUpApplicationRecord app: 28356:com.mobilesecurity.lite:qos/u0a535, bad: false, restarting: false, allowRestart: true
04-06 14:17:08.181  1541  1806 I HwPowerManagerService: appdie release wakelock, pid = 28356, uid = 10535
04-06 14:17:08.181  1541 29519 I ActivityManager: Killing 28106:com.mobilesecurity.lite:GuardService/u0a535 (adj 200): stop com.mobilesecurity.litefinished inst
04-06 14:17:08.182  1541  2123 W HwAudioServiceEx: SoundEffectState bundle get reserved is invalid
04-06 14:17:08.183  1541 29519 D ActivityManager: cleanUpApplicationRecord app: 28106:com.mobilesecurity.lite:GuardService/u0a535, bad: false, restarting: false, allowRestart: true
04-06 14:17:08.183  1541  1806 I HwPowerManagerService: appdie release wakelock, pid = 28106, uid = 10535
04-06 14:17:08.184  1541  2123 I HwAudioServiceEx: sendAppKilledIntentForKit, isKitPackageOnPause = false, isKitPackageKill = false, isKitPackageOnResume = false
04-06 14:17:08.184  1541  2123 W HwAudioServiceEx: SoundEffectState bundle get reserved is invalid
04-06 14:17:08.184  1541  2123 I HwAudioServiceEx: sendAppKilledIntentForKit, isKitPackageOnPause = false, isKitPackageKill = false, isKitPackageOnResume = false
04-06 14:17:08.185  1541 29519 W ActivityManager: Scheduling restart of crashed service com.mobilesecurity.lite/com.qihoo360.mobilesafe.service.GuardCoreService in 30991ms
04-06 14:17:08.185  1541  1541 I NotificationService: cancelNotificationLocked called,tell the app,reason = 8,sbn key = 0|com.mobilesecurity.lite|1|null|10535
04-06 14:17:08.197  1541 29519 I ActivityManager: Killing 28133:com.mobilesecurity.lite:message/u0a535 (adj 500): stop com.mobilesecurity.litefinished inst
04-06 14:17:08.198  1541 29519 D ActivityManager: cleanUpApplicationRecord app: 28133:com.mobilesecurity.lite:message/u0a535, bad: false, restarting: false, allowRestart: true
04-06 14:17:08.198  1541  2123 W HwAudioServiceEx: SoundEffectState bundle get reserved is invalid
04-06 14:17:08.198  1541  1806 I HwPowerManagerService: appdie release wakelock, pid = 28133, uid = 10535
04-06 14:17:08.198  1541 29519 W ActivityManager: Scheduling restart of crashed service com.mobilesecurity.lite/com.daemon.sdk.daemon.component.Service1 in 40978ms
04-06 14:17:08.198  1541  2123 I HwAudioServiceEx: sendAppKilledIntentForKit, isKitPackageOnPause = false, isKitPackageKill = false, isKitPackageOnResume = false
04-06 14:17:08.199  1541 29519 I ActivityManager: Killing 28533:com.mobilesecurity.lite:FloatWindow/u0a535 (adj 0): stop com.mobilesecurity.litefinished inst
04-06 14:17:08.199  1541  2123 W HwAudioServiceEx: SoundEffectState bundle get reserved is invalid
04-06 14:17:08.199  1541 29519 D ActivityManager: cleanUpApplicationRecord app: 28533:com.mobilesecurity.lite:FloatWindow/u0a535, bad: false, restarting: false, allowRestart: true
04-06 14:17:08.199  1541  1806 I HwPowerManagerService: appdie release wakelock, pid = 28533, uid = 10535
04-06 14:17:08.200  1541  2123 I HwAudioServiceEx: sendAppKilledIntentForKit, isKitPackageOnPause = false, isKitPackageKill = false, isKitPackageOnResume = false
04-06 14:17:08.200  1541 29519 I ActivityManager: Killing 28223:com.mobilesecurity.lite:assist/u0a535 (adj 0): stop com.mobilesecurity.litefinished inst
04-06 14:17:08.200  1541 29519 D ActivityManager: cleanUpApplicationRecord app: 28223:com.mobilesecurity.lite:assist/u0a535, bad: false, restarting: false, allowRestart: true
04-06 14:17:08.200  1541  2123 W HwAudioServiceEx: SoundEffectState bundle get reserved is invalid
04-06 14:17:08.200  1541  1806 I HwPowerManagerService: appdie release wakelock, pid = 28223, uid = 10535
04-06 14:17:08.200  1541 29519 W ActivityManager: Scheduling restart of crashed service com.mobilesecurity.lite/com.qihoo.libcoredaemon.AssistProcessService in 50975ms
04-06 14:17:08.200  1541  2123 I HwAudioServiceEx: sendAppKilledIntentForKit, isKitPackageOnPause = false, isKitPackageKill = false, isKitPackageOnResume = false
04-06 14:17:08.201  1541 29519 W ActivityManager: Crash of app com.mobilesecurity.lite:assist running instrumentation ComponentInfo{com.mobilesecurity.lite/com.qihoo.libcoredaemon.ExportInstrumentation}
04-06 14:17:08.201  1541 29519 I ActivityManager: Force stopping com.mobilesecurity.lite appid=10535 user=0: finished inst
04-06 14:17:08.201  1541 29519 I ActivityManager: Killing 28184:com.mobilesecurity.lite:daemon/u0a535 (adj 0): stop com.mobilesecurity.litefinished inst
04-06 14:17:08.202  1541  2123 W HwAudioServiceEx: SoundEffectState bundle get reserved is invalid
04-06 14:17:08.202  1541 29519 D ActivityManager: cleanUpApplicationRecord app: 28184:com.mobilesecurity.lite:daemon/u0a535, bad: false, restarting: false, allowRestart: true
04-06 14:17:08.202  1541  1806 I HwPowerManagerService: appdie release wakelock, pid = 28184, uid = 10535
04-06 14:17:08.202  1541  2123 I HwAudioServiceEx: sendAppKilledIntentForKit, isKitPackageOnPause = false, isKitPackageKill = false, isKitPackageOnResume = false
04-06 14:17:08.202  1541 29519 W ActivityManager: Scheduling restart of crashed service com.mobilesecurity.lite/com.qihoo.libcoredaemon.DaemonProcessService in 50974ms
04-06 14:17:08.203  1541 29519 W ActivityManager: Crash of app com.mobilesecurity.lite:daemon running instrumentation ComponentInfo{com.mobilesecurity.lite/com.qihoo.libcoredaemon.ExportInstrumentation}
04-06 14:17:08.203  1541 29519 I ActivityManager: Force stopping com.mobilesecurity.lite appid=10535 user=0: finished inst
04-06 14:17:08.204  1541 29519 I ActivityManager:   Force stopping service ServiceRecord{2bdb129 u0 com.mobilesecurity.lite/com.qihoo.libcoredaemon.ExportService}
04-06 14:17:08.204  1541 29519 I ActivityManager:   Force stopping service ServiceRecord{2bdb089 u0 com.mobilesecurity.lite/com.daemon.sdk.daemon.component.Service1}
04-06 14:17:08.204  1541 29519 I ActivityManager:   Force stopping service ServiceRecord{2920b69 u0 com.mobilesecurity.lite/com.qihoo.libcoredaemon.jobscheduler.JobKeepAliveService}
04-06 14:17:08.204  1541 29519 I ActivityManager:   Force stopping service ServiceRecord{2bea329 u0 com.mobilesecurity.lite/com.qihoo360.replugin.component.service.server.PluginPitServiceUI}
04-06 14:17:08.204  1541 29519 I ActivityManager:   Force stopping service ServiceRecord{2bdb069 u0 com.mobilesecurity.lite/com.qihoo360.mobilesafe.service.GuardCoreService}
04-06 14:17:08.207  1541 29519 W ActivityManager: Ignoring remove of inactive process: ProcessRecord{2d3ca51 0:com.mobilesecurity.lite:daemon/u0a535}
04-06 14:17:08.209  1541 29519 W ActivityManager: Ignoring remove of inactive process: ProcessRecord{27ea5b9 0:com.mobilesecurity.lite:qos/u0a535}
04-06 14:17:08.209  1541 29519 W ActivityManager: Ignoring remove of inactive process: ProcessRecord{2ccbb29 0:com.mobilesecurity.lite:GuardService/u0a535}
04-06 14:17:08.209  1541 29519 W ActivityManager: Ignoring remove of inactive process: ProcessRecord{2d3ca09 0:com.mobilesecurity.lite:message/u0a535}
04-06 14:17:08.209  1541 29519 W ActivityManager: Ignoring remove of inactive process: ProcessRecord{27ea409 0:com.mobilesecurity.lite:FloatWindow/u0a535}
04-06 14:17:08.209  1541 29519 W ActivityManager: Ignoring remove of inactive process: ProcessRecord{2c764e1 0:com.mobilesecurity.lite:assist/u0a535}
04-06 14:17:08.209  1541 29519 W ActivityManager: Ignoring remove of inactive process: ProcessRecord{2d3ca51 0:com.mobilesecurity.lite:daemon/u0a535}
04-06 14:17:08.211  1541 29519 W ActivityManager: Ignoring remove of inactive process: ProcessRecord{2e1d6e1 0:com.mobilesecurity.lite/u0a535}
04-06 14:17:08.211  1541 29519 W ActivityManager: Ignoring remove of inactive process: ProcessRecord{27ea5b9 0:com.mobilesecurity.lite:qos/u0a535}
04-06 14:17:08.211  1541 29519 W ActivityManager: Ignoring remove of inactive process: ProcessRecord{2ccbb29 0:com.mobilesecurity.lite:GuardService/u0a535}
04-06 14:17:08.211  1541 29519 W ActivityManager: Ignoring remove of inactive process: ProcessRecord{2d3ca09 0:com.mobilesecurity.lite:message/u0a535}
04-06 14:17:08.211  1541 29519 W ActivityManager: Ignoring remove of inactive process: ProcessRecord{27ea409 0:com.mobilesecurity.lite:FloatWindow/u0a535}
04-06 14:17:08.211  1541 29519 W ActivityManager: Ignoring remove of inactive process: ProcessRecord{2c764e1 0:com.mobilesecurity.lite:assist/u0a535}
04-06 14:17:08.211  1541 29519 W ActivityManager: Ignoring remove of inactive process: ProcessRecord{2d3ca51 0:com.mobilesecurity.lite:daemon/u0a535}
04-06 14:17:08.211  1541  1785 V ActivityTaskManager: Activity idle: null
04-06 14:17:08.212  1541  1785 I chatty  : uid=1000(system) android.display identical 2 lines
04-06 14:17:08.213  1541  1785 V ActivityTaskManager: Activity idle: null
04-06 14:17:08.220  1541  1541 I JobScheduler: Completed JobStatus{2d17165 #u0a535/206 com.mobilesecurity.lite/com.qihoo.libcoredaemon.jobscheduler.JobKeepAliveService u=0 s=10535 TIME=-49s52ms:-49s52ms NET PERSISTED READY}, reschedule=true
04-06 14:17:08.221  1541  2123 W HwAudioServiceEx: SoundEffectState bundle get reserved is invalid
04-06 14:17:08.221  1541  1541 D HwConnectivityServiceEx: set 10535 wlan0 value false
04-06 14:17:08.221  1541  2382 D ActivityManager: cleanUpApplicationRecord app: 22650:com.huawei.android.AutoRegSms/1001, bad: false, restarting: false, allowRestart: true
04-06 14:17:08.221  1541  1541 I JobScheduler.Time: Add job to TimeTracking: 2b4c49a #u0a535/206 com.mobilesecurity.lite/com.qihoo.libcoredaemon.jobscheduler.JobKeepAliveService, delayTime:3645655716, deadlineTime:9223372036854775807
04-06 14:17:08.221  1541  1806 I HwPowerManagerService: appdie release wakelock, pid = 22650, uid = 1001
04-06 14:17:08.221  1541  2123 I HwAudioServiceEx: sendAppKilledIntentForKit, isKitPackageOnPause = false, isKitPackageKill = false, isKitPackageOnResume = false
04-06 14:17:08.231  1541  2865 I ActivityManager: Force stopping com.mobilesecurity.lite appid=10535 user=0: start instr
04-06 14:17:08.247  2433  2433 I HwCoreAppHelperService: LocalReceiver receives:android.intent.action.PACKAGE_RESTARTED,pkg:com.mobilesecurity.lite,uid:10535
04-06 14:17:08.249  1541  2865 I ActivityManager: App 10535/com.mobilesecurity.lite targets O+, restricted
04-06 14:17:08.249  1541  2865 W ActivityManager: Background start not allowed: service Intent { cmp=com.mobilesecurity.lite/com.qihoo.libcoredaemon.ExportService (has extras) } to com.mobilesecurity.lite/com.qihoo.libcoredaemon.ExportService from pid=0 uid=10535 pkg=com.mobilesecurity.lite startFg?=false
04-06 14:17:08.251  1541  1836 I ActivityManager: App 10535/com.mobilesecurity.lite targets O+, restricted
04-06 14:17:08.251  1541  1541 I JobScheduler: isComponentUsable: 2b4c426 #1001/10 com.huawei.hwvoipservice/.statistical.EventHandler$UploadStaticsJob component not present
04-06 14:17:08.251  1541  1541 I JobScheduler: isComponentUsable: 2b4c426 #1001/10 com.huawei.hwvoipservice/.statistical.EventHandler$UploadStaticsJob component not present
04-06 14:17:08.251  1541  1836 V ActivityManager: startProcess: name=com.mobilesecurity.lite app=ProcessRecord{287eb71 0:com.mobilesecurity.lite/u0a535} knownToBeDead=true thread=null pid=0 preloadStatus=0
04-06 14:17:08.252  1541  1541 I AlarmManager: UninstallReceiver onReceive action:android.intent.action.PACKAGE_RESTARTED
04-06 14:17:08.252  1541  1541 I JobScheduler: CANCEL: 2d170d4 #u0a535/1 com.mobilesecurity.lite/com.daemon.sdk.core.service.KLJobService, reason:app force stopped
04-06 14:17:08.252  1541  2865 I ActivityManager: Force stopping com.mobilesecurity.lite appid=10535 user=0: start instr
04-06 14:17:08.252  1541  2865 I ActivityManager: Killing 0:com.mobilesecurity.lite/u0a535 (adj -10000): stop com.mobilesecurity.litestart instr
04-06 14:17:08.252  1541  2123 W HwAudioServiceEx: SoundEffectState bundle get reserved is invalid
04-06 14:17:08.252  1541  2865 D ActivityManager: cleanUpApplicationRecord app: 0:com.mobilesecurity.lite/u0a535, bad: false, restarting: false, allowRestart: true
04-06 14:17:08.252  1541  2123 I HwAudioServiceEx: sendAppKilledIntentForKit, isKitPackageOnPause = false, isKitPackageKill = false, isKitPackageOnResume = false
04-06 14:17:08.252  1541  1806 I HwPowerManagerService: appdie release wakelock, pid = 0, uid = 10535
04-06 14:17:08.252  1541  2865 W ActivityManager: Crash of app com.mobilesecurity.lite running instrumentation ComponentInfo{com.mobilesecurity.lite/com.qihoo.libcoredaemon.ExportInstrumentation}
04-06 14:17:08.253  1541  2865 I ActivityManager: Force stopping com.mobilesecurity.lite appid=10535 user=0: finished inst
04-06 14:17:08.253  1541  2865 I ActivityManager:   Force stopping service ServiceRecord{2e83dc9 u0 com.mobilesecurity.lite/com.qihoo.libcoredaemon.ExportService}
04-06 14:17:08.255  1541  2068 I WindowManager: WINDOW DIED Window{27ea571 u0 com.mobilesecurity.lite}
04-06 14:17:08.255  1541  2068 I WindowManager: cancelAnimation
04-06 14:17:08.255  1541  2068 I WindowManager: removeIfPossible: Window{27ea571 u0 com.mobilesecurity.lite} callers=com.android.server.wm.WindowState.removeIfPossible:775268 com.android.server.wm.InputManagerCallback.notifyInputChannelBroken:14951516 com.android.server.input.InputManagerService.notifyInputChannelBroken:17512360 <bottom of call stack> <bottom of call stack> 
04-06 14:17:08.256  1541  2068 I WindowManager: postWindowRemoveCleanupLocked: Window{27ea571 u0 com.mobilesecurity.lite}
04-06 14:17:08.256  1541  2068 I WindowManager: Removing Window{27ea571 u0 com.mobilesecurity.lite} from WindowToken{2d904fb android.os.BinderProxy@2e115a1}
04-06 14:17:08.267  1541  1785 V ActivityTaskManager: Activity idle: null
04-06 14:17:08.267  1541  1837 W ActivityManager: ProcessRecord{287eb71 0:com.mobilesecurity.lite/u0a535} start not valid, killing pid=29523, killedByAm=true;No entry in mProcessNames;pendingStart=false;
04-06 14:17:08.268  1541  1785 V ActivityTaskManager: Activity idle: null
04-06 14:17:08.268  1541  1785 V ActivityTaskManager: Activity idle: null
04-06 14:17:08.268  1541  1785 W ActivityManager: setHasOverlayUi called on unknown pid: 28845
04-06 14:17:08.268  1541  1785 W ActivityManager: setHasOverlayUi called on unknown pid: 28533
04-06 14:17:08.268  1541  1792 I AppEyeFwkBlock: do monitor
04-06 14:17:08.268  1541  1785 V ActivityTaskManager: Activity idle: null
04-06 14:17:08.269  1541  1836 V BroadcastQueue: Finished with ordered broadcast BroadcastRecord{2fbab0d u0 com.qihoo.broadcast.COREDAEMON_EXPORT_BROADCAST}
04-06 14:17:08.272  1541  2865 I ActivityManager: App 10535/com.mobilesecurity.lite targets O+, restricted
04-06 14:17:08.272  1541  2865 W ActivityManager: Background start not allowed: service Intent { cmp=com.mobilesecurity.lite/com.qihoo.libcoredaemon.ExportService (has extras) } to com.mobilesecurity.lite/com.qihoo.libcoredaemon.ExportService from pid=0 uid=10535 pkg=com.mobilesecurity.lite startFg?=false
04-06 14:17:08.276  1541  2865 I ActivityManager: Force stopping com.mobilesecurity.lite appid=10535 user=0: start instr
04-06 14:17:08.276  1541  2865 I ActivityManager: Killing 0:com.mobilesecurity.lite/u0a535 (adj -10000): stop com.mobilesecurity.litestart instr
04-06 14:17:08.276  1541  2123 W HwAudioServiceEx: SoundEffectState bundle get reserved is invalid
04-06 14:17:08.276  1541  2865 D ActivityManager: cleanUpApplicationRecord app: 0:com.mobilesecurity.lite/u0a535, bad: false, restarting: false, allowRestart: true
04-06 14:17:08.276  1541  2123 I HwAudioServiceEx: sendAppKilledIntentForKit, isKitPackageOnPause = false, isKitPackageKill = false, isKitPackageOnResume = false
04-06 14:17:08.276  1541  2865 W ActivityManager: Crash of app com.mobilesecurity.lite running instrumentation ComponentInfo{com.mobilesecurity.lite/com.qihoo.libcoredaemon.ExportInstrumentation}
04-06 14:17:08.276  1541  1806 I HwPowerManagerService: appdie release wakelock, pid = 0, uid = 10535
04-06 14:17:08.277  1541  2865 I ActivityManager: Force stopping com.mobilesecurity.lite appid=10535 user=0: finished inst
04-06 14:17:08.278  1541  2865 I ActivityManager:   Force stopping service ServiceRecord{2e83c29 u0 com.mobilesecurity.lite/com.qihoo.libcoredaemon.ExportService}
04-06 14:17:08.281  1541  2865 I ActivityManager: App 10535/com.mobilesecurity.lite targets O+, restricted
04-06 14:17:08.281  1541  2865 W ActivityManager: Background start not allowed: service Intent { cmp=com.mobilesecurity.lite/com.qihoo.libcoredaemon.ExportService (has extras) } to com.mobilesecurity.lite/com.qihoo.libcoredaemon.ExportService from pid=0 uid=10535 pkg=com.mobilesecurity.lite startFg?=false
04-06 14:17:08.283  1541  1837 W ActivityManager: ProcessRecord{287ea99 0:com.mobilesecurity.lite/u0a535} start not valid, killing pid=29529, killedByAm=true;No entry in mProcessNames;pendingStart=false;
04-06 14:17:08.283  1541  1836 V BroadcastQueue: Finished with ordered broadcast BroadcastRecord{2fbab75 u0 com.qihoo.broadcast.COREDAEMON_EXPORT_BROADCAST}
04-06 14:17:08.284  1541  2865 I ActivityManager: Force stopping com.mobilesecurity.lite appid=10535 user=0: start instr
04-06 14:17:08.284  1541  2865 I ActivityManager: Killing 0:com.mobilesecurity.lite/u0a535 (adj -10000): stop com.mobilesecurity.litestart instr
04-06 14:17:08.284  1541  2865 D ActivityManager: cleanUpApplicationRecord app: 0:com.mobilesecurity.lite/u0a535, bad: false, restarting: false, allowRestart: true
04-06 14:17:08.284  1541  2865 W ActivityManager: Crash of app com.mobilesecurity.lite running instrumentation ComponentInfo{com.mobilesecurity.lite/com.qihoo.libcoredaemon.ExportInstrumentation}
04-06 14:17:08.284  1541  1806 I HwPowerManagerService: appdie release wakelock, pid = 0, uid = 10535
04-06 14:17:08.284  1541  2865 I ActivityManager: Force stopping com.mobilesecurity.lite appid=10535 user=0: finished inst
04-06 14:17:08.284  1541  2123 W HwAudioServiceEx: SoundEffectState bundle get reserved is invalid
04-06 14:17:08.285  1541  2123 I HwAudioServiceEx: sendAppKilledIntentForKit, isKitPackageOnPause = false, isKitPackageKill = false, isKitPackageOnResume = false
04-06 14:17:08.285  1541  2865 I ActivityManager:   Force stopping service ServiceRecord{2e83cc9 u0 com.mobilesecurity.lite/com.qihoo.libcoredaemon.ExportService}
04-06 14:17:08.288  1541  2270 I ActivityManager: App 10535/com.mobilesecurity.lite targets O+, restricted
04-06 14:17:08.288  1541  2270 W ActivityManager: Background start not allowed: service Intent { cmp=com.mobilesecurity.lite/com.qihoo.libcoredaemon.ExportService (has extras) } to com.mobilesecurity.lite/com.qihoo.libcoredaemon.ExportService from pid=0 uid=10535 pkg=com.mobilesecurity.lite startFg?=false
04-06 14:17:08.290  1541  1785 V ActivityTaskManager: Activity idle: null
04-06 14:17:08.290  1541  1785 I chatty  : uid=1000(system) android.display identical 1 line
04-06 14:17:08.290  1541  1785 V ActivityTaskManager: Activity idle: null
04-06 14:17:08.290  1541  1541 I JobScheduler.Time: realNextJobExpiredElapsedMillis: 3646762094mNextJobExpiredElapsedMillis3646762094
04-06 14:17:08.290  1541  1541 I JobScheduler: CANCEL: 2d170b7 #u0a535/203 com.mobilesecurity.lite/com.qihoo.libcoredaemon.jobscheduler.JobKeepAliveService, reason:app force stopped
04-06 14:17:08.291  1541  1785 V ActivityTaskManager: Activity idle: null
04-06 14:17:08.291  1541  2270 I ActivityManager: Force stopping com.mobilesecurity.lite appid=10535 user=0: start instr
04-06 14:17:08.292  1541  2270 I ActivityManager: Killing 0:com.mobilesecurity.lite/u0a535 (adj -10000): stop com.mobilesecurity.litestart instr
04-06 14:17:08.292  1541  2270 D ActivityManager: cleanUpApplicationRecord app: 0:com.mobilesecurity.lite/u0a535, bad: false, restarting: false, allowRestart: true
04-06 14:17:08.292  1541  2123 W HwAudioServiceEx: SoundEffectState bundle get reserved is invalid
04-06 14:17:08.292  1541  1806 I HwPowerManagerService: appdie release wakelock, pid = 0, uid = 10535
04-06 14:17:08.292  1541  2270 W ActivityManager: Crash of app com.mobilesecurity.lite running instrumentation ComponentInfo{com.mobilesecurity.lite/com.qihoo.libcoredaemon.ExportInstrumentation}
04-06 14:17:08.292  1541  2270 I ActivityManager: Force stopping com.mobilesecurity.lite appid=10535 user=0: finished inst
04-06 14:17:08.292  1541  2123 I HwAudioServiceEx: sendAppKilledIntentForKit, isKitPackageOnPause = false, isKitPackageKill = false, isKitPackageOnResume = false
04-06 14:17:08.293  1541  2270 I ActivityManager:   Force stopping service ServiceRecord{2e83ce9 u0 com.mobilesecurity.lite/com.qihoo.libcoredaemon.ExportService}
04-06 14:17:08.297  1541  2382 I ActivityManager: App 10535/com.mobilesecurity.lite targets O+, restricted
04-06 14:17:08.297  1541  2382 W ActivityManager: Background start not allowed: service Intent { cmp=com.mobilesecurity.lite/com.qihoo.libcoredaemon.ExportService (has extras) } to com.mobilesecurity.lite/com.qihoo.libcoredaemon.ExportService from pid=0 uid=10535 pkg=com.mobilesecurity.lite startFg?=false
04-06 14:17:08.297  1541  1836 V BroadcastQueue: Finished with ordered broadcast BroadcastRecord{2fbaa09 u0 com.qihoo.broadcast.COREDAEMON_EXPORT_BROADCAST}
04-06 14:17:08.297  1541  1836 V BroadcastQueue: Finished with ordered broadcast BroadcastRecord{2fbab5b u0 com.qihoo.broadcast.COREDAEMON_EXPORT_BROADCAST}
04-06 14:17:08.299  1541  1837 W ActivityManager: ProcessRecord{287ea09 0:com.mobilesecurity.lite/u0a535} start not valid, killing pid=29536, killedByAm=true;No entry in mProcessNames;pendingStart=false;
04-06 14:17:08.301  1541  1785 V ActivityTaskManager: Activity idle: null
04-06 14:17:08.301  1541  1836 I ActivityManager: App 10535/com.mobilesecurity.lite targets O+, restricted
04-06 14:17:08.302  1541  1785 V ActivityTaskManager: Activity idle: null
04-06 14:17:08.302  1541  1836 V ActivityManager: startProcess: name=com.mobilesecurity.lite app=ProcessRecord{2b5dc09 0:com.mobilesecurity.lite/u0a535} knownToBeDead=true thread=null pid=0 preloadStatus=0
04-06 14:17:08.302  1541  2382 I ActivityManager: Force stopping com.mobilesecurity.lite appid=10535 user=0: start instr
04-06 14:17:08.302  1541  2382 I ActivityManager: Killing 0:com.mobilesecurity.lite/u0a535 (adj -10000): stop com.mobilesecurity.litestart instr
04-06 14:17:08.302  1541  2382 D ActivityManager: cleanUpApplicationRecord app: 0:com.mobilesecurity.lite/u0a535, bad: false, restarting: false, allowRestart: true
04-06 14:17:08.302  1541  2123 W HwAudioServiceEx: SoundEffectState bundle get reserved is invalid
04-06 14:17:08.302  1541  2123 I HwAudioServiceEx: sendAppKilledIntentForKit, isKitPackageOnPause = false, isKitPackageKill = false, isKitPackageOnResume = false
04-06 14:17:08.302  1541  2382 W ActivityManager: Crash of app com.mobilesecurity.lite running instrumentation ComponentInfo{com.mobilesecurity.lite/com.qihoo.libcoredaemon.ExportInstrumentation}
04-06 14:17:08.303  1541  1806 I HwPowerManagerService: appdie release wakelock, pid = 0, uid = 10535
04-06 14:17:08.303  1541  2382 I ActivityManager: Force stopping com.mobilesecurity.lite appid=10535 user=0: finished inst
04-06 14:17:08.303  1541  2382 I ActivityManager:   Force stopping service ServiceRecord{2e83d89 u0 com.mobilesecurity.lite/com.qihoo.libcoredaemon.ExportService}
04-06 14:17:08.308  1541  2270 I ActivityManager: App 10535/com.mobilesecurity.lite targets O+, restricted
04-06 14:17:08.308  1541  2270 W ActivityManager: Background start not allowed: service Intent { cmp=com.mobilesecurity.lite/com.qihoo.libcoredaemon.ExportService (has extras) } to com.mobilesecurity.lite/com.qihoo.libcoredaemon.ExportService from pid=0 uid=10535 pkg=com.mobilesecurity.lite startFg?=false
04-06 14:17:08.309  1541  1836 V BroadcastQueue: Finished with ordered broadcast BroadcastRecord{2fbab8f u0 com.qihoo.broadcast.COREDAEMON_EXPORT_BROADCAST}
04-06 14:17:08.309  1541  1836 I ActivityManager: App 10535/com.mobilesecurity.lite targets O+, restricted
04-06 14:17:08.310  1541  1836 V ActivityManager: startProcess: name=com.mobilesecurity.lite app=ProcessRecord{2d16d71 0:com.mobilesecurity.lite/u0a535} knownToBeDead=true thread=null pid=0 preloadStatus=0
04-06 14:17:08.310  1541  1837 W ActivityManager: ProcessRecord{2cc4a09 0:com.mobilesecurity.lite/u0a535} start not valid, killing pid=29548, killedByAm=true;No entry in mProcessNames;pendingStart=false;
04-06 14:17:08.311  1541  1785 V ActivityTaskManager: Activity idle: null
04-06 14:17:08.311  1541  1541 I JobScheduler: CANCEL: 2d1709a #u0a535/204 com.mobilesecurity.lite/com.qihoo.libcoredaemon.jobscheduler.JobKeepAliveService, reason:app force stopped
04-06 14:17:08.312  1541  1785 V ActivityTaskManager: Activity idle: null
04-06 14:17:08.313  1541  1541 I JobScheduler: CANCEL: 2d1707d #u0a535/205 com.mobilesecurity.lite/com.qihoo.libcoredaemon.jobscheduler.JobKeepAliveService, reason:app force stopped
04-06 14:17:08.314  1541  1541 I JobScheduler: CANCEL: 2d17060 #u0a535/2 com.mobilesecurity.lite/com.daemon.sdk.core.service.KLJobService, reason:app force stopped
04-06 14:17:08.315  1541  1541 I JobScheduler: CANCEL: 2d17043 #u0a535/3 com.mobilesecurity.lite/com.daemon.sdk.core.service.KLJobService, reason:app force stopped
04-06 14:17:08.315  1541  1541 I JobScheduler: CANCEL: 2d17009 #u0a535/4 com.mobilesecurity.lite/com.daemon.sdk.core.service.KLJobService, reason:app force stopped
04-06 14:17:08.315  1541  1541 I JobScheduler: CANCEL: 2b4c49a #u0a535/206 com.mobilesecurity.lite/com.qihoo.libcoredaemon.jobscheduler.JobKeepAliveService, reason:app force stopped
04-06 14:17:08.317  1541  1541 I JobScheduler: isComponentUsable: 2b4c426 #1001/10 com.huawei.hwvoipservice/.statistical.EventHandler$UploadStaticsJob component not present
04-06 14:17:08.317  1541  1541 I JobScheduler: isComponentUsable: 2b4c426 #1001/10 com.huawei.hwvoipservice/.statistical.EventHandler$UploadStaticsJob component not present
04-06 14:17:08.318  1541  1837 W ActivityManager: ProcessRecord{2b5dc09 0:com.mobilesecurity.lite/u0a535} start not valid, killing pid=29554, killedByAm=true;No entry in mProcessNames;pendingStart=false;
04-06 14:17:08.326  1541  1837 I ActivityManager: Start proc 29560:com.mobilesecurity.lite/u0a535 for added application com.mobilesecurity.lite
04-06 14:17:08.327  1541  2395 E ProcessInfoCollector: getProcessInfo: failed to find this proc.
04-06 14:17:08.340 29560 29560 D ActivityThread: Attach thread to application
04-06 14:17:08.346  1541  1541 I JobScheduler: isComponentUsable: 2b4c426 #1001/10 com.huawei.hwvoipservice/.statistical.EventHandler$UploadStaticsJob component not present
04-06 14:17:08.346  1541  1541 I JobScheduler: isComponentUsable: 2b4c426 #1001/10 com.huawei.hwvoipservice/.statistical.EventHandler$UploadStaticsJob component not present
04-06 14:17:08.347 29560 29585 I ActivityThread: Init compatible state: true
04-06 14:17:08.380  1541  2957 I ActivityManager: Need to start process com.mobilesecurity.lite:GuardService for provider ContentProviderInfo{name=com.mobilesecurity.lite.loader.p.main className=com.qihoo360.replugin.component.process.ProcessPitProviderPersist}, callerApp: ProcessRecord{2d16d71 29560:com.mobilesecurity.lite/u0a535}
04-06 14:17:08.381  1541  2957 V ActivityManager: startProcess: name=com.mobilesecurity.lite:GuardService app=null knownToBeDead=false thread=null pid=-1 preloadStatus=-1
04-06 14:17:08.381  1541  2957 V ActivityManager_MU: Waiting to start provider ContentProviderRecord{2a9c3b9 u0 com.mobilesecurity.lite/com.qihoo360.replugin.component.process.ProcessPitProviderPersist} launchingApp=ProcessRecord{2e21099 0:com.mobilesecurity.lite:GuardService/u0a535} caller pid= 29560 for 20000 ms
04-06 14:17:08.391  1541  1837 I ActivityManager: Start proc 29592:com.mobilesecurity.lite:GuardService/u0a535 for content provider {com.mobilesecurity.lite/com.qihoo360.replugin.component.process.ProcessPitProviderPersist}
04-06 14:17:08.391  1541  2395 E ProcessInfoCollector: getProcessInfo: failed to find this proc.
04-06 14:17:08.407 29592 29592 D ActivityThread: Attach thread to application
04-06 14:17:08.414 29592 29613 I ActivityThread: Init compatible state: true
04-06 14:17:08.457  1541  2270 V ActivityManager: startProcess: name=com.mobilesecurity.lite:message app=null knownToBeDead=true thread=null pid=-1 preloadStatus=-1
04-06 14:17:08.460  1541  2957 V ActivityManager: Successfully start provider ContentProviderRecord{2a9c3b9 u0 com.mobilesecurity.lite/com.qihoo360.replugin.component.process.ProcessPitProviderPersist} launchingApp=ProcessRecord{2e21099 29592:com.mobilesecurity.lite:GuardService/u0a535} caller pid= 29560
04-06 14:17:08.469  1541  1837 I ActivityManager: Start proc 29623:com.mobilesecurity.lite:message/u0a535 for service {com.mobilesecurity.lite/com.daemon.sdk.daemon.component.Service1}
04-06 14:17:08.469  1541  2395 E ProcessInfoCollector: getProcessInfo: failed to find this proc.
04-06 14:17:08.485 29623 29623 D ActivityThread: Attach thread to application
04-06 14:17:08.490 29592 29592 I ActivityThread: finishPreloaded preloadStatus 0
04-06 14:17:08.490  1541  2865 I HwNotificationService_Vibrate: Channel vibrate is null, get global vibrator : standard_vibrator_ticking
04-06 14:17:08.491  1541  2865 I HwInnerVibratorService: isSupportHwVibrator type:haptic.pattern.type4, isSupport:0
04-06 14:17:08.491  1541  2865 I HwNotificationService_Vibrate: getHwVibratorType pkg=com.mobilesecurity.lite, channelId=notifications, userId=10535, vibratorType=haptic.pattern.type4
04-06 14:17:08.496  1541  1836 V ActivityManager: Attempted to start a foreground service (com.mobilesecurity.lite/com.qihoo360.mobilesafe.service.GuardCoreService) with a broken notification (no icon: Notification(channel=notification_bar pri=0 contentView=null vibrate=null sound=null defaults=0x0 flags=0x40 color=0x00000000 vis=PRIVATE))
04-06 14:17:08.498  1541  1836 I NotificationService: enqueueNotificationInternal: pkg=com.mobilesecurity.lite id=1 notification=Notification(channel=notification_bar pri=0 contentView=null vibrate=null sound=null defaults=0x0 flags=0x40 color=0xff607d8b vis=PRIVATE)
04-06 14:17:08.498 29623 29651 I ActivityThread: Init compatible state: true
04-06 14:17:08.498  1541  2270 V ActivityManager: startProcess: name=com.mobilesecurity.lite:daemon app=null knownToBeDead=true thread=null pid=-1 preloadStatus=-1
04-06 14:17:08.500  1541  1836 I NotificationService: enqueueNotificationInternal Channel Info : pkg=com.mobilesecurity.lite id=1 importance =2
04-06 14:17:08.506  1541  2382 V ActivityManager: Successfully start provider ContentProviderRecord{2f07fc2 u0 com.mobilesecurity.lite/com.qihoo.sdk.report.common.MultiprocessSharedPreferences} launchingApp=null caller pid= 29560
04-06 14:17:08.509  1541  2957 V ActivityManager: Successfully start provider ContentProviderRecord{2b05fdd u0 com.android.providers.settings/.hwext.HwSettingsProvider} launchingApp=null caller pid= 29592
04-06 14:17:08.520  1541  1837 I ActivityManager: Start proc 29665:com.mobilesecurity.lite:daemon/u0a535 for service {com.mobilesecurity.lite/com.qihoo.libcoredaemon.DaemonProcessService}
04-06 14:17:08.522  1541  2395 E ProcessInfoCollector: getProcessInfo: failed to find this proc.
04-06 14:17:08.526  1541  1836 V ActivityManager: Attempted to start a foreground service (com.mobilesecurity.lite/com.qihoo360.mobilesafe.service.AssistService) with a broken notification (no icon: Notification(channel=notification_bar pri=0 contentView=null vibrate=null sound=null defaults=0x0 flags=0x40 color=0x00000000 vis=PRIVATE))
04-06 14:17:08.527  1541  2957 I JobScheduler.Time: Add job to TimeTracking: 2b4c49a #u0a535/1 com.mobilesecurity.lite/com.daemon.sdk.core.service.KLJobService, delayTime:3645926022, deadlineTime:3646526022
04-06 14:17:08.529  1541  1836 I NotificationService: enqueueNotificationInternal: pkg=com.mobilesecurity.lite id=1 notification=Notification(channel=notification_bar pri=0 contentView=null vibrate=null sound=null defaults=0x0 flags=0x40 color=0xff607d8b vis=PRIVATE)
04-06 14:17:08.530  1541  1836 I NotificationService: enqueueNotificationInternal Channel Info : pkg=com.mobilesecurity.lite id=1 importance =2
04-06 14:17:08.533  1541  2957 I JobScheduler.Time: realNextJobExpiredElapsedMillis: 3646526022mNextJobExpiredElapsedMillis3646526022
04-06 14:17:08.534 29560 29560 I ActivityThread: finishPreloaded preloadStatus 0
04-06 14:17:08.534  1541  2957 I JobScheduler.Time: Add job to TimeTracking: 2901965 #u0a535/2 com.mobilesecurity.lite/com.daemon.sdk.core.service.KLJobService, delayTime:3646226029, deadlineTime:9223372036854775807
04-06 14:17:08.535  1541  2957 I JobScheduler.Time: Add job to TimeTracking: 29018b7 #u0a535/3 com.mobilesecurity.lite/com.daemon.sdk.core.service.KLJobService, delayTime:3646226031, deadlineTime:9223372036854775807
04-06 14:17:08.536  1541  2361 I JobScheduler.Time: Add job to TimeTracking: 2c664d4 #u0a535/4 com.mobilesecurity.lite/com.daemon.sdk.core.service.KLJobService, delayTime:3646226031, deadlineTime:9223372036854775807
04-06 14:17:08.537  1541  2957 I WindowManager: addWindow: Window{2e73529 u0 Toast}
04-06 14:17:08.538  1541  2382 V BroadcastQueue: Finished with ordered broadcast BroadcastRecord{2fbab41 u0 com.qihoo.broadcast.COREDAEMON_EXPORT_BROADCAST}
04-06 14:17:08.544  1541  2957 I HwWindowManagerServiceEx: handleGestureActionForBlur category: exit_recent
04-06 14:17:08.554  1541  2865 V ActivityManager: Successfully start provider ContentProviderRecord{2a9c3b9 u0 com.mobilesecurity.lite/com.qihoo360.replugin.component.process.ProcessPitProviderPersist} launchingApp=ProcessRecord{2e21099 29592:com.mobilesecurity.lite:GuardService/u0a535} caller pid= 29623
04-06 14:17:08.556  1541  4278 V ActivityManager: startProcess: name=com.mobilesecurity.lite:assist app=null knownToBeDead=true thread=null pid=-1 preloadStatus=-1
04-06 14:17:08.559  1541  2865 V ActivityManager: startProcess: name=com.mobilesecurity.lite:assist1 app=null knownToBeDead=true thread=null pid=-1 preloadStatus=-1
04-06 14:17:08.561 29665 29665 D ActivityThread: Attach thread to application
04-06 14:17:08.569  1541  2222 D HwConnectivityServiceEx: set 1000 wlan0 value false
04-06 14:17:08.571  1541  1837 I ActivityManager: Start proc 29708:com.mobilesecurity.lite:assist/u0a535 for service {com.mobilesecurity.lite/com.qihoo.libcoredaemon.AssistProcessService}
04-06 14:17:08.572  1541  2395 E ProcessInfoCollector: getProcessInfo: failed to find this proc.
04-06 14:17:08.580  1541  4278 I JobScheduler.Time: Add job to TimeTracking: 2c66443 #u0a535/206 com.mobilesecurity.lite/com.qihoo.libcoredaemon.jobscheduler.JobKeepAliveService, delayTime:3645636075, deadlineTime:3645636075
04-06 14:17:08.585  1541  2865 V ActivityManager: Successfully start provider ContentProviderRecord{2f07fc2 u0 com.mobilesecurity.lite/com.qihoo.sdk.report.common.MultiprocessSharedPreferences} launchingApp=null caller pid= 29623
04-06 14:17:08.588  1541  4278 I JobScheduler.Time: realNextJobExpiredElapsedMillis: 3645636075mNextJobExpiredElapsedMillis3645636075
04-06 14:17:08.591 29665 29707 I ActivityThread: Init compatible state: true
04-06 14:17:08.592  1541  2156 I WindowManager: dispatchResized : win = Window{260fe51 u0 com.huawei.android.launcher/com.huawei.android.launcher.unihome.UniHomeLauncher} drawState = HAS_DRAWN
04-06 14:17:08.592  1541  1837 I ActivityManager: Start proc 29730:com.mobilesecurity.lite:assist1/u0a535 for service {com.mobilesecurity.lite/com.qihoo.libcoredaemon.Assist1ProcessService}
04-06 14:17:08.592  1541  2156 I WindowManager: dispatchResized : win = Window{2e73529 u0 Toast} drawState = DRAW_PENDING
04-06 14:17:08.595  1541  2395 E ProcessInfoCollector: getProcessInfo: failed to find this proc.
04-06 14:17:08.600 29708 29708 D ActivityThread: Attach thread to application
04-06 14:17:08.609  1541  4278 I JobScheduler.Time: realNextDelayExpiredElapsedMillis: 3645636075 mNextDelayExpiredElapsedMillis:3645636075
04-06 14:17:08.610  1541  2382 I JobScheduler.Time: Add job to TimeTracking: 2c6659f #u0a535/203 com.mobilesecurity.lite/com.qihoo.libcoredaemon.jobscheduler.JobKeepAliveService, delayTime:3646216106, deadlineTime:9223372036854775807
04-06 14:17:08.612  1541  4280 I JobScheduler.Time: Add job to TimeTracking: 2c665d9 #u0a535/204 com.mobilesecurity.lite/com.qihoo.libcoredaemon.jobscheduler.JobKeepAliveService, delayTime:3646216108, deadlineTime:9223372036854775807
04-06 14:17:08.613  1541  2382 I JobScheduler.Time: Add job to TimeTracking: 2c6650e #u0a535/205 com.mobilesecurity.lite/com.qihoo.libcoredaemon.jobscheduler.JobKeepAliveService, delayTime:3646216109, deadlineTime:9223372036854775807
04-06 14:17:08.616  1541  2156 I HwNotificationService_Vibrate: Channel vibrate is null, get global vibrator : standard_vibrator_ticking
04-06 14:17:08.616  1541  2156 I HwInnerVibratorService: isSupportHwVibrator type:haptic.pattern.type4, isSupport:0
04-06 14:17:08.616  1541  2156 I HwNotificationService_Vibrate: getHwVibratorType pkg=com.mobilesecurity.lite, channelId=notifications, userId=10535, vibratorType=haptic.pattern.type4
04-06 14:17:08.618 29730 29730 D ActivityThread: Attach thread to application
04-06 14:17:08.621 29708 29739 I ActivityThread: Init compatible state: true
04-06 14:17:08.621 29623 29623 I ActivityThread: finishPreloaded preloadStatus 0
04-06 14:17:08.623  1541  4280 V ActivityManager: Successfully start provider ContentProviderRecord{2a9c3b9 u0 com.mobilesecurity.lite/com.qihoo360.replugin.component.process.ProcessPitProviderPersist} launchingApp=ProcessRecord{2e21099 29592:com.mobilesecurity.lite:GuardService/u0a535} caller pid= 29665
04-06 14:17:08.628  1541  2098 I HwNotificationService_Vibrate: Channel vibrate is null, get global vibrator : standard_vibrator_ticking
04-06 14:17:08.629  1541  2098 I HwInnerVibratorService: isSupportHwVibrator type:haptic.pattern.type4, isSupport:0
04-06 14:17:08.629  1541  2098 I HwNotificationService_Vibrate: getHwVibratorType pkg=com.mobilesecurity.lite, channelId=notifications, userId=10535, vibratorType=haptic.pattern.type4
04-06 14:17:08.631 29592 29650 W SystemConfig: No directory /product_services/etc/sysconfig, skipping
04-06 14:17:08.631 29592 29650 W SystemConfig: No directory /product_services/etc/permissions, skipping
04-06 14:17:08.631 29592 29650 W SystemConfig: No directory /system/emui/base/sysconfig, skipping
04-06 14:17:08.632 29592 29650 W SystemConfig: No directory /system/emui/china/sysconfig, skipping
04-06 14:17:08.632 29592 29650 W SystemConfig: No directory /vendor/etc/sysconfig, skipping
04-06 14:17:08.639 29592 29650 W SystemConfig: No directory /odm/cust/all/cn/sysconfig, skipping
04-06 14:17:08.640 29592 29650 W SystemConfig: No directory /odm/cust/all/cn/permissions, skipping
04-06 14:17:08.640 29592 29650 W SystemConfig: No directory /odm/etc/sysconfig, skipping
04-06 14:17:08.643 29730 29755 I ActivityThread: Init compatible state: true
04-06 14:17:08.643 29592 29650 W SystemConfig: No directory /odm/hw_odm/HMA-AL00/sysconfig, skipping
04-06 14:17:08.643 29592 29650 W SystemConfig: No directory /odm/hw_odm/HMA-AL00/permissions, skipping
04-06 14:17:08.644 29592 29650 W SystemConfig: No directory /odm/special_cust/HMA-AL00/all/cn/sysconfig, skipping
04-06 14:17:08.644 29592 29650 W SystemConfig: No directory /odm/special_cust/HMA-AL00/all/cn/permissions, skipping
04-06 14:17:08.644 29592 29650 W SystemConfig: No directory /hw_product/etc/sysconfig, skipping
04-06 14:17:08.645 29592 29650 W SystemConfig: No directory /hw_product/region_comm/china/sysconfig, skipping
04-06 14:17:08.646 29592 29650 W SystemConfig: No directory /preas/china/sysconfig, skipping
04-06 14:17:08.650  1541  2957 I JobScheduler: CANCEL: 2b4c49a #u0a535/1 com.mobilesecurity.lite/com.daemon.sdk.core.service.KLJobService, reason:job rescheduled by app
04-06 14:17:08.654  1541  2156 V ActivityManager: Successfully start provider ContentProviderRecord{2a9c3b9 u0 com.mobilesecurity.lite/com.qihoo360.replugin.component.process.ProcessPitProviderPersist} launchingApp=ProcessRecord{2e21099 29592:com.mobilesecurity.lite:GuardService/u0a535} caller pid= 29708
04-06 14:17:08.656 29592 29650 W SystemConfig: No directory /hw_product/hw_oem/HMA-AL00/sysconfig, skipping
04-06 14:17:08.656 29592 29650 W SystemConfig: No directory /preload/HMA-AL00/all/cn/sysconfig, skipping
04-06 14:17:08.656 29592 29650 W SystemConfig: No directory /cust/global/sysconfig, skipping
04-06 14:17:08.656 29592 29650 W SystemConfig: No directory /cust/global/permissions, skipping
04-06 14:17:08.657 29592 29650 W SystemConfig: No directory /cust/hw/cn/sysconfig, skipping
04-06 14:17:08.657 29592 29650 W SystemConfig: No directory /cust/hw/cn/permissions, skipping
04-06 14:17:08.657 29592 29650 W SystemConfig: No directory /version/cust/all/cn/sysconfig, skipping
