04-06 14:17:09.855 29560 30172 E ActivityThread: Failed to find provider info for com.mobilesecurity.lite.TTMultiProvider
04-06 14:17:09.856 29592 30168 E ActivityThread: Failed to find provider info for com.mobilesecurity.lite.TTMultiProvider
04-06 14:17:09.856 29560 30169 E ActivityThread: Failed to find provider info for com.mobilesecurity.lite.TTMultiProvider
04-06 14:17:09.857 29560 30169 E ActivityThread: Failed to find provider info for com.mobilesecurity.lite.TTMultiProvider
04-06 14:17:09.864 29998 30107 W PackageParser: Ignoring duplicate uses-permissions/uses-permissions-sdk-m: android.permission.READ_PHONE_STATE in package: com.qihoo360.mobilesafe.deviceinfo at: Binary XML file line #16
04-06 14:17:09.869 29560 30173 E ActivityThread: Failed to find provider info for com.mobilesecurity.lite.TTMultiProvider
04-06 14:17:09.871  1541  1780 W Looper  : Slow delivery took 201ms android.fg h=android.os.Handler c=<recycled PooledLambda@2d22de4> m=0
04-06 14:17:09.872 29592 30171 E ActivityThread: Failed to find provider info for com.mobilesecurity.lite.TTMultiProvider
04-06 14:17:09.872  1541  4280 V ActivityManager: Successfully start provider ContentProviderRecord{2f07fc2 u0 com.mobilesecurity.lite/com.qihoo.sdk.report.common.MultiprocessSharedPreferences} launchingApp=null caller pid= 29708
04-06 14:17:09.875 29560 30173 E ActivityThread: Failed to find provider info for com.mobilesecurity.lite.TTMultiProvider
04-06 14:17:09.882  1541  2723 V ActivityManager: Successfully start provider ContentProviderRecord{2f07fc2 u0 com.mobilesecurity.lite/com.qihoo.sdk.report.common.MultiprocessSharedPreferences} launchingApp=null caller pid= 29665
04-06 14:17:09.972  1541  1541 W Looper  : Slow dispatch took 373ms main h=android.app.ActivityThread$H c=android.app.-$$Lambda$LoadedApk$ReceiverDispatcher$Args$_BumDX2UKsnxLVrE6UJsJZkotuA@2fe8684 m=0
04-06 14:17:09.972  1541  1541 W Looper  : Slow delivery took 373ms main h=android.app.ActivityThread$H c=android.app.-$$Lambda$LoadedApk$ReceiverDispatcher$Args$_BumDX2UKsnxLVrE6UJsJZkotuA@2fe865d m=0
04-06 14:17:09.973  1541  2382 V ActivityManager: Successfully start provider ContentProviderRecord{2b05fdd u0 com.android.providers.settings/.hwext.HwSettingsProvider} launchingApp=null caller pid= 29998
04-06 14:17:09.974  1541  4278 W ActivityManager: Unable to start service Intent { act=android.net.conn.CONNECTIVITY_CHANGE cmp=com.mobilesecurity.lite/com.ss.android.socialbase.downloader.notification.DownloadNotificationService } U=0: not found
04-06 14:17:10.013  1541  2865 E WifiPermissionsUtil: getUidPermission is DENIED and permissionType android.permission.ACCESS_COARSE_LOCATIONuid 10535
04-06 14:17:10.021  1541  4280 V BroadcastQueue: Finished with ordered broadcast BroadcastRecord{2d3c071 u0 com.google.android.gms.gcm.ACTION_SCHEDULE}
04-06 14:17:10.072  1541  1541 W Looper  : Drained
04-06 14:17:10.088  1541  4278 I UsageStatsService: User[0] Results: 11
04-06 14:17:10.140  1541  2098 W ActivityManager: Unable to start service Intent { act=android.net.conn.CONNECTIVITY_CHANGE cmp=com.mobilesecurity.lite/com.ss.android.socialbase.downloader.notification.DownloadNotificationService } U=0: not found
04-06 14:17:10.150  1541  4278 I WindowManager: setAppOpVisibilityLw false Window{2a4c6e1 u0 com.mobilesecurity.lite} mAppOp=24 uid=10535 packageName=com.mobilesecurity.lite
04-06 14:17:10.151  1541  4278 D HwAppTransitionImpl: windowAnimations = 0 dose not come from system, not to override it.
04-06 14:17:10.151  1541  4278 I WindowManager: Policy visibility false: Window{2a4c6e1 u0 com.mobilesecurity.lite}
04-06 14:17:10.152  1541  4278 I WindowManager: addWindow: Window{2a4c6e1 u0 com.mobilesecurity.lite}
04-06 14:17:10.224  1541  1788 I WindowManager: performshow Window{2a4c6e1 u0 com.mobilesecurity.lite} tok.waitingToShow=false isTransitionSet=false parentHidden=false vis=0 tok.hidden=false hasSurface=true policyVis=false destroying=false animating=false
04-06 14:17:10.225  1541  1788 I WindowManager: dispatchResized : win = Window{2a4c6e1 u0 com.mobilesecurity.lite} drawState = READY_TO_SHOW
04-06 14:17:10.232  1541  2098 E WifiPermissionsUtil: getUidPermission is DENIED and permissionType android.permission.ACCESS_COARSE_LOCATIONuid 10535
04-06 14:17:10.235  1541  2098 D HwConnectivityServiceEx: set 10535 wlan0 value false
04-06 14:17:10.240  1541  1788 I WindowManager: performshow Window{2a4c6e1 u0 com.mobilesecurity.lite} tok.waitingToShow=false isTransitionSet=false parentHidden=false vis=0 tok.hidden=false hasSurface=true policyVis=false destroying=false animating=false
04-06 14:17:10.375 29592 30097 E ActivityThread: Failed to find provider info for com.mobilesecurity.lite.TTMultiProvider
04-06 14:17:10.375  1541  2935 W ActivityManager: Unable to start service Intent { act=com.ss.android.message.action.PUSH_SERVICE pkg=com.ss.android.article.calendar } U=0: not found
04-06 14:17:10.380 29592 30168 E ActivityThread: Failed to find provider info for com.mobilesecurity.lite.TTMultiProvider
04-06 14:17:10.382 29592 30168 E ActivityThread: Failed to find provider info for com.mobilesecurity.lite.TTMultiProvider
04-06 14:17:10.382 29592 30097 E ActivityThread: Failed to find provider info for com.mobilesecurity.lite.TTMultiProvider
04-06 14:17:10.383  1541  2723 W ActivityManager: Unable to start service Intent { act=com.ss.android.message.action.PUSH_SERVICE pkg=com.ss.android.article.calendar } U=0: not found
04-06 14:17:10.393 29592 30168 E ActivityThread: Failed to find provider info for com.mobilesecurity.lite.TTMultiProvider
04-06 14:17:10.409 29560 30195 E ActivityThread: Failed to find provider info for com.mobilesecurity.lite.TTMultiProvider
04-06 14:17:10.410  1541  2723 W ActivityManager: Unable to start service Intent { act=com.ss.android.message.action.PUSH_SERVICE pkg=com.ss.android.article.calendar } U=0: not found
04-06 14:17:10.412 29560 30172 E ActivityThread: Failed to find provider info for com.mobilesecurity.lite.TTMultiProvider
04-06 14:17:10.415 29560 30172 E ActivityThread: Failed to find provider info for com.mobilesecurity.lite.TTMultiProvider
04-06 14:17:10.416 29560 30195 E ActivityThread: Failed to find provider info for com.mobilesecurity.lite.TTMultiProvider
04-06 14:17:10.416  1541  2723 W ActivityManager: Unable to start service Intent { act=com.ss.android.message.action.PUSH_SERVICE pkg=com.ss.android.article.calendar } U=0: not found
04-06 14:17:10.421 29560 30172 E ActivityThread: Failed to find provider info for com.mobilesecurity.lite.TTMultiProvider
04-06 14:17:10.612  1541  2387 E WifiPermissionsUtil: getUidPermission is DENIED and permissionType android.permission.ACCESS_COARSE_LOCATIONuid 10535
04-06 14:17:10.613  1541  2387 E WifiPermissionsUtil: getUidPermission is DENIED and permissionType android.permission.ACCESS_COARSE_LOCATIONuid 10535
04-06 14:17:10.613  1541  2387 E WifiService: Permission violation - getScanResults not allowed for uid=10535, packageName=com.mobilesecurity.lite, reason=java.lang.SecurityException: UID 10535 has no location permission
04-06 14:17:10.671  1541  2935 E WifiPermissionsUtil: getUidPermission is DENIED and permissionType android.permission.ACCESS_COARSE_LOCATIONuid 10535
04-06 14:17:10.672  1541  2935 E WifiPermissionsUtil: getUidPermission is DENIED and permissionType android.permission.ACCESS_COARSE_LOCATIONuid 10535
04-06 14:17:10.672  1541  2935 E WifiService: Permission violation - getScanResults not allowed for uid=10535, packageName=com.mobilesecurity.lite, reason=java.lang.SecurityException: UID 10535 has no location permission
04-06 14:17:10.903  1541  1780 W Looper  : Drained
04-06 14:17:10.915  1541  2935 D HwConnectivityServiceEx: set 1000 wlan0 value false
04-06 14:17:10.990  1541  2098 V BroadcastQueue: Finished with ordered broadcast BroadcastRecord{2d3c141 u0 com.google.android.gms.gcm.ACTION_SCHEDULE}
04-06 14:17:10.995  1541  2098 D HwConnectivityServiceEx: set 10139 wlan0 value false
04-06 14:17:11.079  1541  2098 V ActivityManager: Successfully start provider ContentProviderRecord{2f07fc2 u0 com.mobilesecurity.lite/com.qihoo.sdk.report.common.MultiprocessSharedPreferences} launchingApp=null caller pid= 29998
04-06 14:17:11.439  1541  2723 D HwConnectivityServiceEx: set 10535 NULL value false
04-06 14:17:12.025  2610  2610 I ViewRootImpl: dispatchDetachedFromWindow in doDie
04-06 14:17:12.033  1541  1541 I WindowManager: performshow Window{2a4c6e1 u0 com.mobilesecurity.lite} tok.waitingToShow=false isTransitionSet=false parentHidden=false vis=0 tok.hidden=false hasSurface=true policyVis=false destroying=false animating=false
04-06 14:17:12.037  1541  2098 I WindowManager: removeIfPossible: Window{2e73529 u0 Toast} callers=com.android.server.wm.WindowState.removeIfPossible:775268 com.android.server.wm.WindowManagerService.removeWindow:849736 android.view.IWindowSession$Stub.onTransact:3546756 com.android.server.wm.Session.onTransact:4822976 android.os.Binder.execTransactInternal:5535076 
04-06 14:17:12.037  1541  2098 I WindowManager: Not removing Window{2e73529 u0 Toast EXITING} due to exit animation 
04-06 14:17:12.040  1541  2098 I WindowManager: performshow Window{2a4c6e1 u0 com.mobilesecurity.lite} tok.waitingToShow=false isTransitionSet=false parentHidden=false vis=0 tok.hidden=false hasSurface=true policyVis=false destroying=false animating=false
04-06 14:17:12.044  1541  1788 I WindowManager: performshow Window{2a4c6e1 u0 com.mobilesecurity.lite} tok.waitingToShow=false isTransitionSet=false parentHidden=false vis=0 tok.hidden=false hasSurface=true policyVis=false destroying=false animating=false
04-06 14:17:12.049  1541  1785 I WindowManager: performshow Window{2a4c6e1 u0 com.mobilesecurity.lite} tok.waitingToShow=false isTransitionSet=false parentHidden=false vis=0 tok.hidden=false hasSurface=true policyVis=false destroying=false animating=false
04-06 14:17:12.051  1541  1785 I DebugKeepScreenOn: setHoldScreenLocked newHoldScreen:null currentHoldScreen:Session{2be6215 2610:u0a10080} wakeLockState:true
04-06 14:17:12.051  1541  1785 I DebugKeepScreenOn: Releasing screen wakelock, obscured by Window{28a1bb9 u0 com.android.systemui.HwImageWallpaper}
04-06 14:17:12.060  1541  2098 W NotificationService: Toast already killed. pkg=com.huawei.android.launcher callback=android.app.ITransientNotification$Stub$Proxy@2d2c5f2
04-06 14:17:12.060  1541  1788 I WindowManager: performshow Window{2a4c6e1 u0 com.mobilesecurity.lite} tok.waitingToShow=false isTransitionSet=false parentHidden=false vis=0 tok.hidden=false hasSurface=true policyVis=false destroying=false animating=false
04-06 14:17:12.158  1541  1788 I WindowManager: Exit animation finished in Window{2e73529 u0 Toast EXITING}: remove=true
04-06 14:17:12.173  1541  1788 I WindowManager: performshow Window{2a4c6e1 u0 com.mobilesecurity.lite} tok.waitingToShow=false isTransitionSet=false parentHidden=false vis=0 tok.hidden=false hasSurface=true policyVis=false destroying=false animating=false
04-06 14:17:12.177  1541  1788 I WindowManager: performshow Window{2a4c6e1 u0 com.mobilesecurity.lite} tok.waitingToShow=false isTransitionSet=false parentHidden=false vis=0 tok.hidden=false hasSurface=true policyVis=false destroying=false animating=false
04-06 14:17:12.180  1541  1788 I WindowManager: postWindowRemoveCleanupLocked: Window{2e73529 u0 Toast}
04-06 14:17:12.180  1541  1788 I WindowManager: Removing Window{2e73529 u0 Toast} from WindowToken{28b1327 android.os.Binder@28d7d3d}
04-06 14:17:12.182  1541  1788 I WindowManager: performshow Window{2a4c6e1 u0 com.mobilesecurity.lite} tok.waitingToShow=false isTransitionSet=false parentHidden=false vis=0 tok.hidden=false hasSurface=true policyVis=false destroying=false animating=false
04-06 14:17:12.190  1541  1788 I WindowManager: performshow Window{2a4c6e1 u0 com.mobilesecurity.lite} tok.waitingToShow=false isTransitionSet=false parentHidden=false vis=0 tok.hidden=false hasSurface=true policyVis=false destroying=false animating=false
04-06 14:17:13.394  1541  8607 D HwConnectivityServiceEx: set 1000 wlan0 value false
04-06 14:17:13.573  1541  1836 I NotificationService: enqueueNotificationInternal: pkg=com.mobilesecurity.lite id=1 notification=Notification(channel=notification_bar pri=2 contentView=com.mobilesecurity.lite/0x7f030001 vibrate=null sound=null tick defaults=0x0 flags=0x62 color=0x00000000 vis=PRIVATE)
04-06 14:17:13.573  1541  1836 I NotificationService: enqueueNotificationInternal Channel Info : pkg=com.mobilesecurity.lite id=1 importance =2
04-06 14:17:14.259  1541  1792 I AppEyeFwkBlock: do monitor
04-06 14:17:14.519  1541  1837 I ActivityManager: Start proc 30388:com.clash.of.kings.inner/u0a629 for start application com.clash.of.kings.inner
04-06 14:17:14.519  1541  2395 E ProcessInfoCollector: getProcessInfo: failed to find this proc.
04-06 14:17:14.569 30388 30388 I ActivityThread: preloadStatus:1
04-06 14:17:14.572 30388 30388 D ActivityThread: Attach thread to application
04-06 14:17:14.586 30388 30406 I HwActivityThreadImpl: mSocketName: 14c860ef-0056-4726-a34a-b3897523c29f
04-06 14:17:14.586 30388 30406 I HwActivityThreadImpl: initPreloadedSocked end mPreloadStatus 2
04-06 14:17:14.591 30388 30407 I ActivityThread: Init compatible state: true
04-06 14:17:14.630  1541  2098 I HwWindowManagerServiceEx: set app win exit info, bundle = Bundle[mParcelledData.dataSize=364], iconBitmap = android.graphics.Bitmap@2ff50e9
04-06 14:17:14.630  1541  2098 I HwWindowManagerServiceEx: setLandAnimationInfo : true
04-06 14:17:14.630  1541  2098 I HwWindowManagerServiceEx: set launch origin and target for: com.clash.of.kings.inner with delay 3000
04-06 14:17:14.632  1541  2723 I ActivityTaskManager: START u0 {act=android.intent.action.MAIN cat=[android.intent.category.LAUNCHER] flg=0x10200000 hwFlg=0x10 cmp=com.clash.of.kings.inner/.EmpireActivity bnds=[550,996][800,1285]} from uid 10080
04-06 14:17:14.633  1541  2723 D HwGameAssistantController: isGameForeground? false
04-06 14:17:14.633  1541  2723 I ActivityTaskManager: ActivityRecord info: ActivityInfo{2d1bb3d com.clash.of.kings.inner.EmpireActivity}
04-06 14:17:14.633  1541  2723 D ActivityTaskManager: TaskLaunchParamsModifier:task=null activity=ActivityRecord{2d3b441 u0 com.clash.of.kings.inner/.EmpireActivity t-1} display-from-source=0 display-id=0 display-windowing-mode=1
04-06 14:17:14.634  1541  2723 D ActivityTaskManager: TaskLaunchParamsModifier:task=null activity=ActivityRecord{2d3b441 u0 com.clash.of.kings.inner/.EmpireActivity t-1} display-from-source=0 display-id=0 display-windowing-mode=1 activity-options-fullscreen=Rect(0, 0 - 0, 0) inherit-fullscreen non-freeform-display
04-06 14:17:14.636  1541  2723 V ActivityTaskManager: addChild: attaching stackId=449 to displayId=0 position=1
04-06 14:17:14.636  1541  2723 V ActivityTaskManager: positionChild stackId=449 to top.
04-06 14:17:14.636  1541  2723 D ActivityTaskManager: TaskLaunchParamsModifier:task=TaskRecord{2fdb209 #450 A=com.clash.of.kings.inner U=0 StackId=449 sz=0} activity=ActivityRecord{2d3b441 u0 com.clash.of.kings.inner/.EmpireActivity t-1} display-from-task=0 display-id=0 display-windowing-mode=1 activity-options-fullscreen=Rect(0, 0 - 0, 0) inherit-fullscreen non-freeform-display
04-06 14:17:14.637  1541  2723 V ActivityTaskManager: positionChild stackId=449 to top.
04-06 14:17:14.638  1541  2723 V ActivityTaskManager: addAppToken: AppWindowToken{2d3b4e9 token=Token{2b23081 ActivityRecord{2d3b441 u0 com.clash.of.kings.inner/.EmpireActivity t450}}} task={taskId=450 appTokens=[] mdr=false} at 2147483647
04-06 14:17:14.641  1541  1806 I HwAudioServiceEx: ComponentInfo : className = com.clash.of.kings.inner.EmpireActivity, flag = showStartingWindow, isHomeActivity = , isTop = false
04-06 14:17:14.641  1541  1806 I HwAudioServiceEx: not onResume or onPause
04-06 14:17:14.641  1541  2723 I WindowManager: performshow Window{2a4c6e1 u0 com.mobilesecurity.lite} tok.waitingToShow=false isTransitionSet=true parentHidden=false vis=0 tok.hidden=false hasSurface=true policyVis=false destroying=false animating=false
04-06 14:17:14.648  1541  1788 I WindowManager: addWindow: Window{2f47409 u0 Splash Screen com.clash.of.kings.inner}
04-06 14:17:14.649  1541  1788 I WindowManager: performshow Window{2a4c6e1 u0 com.mobilesecurity.lite} tok.waitingToShow=false isTransitionSet=true parentHidden=false vis=0 tok.hidden=false hasSurface=true policyVis=false destroying=false animating=false
04-06 14:17:14.650  1541  2935 I ActivityTaskManager: Making visible and scheduling visibility: ActivityRecord{2d3b441 u0 com.clash.of.kings.inner/.EmpireActivity t450}
04-06 14:17:14.651  1541  2935 I HwWindowManagerServiceEx: setLandAnimationInfo : false
04-06 14:17:14.651  1541  2935 I HwWindowManagerServiceEx: reset launch origin and target from non-message!
04-06 14:17:14.652  1541  2935 W HwActivityTaskManagerServiceEx: appSwitch from: com.huawei.android.launcher to: com.clash.of.kings.inner
04-06 14:17:14.652 30388 30408 I HwActivityThreadImpl: before connect app.socketName:14c860ef-0056-4726-a34a-b3897523c29f
04-06 14:17:14.652  1541  2935 I WindowManager: Changing focus from Window{260fe51 u0 com.huawei.android.launcher/com.huawei.android.launcher.unihome.UniHomeLauncher} to null displayId=0 Callers=com.android.server.wm.RootWindowContainer.updateFocusedWindowLocked:4603440 com.android.server.wm.WindowManagerService.updateFocusedWindowLocked:4600788 com.android.server.wm.ActivityDisplay.setFocusedApp:829468 com.android.server.wm.ActivityTaskManagerService.setResumedActivityUncheckLocked:913644 
04-06 14:17:14.652  1541  2935 I HwDisplayContentEx: currentFocus windowstate null
04-06 14:17:14.652  1541  2935 E ZrHung.AppEyeFocusWindow: NFW check!
04-06 14:17:14.654  1541  2935 I WindowManager: performshow Window{2a4c6e1 u0 com.mobilesecurity.lite} tok.waitingToShow=false isTransitionSet=true parentHidden=false vis=0 tok.hidden=false hasSurface=true policyVis=false destroying=false animating=false
04-06 14:17:14.654  1541  2935 I WindowManager: Checking 1 opening apps (frozen=false timeout=false)...
04-06 14:17:14.655  1541  2935 I WindowManager: Check opening app=AppWindowToken{2d3b4e9 token=Token{2b23081 ActivityRecord{2d3b441 u0 com.clash.of.kings.inner/.EmpireActivity t450}}}: allDrawn=false startingDisplayed=false startingMoved=false isRelaunching()=false startingWindow=Window{2f47409 u0 Splash Screen com.clash.of.kings.inner}
04-06 14:17:14.655  1541  1788 I WindowManager: performshow Window{2a4c6e1 u0 com.mobilesecurity.lite} tok.waitingToShow=false isTransitionSet=true parentHidden=false vis=0 tok.hidden=false hasSurface=true policyVis=false destroying=false animating=false
04-06 14:17:14.658  1541  1811 D HwGameAssistantController: UPDATE: mCurFgPkg=com.clash.of.kings.inner, mCurFgPid=30388, mIsCurGame=true
04-06 14:17:14.658  1541  1811 D HwGameAssistantController: dispatchGameStatusChanged, packageName=com.clash.of.kings.inner, event=1, num=8
04-06 14:17:14.658  1541  1788 I WindowManager: performshow Window{2a4c6e1 u0 com.mobilesecurity.lite} tok.waitingToShow=false isTransitionSet=true parentHidden=false vis=0 tok.hidden=false hasSurface=true policyVis=false destroying=false animating=false
04-06 14:17:14.658  1541  1811 D HwGameAssistantController: isGameForeground? true
04-06 14:17:14.658  2433  6301 D DeepNoDisturbSM: onGameStatusChanged packageName = com.clash.of.kings.inner, event = 1
04-06 14:17:14.658  1541 16106 I HwNormalizedSpline: NewCurveMode setPersonalizedBrightnessCurveLevel curveLevel=27
04-06 14:17:14.659  2433  2433 I DeepNoDisturbSM: IdleState processMessage msg.what=EVENT_GAME_MOVE_FRONT
04-06 14:17:14.659  1541  1788 I WindowManager: Checking 1 opening apps (frozen=false timeout=false)...
04-06 14:17:14.659  1541  1788 I WindowManager: Check opening app=AppWindowToken{2d3b4e9 token=Token{2b23081 ActivityRecord{2d3b441 u0 com.clash.of.kings.inner/.EmpireActivity t450}}}: allDrawn=false startingDisplayed=false startingMoved=false isRelaunching()=false startingWindow=Window{2f47409 u0 Splash Screen com.clash.of.kings.inner}
04-06 14:17:14.660  2433  8857 W ContextImpl: Calling a method in the system process without a qualified user: android.app.ContextImpl.bindService:1777 android.content.ContextWrapper.bindService:705 com.huawei.appgallery.assistant.service.AppGalleryAssistantService.startAppAssistantService:547 com.huawei.appgallery.assistant.service.AppGalleryAssistantService.access$000:46 com.huawei.appgallery.assistant.service.AppGalleryAssistantService$2.run:384 
04-06 14:17:14.660  1541  1806 I HwAudioServiceEx: ComponentInfo : className = com.huawei.android.launcher.unihome.UniHomeLauncher, flag = onPause, isHomeActivity = , isTop = false
04-06 14:17:14.661  2433  2433 E BoosterUtil: convertSubIdToSlotId failed, subId:0, slotId:-1
04-06 14:17:14.661  2433  2433 E BoosterUtil: getDefaultDataSlotId failed, invalid slotId:-1, subId:0
04-06 14:17:14.661  1541  2123 W HwAudioServiceEx: SoundEffectState bundle get reserved is invalid
04-06 14:17:14.661  1541  2123 I HwAudioServiceEx: sendAppKilledIntentForKit, isKitPackageOnPause = false, isKitPackageKill = false, isKitPackageOnResume = false
04-06 14:17:14.664  1541  2042 D HwActivityManagerServiceEx: notifyAppToTop pid:2610, enable:0
04-06 14:17:14.664  1541  2042 E ProcessInfoCollector: getProcessInfo: proc should not less than zero.
04-06 14:17:14.666  1541  1811 D HwAudioService: onGameStatusChanged packageName = com.clash.of.kings.inner, event = 1
04-06 14:17:14.666  2433  2433 I DeepNoDisturbSM: isWifiConnected = true
04-06 14:17:14.666  1541  1811 D HwAudioService: onGameStatusChanged packageName = com.clash.of.kings.inner, event = 1
04-06 14:17:14.667  1541  2935 V ActivityManager: startProcess: name=com.huawei.gameassistant app=null knownToBeDead=true thread=null pid=-1 preloadStatus=-1
04-06 14:17:14.669  1541  1785 V ActivityTaskManager: Activity idle: null
04-06 14:17:14.669  1541  1785 V ActivityTaskManager: Stopping ActivityRecord{2bb3391 u0 com.huawei.android.launcher/.unihome.UniHomeLauncher t1}: nowVisible=false animating=true finishing=false
04-06 14:17:14.671  1541  1788 I WindowManager: performshow Window{2a4c6e1 u0 com.mobilesecurity.lite} tok.waitingToShow=false isTransitionSet=true parentHidden=false vis=0 tok.hidden=false hasSurface=true policyVis=false destroying=false animating=false
04-06 14:17:14.673  1541  1788 I WindowManager: performshow Window{2a4c6e1 u0 com.mobilesecurity.lite} tok.waitingToShow=false isTransitionSet=true parentHidden=false vis=0 tok.hidden=false hasSurface=true policyVis=false destroying=false animating=false
04-06 14:17:14.673  1541  1788 I WindowManager: performshow Window{2f47409 u0 Splash Screen com.clash.of.kings.inner} tok.waitingToShow=true isTransitionSet=true parentHidden=false vis=0 tok.hidden=true hasSurface=true policyVis=true destroying=false animating=true
04-06 14:17:14.673  2610  2610 D RtgSched: resetRtgSchedHandle failed enable:0
04-06 14:17:14.675  1541  1788 I WindowManager: Checking 1 opening apps (frozen=false timeout=false)...
04-06 14:17:14.675  1541  1788 I WindowManager: Check opening app=AppWindowToken{2d3b4e9 token=Token{2b23081 ActivityRecord{2d3b441 u0 com.clash.of.kings.inner/.EmpireActivity t450}}}: allDrawn=false startingDisplayed=true startingMoved=false isRelaunching()=false startingWindow=Window{2f47409 u0 Splash Screen com.clash.of.kings.inner}
04-06 14:17:14.675  1541  1788 I WindowManager: Checking 0 opening apps (frozen=false timeout=false)...
04-06 14:17:14.675  1541  1788 I HwWindowManagerServiceEx: closing apps count = 1
04-06 14:17:14.675  1541  1788 D RemoteAnimationController: createAnimationAdapter(): token=AppWindowToken{2bbd991 token=Token{2bd3e4f ActivityRecord{2bb3391 u0 com.huawei.android.launcher/.unihome.UniHomeLauncher t1}}}
04-06 14:17:14.675  1541  1788 V WindowManager: commitVisibility: AppWindowToken{2bbd991 token=Token{2bd3e4f ActivityRecord{2bb3391 u0 com.huawei.android.launcher/.unihome.UniHomeLauncher t1}}}: hidden=true hiddenRequested=true
04-06 14:17:14.675  1541  1788 E WindowManager: icon is null!!
04-06 14:17:14.676  1541  1788 D RemoteAnimationController: createAnimationAdapter(): token=AppWindowToken{2d3b4e9 token=Token{2b23081 ActivityRecord{2d3b441 u0 com.clash.of.kings.inner/.EmpireActivity t450}}}
04-06 14:17:14.676  1541  4280 I HwNetworkPolicy: onTransact, code = 203
04-06 14:17:14.676 20167 20203 I HwNetworkPolicyManager: getHwUidPolicy uid = 10629 policy = 0
04-06 14:17:14.676  1541  1788 V WindowManager: commitVisibility: AppWindowToken{2d3b4e9 token=Token{2b23081 ActivityRecord{2d3b441 u0 com.clash.of.kings.inner/.EmpireActivity t450}}}: hidden=false hiddenRequested=false
04-06 14:17:14.676  1541  1788 D RemoteAnimationController: goodToGo()
04-06 14:17:14.676  1541  1788 D RemoteAnimationController: createAnimations()
04-06 14:17:14.677  1541  1788 I WindowManager: dispatchResized : win = Window{2f47409 u0 Splash Screen com.clash.of.kings.inner} drawState = HAS_DRAWN
04-06 14:17:14.679  2433  2433 I DeepNoDisturbSM: GAMEASSIST_NODISTURB_PROP=1,isGameDndSwitchOn return true
04-06 14:17:14.679  1541  1788 I WindowManager: performshow Window{2a4c6e1 u0 com.mobilesecurity.lite} tok.waitingToShow=false isTransitionSet=false parentHidden=false vis=0 tok.hidden=false hasSurface=true policyVis=false destroying=false animating=false
04-06 14:17:14.680  2433  2433 E DeepNoDisturbSM: isNetworkTypeSuitDeepNoDisturbMode, invalid subId:-1
04-06 14:17:14.680  2433  2433 I DeepNoDisturbSM: isCorrectState=true mIsCallOn=false mGameStatus=1 defaultDataSubId=0 default4GSlotId=0 mIsDefaultDataOn=false mIsScreenOn=true deepNoDisturbModeProp=true isDeepNoDisturbSwitchOn=false isGameDndSwitchOn=true isNetworkTypeSuitDeepNoDisturbMode=false isAirplaneModeOn()=false
04-06 14:17:14.680  2433  2433 I DeepNoDisturbSM: isNeedEnterDeepNoDisturbMode false
04-06 14:17:14.680  1541  1788 D RemoteAnimationController: RAC addAfterPrepareSurfacesRunnable prepareLauncherLeashVisible
04-06 14:17:14.680  1541  1788 D RemoteAnimationController: when launcher case, set the surface alpha value of launcher to 1.0f, and the value of leash parent to 0.0f
04-06 14:17:14.680  1541  1788 D RemoteAnimationController: startAnimation(): Notify animation start:
04-06 14:17:14.684  1541  4280 D WindowManager: WS setWallpaperScale return, wallpaper no need to recover
04-06 14:17:14.686  1541  1837 I ActivityManager: Start proc 30424:com.huawei.gameassistant/u0a122 for service {com.huawei.gameassistant/com.huawei.gameassistant.service.NotifyGameSwitchService}
04-06 14:17:14.687  1541  2935 V ActivityManager: Successfully start provider ContentProviderRecord{2e82c1b u0 com.huawei.hwid/com.huawei.jos.game.buoy.provider.ShowBuoyProvider} launchingApp=null caller pid= 2433
04-06 14:17:14.687  1541  1788 I WindowManager: performshow Window{2a4c6e1 u0 com.mobilesecurity.lite} tok.waitingToShow=false isTransitionSet=false parentHidden=false vis=0 tok.hidden=false hasSurface=true policyVis=false destroying=false animating=false
04-06 14:17:14.690  1541  2395 E ProcessInfoCollector: getProcessInfo: failed to find this proc.
04-06 14:17:14.693  2433  8857 W ContextImpl: Calling a method in the system process without a qualified user: android.app.ContextImpl.bindService:1777 android.content.ContextWrapper.bindService:705 com.huawei.appgallery.assistant.service.AppGalleryAssistantService.bindHMSService:618 com.huawei.appgallery.assistant.service.AppGalleryAssistantService.startHMSService:453 com.huawei.appgallery.assistant.service.AppGalleryAssistantService.notifyHMSForegroundEvent:434 
04-06 14:17:14.694  1541  2723 W ActivityManager: Unable to start service Intent { act=com.huawei.hwid.NOTIFY_APP_STATE_SERVICE pkg=com.huawei.himovie } U=0: not found
04-06 14:17:14.695  1541  2723 D HwNetworkManagementService: code == CODE_SET_CHR_REPORT_APP_LIST
04-06 14:17:14.695  1541  2723 I HwNetworkManagementService: chr appuid set succeeded
04-06 14:17:14.698  1541  1781 I StatusBarDisable: setFlags what=0 which=1 pkg=Window{2f47409 u0 Splash Screen com.clash.of.kings.inner}
04-06 14:17:14.700  1541  2098 I HwAudioService: now type = 28,reportForegroundAppType = 9,pkg = null,systemload = 28VOIP_OPTIMIZE_IN_GAMEMODEfalse
04-06 14:17:14.701  1541  2098 I HwAudioService: Music steam not start
04-06 14:17:14.701  1541  2098 I HwAudioServiceEx: setDolbyEffect1 mode = 3
04-06 14:17:14.703  1541  2072 D HwAudioServiceEx: Got dap param update, param = 167772160 status = 3
04-06 14:17:14.703  1541  2072 D HwAudioServiceEx: Got dap param update, param = 1634037843 status = 1601332587
04-06 14:17:14.712 30424 30424 D ActivityThread: Attach thread to application
04-06 14:17:14.719 30424 30443 I ActivityThread: Init compatible state: false
04-06 14:17:14.742  1541  4280 D HwConnectivityServiceEx: set 10122 wlan0 value false
04-06 14:17:14.750  1541  4280 V ActivityManager: Successfully start provider ContentProviderRecord{2b05fdd u0 com.android.providers.settings/.hwext.HwSettingsProvider} launchingApp=null caller pid= 30424
04-06 14:17:14.757 30424 30424 I ActivityThread: finishPreloaded preloadStatus 0
04-06 14:17:14.851 30388 30408 E HwActivityThreadImpl: connect Error.
04-06 14:17:14.852 30388 30408 I HwActivityThreadImpl: connectContinuePreload end mPreloadStatus 3
04-06 14:17:15.080  1541  4280 D RemoteAnimationController: app-onAnimationFinished(): mOuter=com.android.server.wm.RemoteAnimationController@2f80839
04-06 14:17:15.080  1541  4280 D RemoteAnimationController: onAnimationFinished(): Notify animation finished:
04-06 14:17:15.080  1541  4280 I WindowManager: send SET_LAUNCHER_VISIBLE_IN_FINGER_BOOST isVisible:true isNeedHandleWallpaperScale:true, callingPid: 1541
04-06 14:17:15.080  1541  1785 I WindowManager: handle SET_LAUNCHER_VISIBLE_IN_FINGER_BOOST isVisible:true isNeedHandleWallpaperScale: true
04-06 14:17:15.081  1541  4280 I WindowManager: Animation done in AppWindowToken{2d3b4e9 token=Token{2b23081 ActivityRecord{2d3b441 u0 com.clash.of.kings.inner/.EmpireActivity t450}}} isHidden:false hiddenRequested:false
04-06 14:17:15.081  1541  4280 V ActivityTaskManager: Stopping ActivityRecord{2bb3391 u0 com.huawei.android.launcher/.unihome.UniHomeLauncher t1}: nowVisible=false animating=true finishing=false
04-06 14:17:15.081  1541  4280 I WindowManager: Animation done in AppWindowToken{2bbd991 token=Token{2bd3e4f ActivityRecord{2bb3391 u0 com.huawei.android.launcher/.unihome.UniHomeLauncher t1}}} isHidden:true hiddenRequested:true
04-06 14:17:15.081  1541  1788 I WindowManager: New wallpaper target: null prevTarget: Window{260fe51 u0 com.huawei.android.launcher/com.huawei.android.launcher.unihome.UniHomeLauncher}
04-06 14:17:15.082  1541  1788 I WindowManager: performshow Window{2a4c6e1 u0 com.mobilesecurity.lite} tok.waitingToShow=false isTransitionSet=false parentHidden=false vis=0 tok.hidden=false hasSurface=true policyVis=false destroying=false animating=false
04-06 14:17:15.084  1541  1788 I WindowManager: performshow Window{2a4c6e1 u0 com.mobilesecurity.lite} tok.waitingToShow=false isTransitionSet=false parentHidden=false vis=0 tok.hidden=false hasSurface=true policyVis=false destroying=false animating=false
04-06 14:17:15.085  1541  1785 D WindowManager: setLauncherVisibleInFingerBoost record=ActivityRecord{2bb3391 u0 com.huawei.android.launcher/.unihome.UniHomeLauncher t1}
04-06 14:17:15.085  1541  1785 I WindowManager: setLauncherVisible setAlpha to 1.0
04-06 14:17:15.085  1541  1785 D WindowManager: setLauncherVisible wallpaperScale=false
04-06 14:17:15.085  1541  1785 D WindowManager: WS setWallpaperScale return, wallpaper no need to recover
04-06 14:17:15.090  1541  1788 I WindowManager: performshow Window{2a4c6e1 u0 com.mobilesecurity.lite} tok.waitingToShow=false isTransitionSet=false parentHidden=false vis=0 tok.hidden=false hasSurface=true policyVis=false destroying=false animating=false
04-06 14:17:15.096  1541  4280 I WindowManager: performshow Window{2a4c6e1 u0 com.mobilesecurity.lite} tok.waitingToShow=false isTransitionSet=false parentHidden=false vis=0 tok.hidden=false hasSurface=true policyVis=false destroying=false animating=false
04-06 14:17:15.106  1541  1788 I WindowManager: performshow Window{2a4c6e1 u0 com.mobilesecurity.lite} tok.waitingToShow=false isTransitionSet=false parentHidden=false vis=0 tok.hidden=false hasSurface=true policyVis=false destroying=false animating=false
04-06 14:17:15.108  1541  1788 I WindowManager: performshow Window{2a4c6e1 u0 com.mobilesecurity.lite} tok.waitingToShow=false isTransitionSet=false parentHidden=false vis=0 tok.hidden=false hasSurface=true policyVis=false destroying=false animating=false
04-06 14:17:15.110  1541  2098 I WindowManager: performshow Window{2a4c6e1 u0 com.mobilesecurity.lite} tok.waitingToShow=false isTransitionSet=false parentHidden=false vis=0 tok.hidden=false hasSurface=true policyVis=false destroying=false animating=false
04-06 14:17:15.123  1541  1788 I WindowManager: performshow Window{2a4c6e1 u0 com.mobilesecurity.lite} tok.waitingToShow=false isTransitionSet=false parentHidden=false vis=0 tok.hidden=false hasSurface=true policyVis=false destroying=false animating=false
04-06 14:17:15.124  1541  1788 I chatty  : uid=1000(system) android.anim identical 1 line
04-06 14:17:15.139  1541  1788 I WindowManager: performshow Window{2a4c6e1 u0 com.mobilesecurity.lite} tok.waitingToShow=false isTransitionSet=false parentHidden=false vis=0 tok.hidden=false hasSurface=true policyVis=false destroying=false animating=false
04-06 14:17:15.371  1541  2935 V ActivityManager: Successfully start provider ContentProviderRecord{2e84663 u0 com.google.android.gms/.chimera.container.GmsModuleProvider} launchingApp=null caller pid= 30388
04-06 14:17:15.380  1541  2935 D HwConnectivityServiceEx: set 10629 wlan0 value false
04-06 14:17:15.390 30388 30388 I ActivityThread: finishPreloaded preloadStatus 3
04-06 14:17:15.390  1541  2098 D ActivityManager: finishBindApplication callingPid 30388
04-06 14:17:15.390  1541  2098 D ActivityManager: finishBindApplication preloadStatus: 0 app: ProcessRecord{2f47499 30388:com.clash.of.kings.inner/u0a629} uidRec.isPreload: false
04-06 14:17:15.390 30388 30388 I ActivityThread: finishPreloaded end preloadStatus 3
04-06 14:17:15.429  1541  2935 V ActivityManager: Successfully start provider ContentProviderRecord{2b05fdd u0 com.android.providers.settings/.hwext.HwSettingsProvider} launchingApp=null caller pid= 30388
04-06 14:17:15.432 30388 30388 V ActivityThread: callActivityOnCreate
04-06 14:17:15.522  1541  4280 I HwInnerVibratorService: isSupportHwVibrator type:haptic.common.long_press1, isSupport:0
04-06 14:17:15.522  1541  2361 I HwInnerVibratorService: isSupportHwVibrator type:haptic.slide.type6, isSupport:0
04-06 14:17:15.609  1541  2361 E WifiPermissionsUtil: getUidPermission is DENIED and permissionType android.permission.ACCESS_COARSE_LOCATIONuid 10629
04-06 14:17:15.609  1541  2361 E WifiPermissionsUtil: getUidPermission is DENIED and permissionType android.permission.ACCESS_COARSE_LOCATIONuid 10629
04-06 14:17:16.176  1541  2935 V ActivityManager: Successfully start provider ContentProviderRecord{2d19b20 u0 com.google.android.gsf/.gservices.GservicesProvider} launchingApp=ProcessRecord{2b06499 5302:com.google.process.gservices/u0a139} caller pid= 30388
04-06 14:17:16.181 30388 30388 D ActivityThread: add activity client record, r= ActivityRecord{8a536b5 token=android.os.BinderProxy@5b571aa {com.clash.of.kings.inner/com.clash.of.kings.inner.EmpireActivity}} token= android.os.BinderProxy@5b571aa
04-06 14:17:16.183  1541  4280 V ActivityManager: Successfully start provider ContentProviderRecord{2e8467e u0 com.google.android.gms/.phenotype.provider.ConfigurationProvider} launchingApp=null caller pid= 30388
04-06 14:17:16.241  1541  2042 E ProcessInfoCollector: getProcessInfo: proc should not less than zero.
04-06 14:17:16.242  1541  2723 I WindowManager: addWindow: Window{2ce1e09 u0 com.clash.of.kings.inner/com.clash.of.kings.inner.EmpireActivity}
04-06 14:17:16.246  1541  1806 I HwAudioServiceEx: ComponentInfo : className = com.clash.of.kings.inner.EmpireActivity, flag = onResume, isHomeActivity = , isTop = true
04-06 14:17:16.247  2433  3031 I HidataAppQoeP: foregroundUidAdd uid: 10629 name: com.clash.of.kings.inner activity state: true
04-06 14:17:16.247  1541  2123 W HwAudioServiceEx: SoundEffectState bundle get reserved is invalid
04-06 14:17:16.247  1541  2123 I HwAudioServiceEx: sendAppKilledIntentForKit, isKitPackageOnPause = false, isKitPackageKill = false, isKitPackageOnResume = false
04-06 14:17:16.251  1541  1788 I WindowManager: performshow Window{2a4c6e1 u0 com.mobilesecurity.lite} tok.waitingToShow=false isTransitionSet=false parentHidden=false vis=0 tok.hidden=false hasSurface=true policyVis=false destroying=false animating=false
04-06 14:17:16.251  1541  2216 D HwConnectivityServiceEx: set 1000 wlan0 value false
04-06 14:17:16.255  2433  3031 E BoosterUtil: convertSubIdToSlotId failed, subId:0, slotId:-1
04-06 14:17:16.255  2433  3031 E BoosterUtil: getDefaultDataSlotId failed, invalid slotId:-1, subId:0
04-06 14:17:16.255  2433  3031 I NetworkQoeChr: checkForegroundApp timer end
04-06 14:17:16.260  2433  3031 E BoosterUtil: convertSubIdToSlotId failed, subId:0, slotId:-1
04-06 14:17:16.260  2433  3031 E BoosterUtil: getDefaultDataSlotId failed, invalid slotId:-1, subId:0
04-06 14:17:16.262  2433  3031 E BoosterUtil: convertSubIdToSlotId failed, subId:0, slotId:-1
04-06 14:17:16.262  2433  3031 E BoosterUtil: getDefaultDataSlotId failed, invalid slotId:-1, subId:0
04-06 14:17:16.263  2433  3031 I SmartDualCardConfig: getAppType,pkgName=com.clash.of.kings.inner,appType=9
04-06 14:17:16.263  2433  3031 E SmartDualCardConfig: isAppInBlackList false,items==null
04-06 14:17:16.263  2433  3031 I SmartDualCardConfig: isAppInWhiteList false,uid=10629
04-06 14:17:16.268  1541  2723 I WindowManager: performshow Window{2a4c6e1 u0 com.mobilesecurity.lite} tok.waitingToShow=false isTransitionSet=false parentHidden=false vis=0 tok.hidden=false hasSurface=true policyVis=false destroying=false animating=false
04-06 14:17:16.269  2433  3031 E BoosterUtil: convertSubIdToSlotId failed, subId:0, slotId:-1
04-06 14:17:16.269  2433  3031 E BoosterUtil: getDefaultDataSlotId failed, invalid slotId:-1, subId:0
04-06 14:17:16.271  1541  2723 I WindowManager: Changing focus from null to Window{2ce1e09 u0 com.clash.of.kings.inner/com.clash.of.kings.inner.EmpireActivity} displayId=0 Callers=com.android.server.wm.RootWindowContainer.updateFocusedWindowLocked:4603440 com.android.server.wm.WindowManagerService.updateFocusedWindowLocked:4600788 com.android.server.wm.WindowManagerService.relayoutWindow:4764072 com.android.server.wm.Session.relayout:4767700 
04-06 14:17:16.272  1541  2723 V HwPhoneWindowManager: updateSystemUiColorLw window=Window{2ce1e09 u0 com.clash.of.kings.inner/com.clash.of.kings.inner.EmpireActivity},EmuiStyle=0,StatusBarColor=0xff757575,NavigationBarColor=0xfffcfcfc, mForceNotchStatusBar=false
04-06 14:17:16.272  1541  2723 I HwDisplayContentEx: currentFocus windowstate not null
04-06 14:17:16.272  1541  2723 E ZrHung.AppEyeFocusWindow: cancel check
04-06 14:17:16.272  1541  2723 I HwDisplayContentEx: trans currentFocus windowstate not null
04-06 14:17:16.272  2247 15912 I HwCommandQueue: updateBarBgColor
04-06 14:17:16.272  2247 15912 D HwCommandQueue: CommandQueue, setBarBackgroundColor
04-06 14:17:16.273  1541  1781 I StatusBarDisable: setFlags what=0 which=1 pkg=Window{2ce1e09 u0 com.clash.of.kings.inner/com.clash.of.kings.inner.EmpireActivity}
04-06 14:17:16.275  1541  2042 E ProcessInfoCollector: getProcessInfo: proc should not less than zero.
04-06 14:17:16.278  2433  3031 E BoosterUtil: convertSubIdToSlotId failed, subId:0, slotId:-1
04-06 14:17:16.278  2433  3031 E BoosterUtil: getDefaultDataSlotId failed, invalid slotId:-1, subId:0
04-06 14:17:16.282  1541  2935 E WifiPermissionsUtil: getUidPermission is DENIED and permissionType android.permission.ACCESS_COARSE_LOCATIONuid 10629
04-06 14:17:16.283  1541  2935 E WifiPermissionsUtil: getUidPermission is DENIED and permissionType android.permission.ACCESS_COARSE_LOCATIONuid 10629
04-06 14:17:16.284  1541  1788 I WindowManager: performshow Window{2a4c6e1 u0 com.mobilesecurity.lite} tok.waitingToShow=false isTransitionSet=false parentHidden=false vis=0 tok.hidden=false hasSurface=true policyVis=false destroying=false animating=false
04-06 14:17:16.322  1541  7031 W ActivityManager: Service starting has been prevented by iaware or trustsbase sInfo ServiceInfo{2a8c277 org.chromium.chrome.browser.customtabs.CustomTabsConnectionService}
04-06 14:17:16.324  1541  7031 I WindowManager: performshow Window{2a4c6e1 u0 com.mobilesecurity.lite} tok.waitingToShow=false isTransitionSet=false parentHidden=false vis=0 tok.hidden=false hasSurface=true policyVis=false destroying=false animating=false
04-06 14:17:16.324  1541  7031 I WindowManager: dispatchResized : win = Window{2ce1e09 u0 com.clash.of.kings.inner/com.clash.of.kings.inner.EmpireActivity} drawState = DRAW_PENDING
04-06 14:17:16.331  1541  1788 I WindowManager: performshow Window{2a4c6e1 u0 com.mobilesecurity.lite} tok.waitingToShow=false isTransitionSet=false parentHidden=false vis=0 tok.hidden=false hasSurface=true policyVis=false destroying=false animating=false
04-06 14:17:16.335  1541  2935 D HwInputMethodManagerService: isSecMethodUsing = false
04-06 14:17:16.339 30388 30471 E ActivityThread: Failed to find provider info for com.facebook.katana.provider.AttributionIdProvider
04-06 14:17:16.364  1541  2098 V ActivityTaskManager: Activity idle: Token{2b23081 ActivityRecord{2d3b441 u0 com.clash.of.kings.inner/.EmpireActivity t450}}
04-06 14:17:16.370  2433  3031 E BoosterUtil: convertSubIdToSlotId failed, subId:0, slotId:-1
04-06 14:17:16.370  2433  3031 E BoosterUtil: getDefaultDataSlotId failed, invalid slotId:-1, subId:0
04-06 14:17:16.371  2433  3031 I SmartDualCardConfig: getAppType,pkgName=com.huawei.android.launcher,appType=28
04-06 14:17:16.371  2433  3031 E SmartDualCardConfig: isAppInBlackList false,items==null
04-06 14:17:16.371  2433  3031 I SmartDualCardConfig: isAppInWhiteList false,uid=10080
04-06 14:17:16.382  1541  2098 I WindowManager: notifyAppStopped: AppWindowToken{2bbd991 token=Token{2bd3e4f ActivityRecord{2bb3391 u0 com.huawei.android.launcher/.unihome.UniHomeLauncher t1}}}
04-06 14:17:16.382  1541  2098 E WindowManager: win=Window{2adec51 u0 com.huawei.intelligent.Workspace} destroySurfaces: appStopped=true win.mWindowRemovalAllowed=false win.mRemoveOnExit=false
04-06 14:17:16.382  1541  2098 E WindowManager: win=Window{260fe51 u0 com.huawei.android.launcher/com.huawei.android.launcher.unihome.UniHomeLauncher} destroySurfaces: appStopped=true win.mWindowRemovalAllowed=false win.mRemoveOnExit=false
04-06 14:17:16.387  1541  7031 E WifiPermissionsUtil: getUidPermission is DENIED and permissionType android.permission.ACCESS_COARSE_LOCATIONuid 10629
04-06 14:17:16.396  1541  1788 I WindowManager: performshow Window{2a4c6e1 u0 com.mobilesecurity.lite} tok.waitingToShow=false isTransitionSet=false parentHidden=false vis=0 tok.hidden=false hasSurface=true policyVis=false destroying=false animating=false
04-06 14:17:16.709  1541  1788 I chatty  : uid=1000(system) android.anim identical 1 line
04-06 14:17:16.711  1541  1788 I WindowManager: performshow Window{2a4c6e1 u0 com.mobilesecurity.lite} tok.waitingToShow=false isTransitionSet=false parentHidden=false vis=0 tok.hidden=false hasSurface=true policyVis=false destroying=false animating=false
04-06 14:17:16.713  1541  1788 I ViewRootImpl: dispatchDetachedFromWindow in doDie
04-06 14:17:16.714  1541  1788 I WindowManager: removeIfPossible: Window{2f47409 u0 Splash Screen com.clash.of.kings.inner} callers=com.android.server.wm.WindowState.removeIfPossible:775268 com.android.server.wm.WindowManagerService.removeWindow:849736 android.view.ViewRootImpl.dispatchDetachedFromWindow:4980632 android.view.ViewRootImpl.doDie:4978812 android.view.ViewRootImpl$ViewRootHandler.handleMessage:5313432 
04-06 14:17:16.715  1541  1788 I WindowManager: Not removing Window{2f47409 u0 Splash Screen com.clash.of.kings.inner EXITING} due to exit animation 
04-06 14:17:16.716  1541  1788 I WindowManager: performshow Window{2a4c6e1 u0 com.mobilesecurity.lite} tok.waitingToShow=false isTransitionSet=false parentHidden=false vis=0 tok.hidden=false hasSurface=true policyVis=false destroying=false animating=false
04-06 14:17:16.719  1541  1788 I chatty  : uid=1000(system) android.anim identical 2 lines
04-06 14:17:16.734  1541  1788 I WindowManager: performshow Window{2a4c6e1 u0 com.mobilesecurity.lite} tok.waitingToShow=false isTransitionSet=false parentHidden=false vis=0 tok.hidden=false hasSurface=true policyVis=false destroying=false animating=false
04-06 14:17:16.815  1541  1788 I WindowManager: Exit animation finished in Window{2f47409 u0 Splash Screen com.clash.of.kings.inner EXITING}: remove=true
04-06 14:17:16.815  1541  1788 E WindowManager: win=Window{2f47409 u0 Splash Screen com.clash.of.kings.inner EXITING} destroySurfaces: appStopped=false win.mWindowRemovalAllowed=true win.mRemoveOnExit=true
04-06 14:17:16.816  1541  1788 I WindowManager: postWindowRemoveCleanupLocked: Window{2f47409 u0 Splash Screen com.clash.of.kings.inner}
04-06 14:17:16.816  1541  1788 I WindowManager: Removing Window{2f47409 u0 Splash Screen com.clash.of.kings.inner} from AppWindowToken{2d3b4e9 token=Token{2b23081 ActivityRecord{2d3b441 u0 com.clash.of.kings.inner/.EmpireActivity t450}}}
04-06 14:17:16.817  1541  1788 I WindowManager: performshow Window{2a4c6e1 u0 com.mobilesecurity.lite} tok.waitingToShow=false isTransitionSet=false parentHidden=false vis=0 tok.hidden=false hasSurface=true policyVis=false destroying=false animating=false
04-06 14:17:16.833  1541  1788 I chatty  : uid=1000(system) android.anim identical 2 lines
04-06 14:17:16.848  1541  1788 I WindowManager: performshow Window{2a4c6e1 u0 com.mobilesecurity.lite} tok.waitingToShow=false isTransitionSet=false parentHidden=false vis=0 tok.hidden=false hasSurface=true policyVis=false destroying=false animating=false
04-06 14:17:17.259  2433  3031 D NpdcpAliveManager: ro.odm.npdcp_alive_cfg_enable is false
04-06 14:17:18.288  2433  3031 D NpdcpAliveManager: ro.odm.npdcp_alive_cfg_enable is false
04-06 14:17:18.355  1541  7031 W ProcBatteryStats: timer is running , not start, name: audioserver, uid: 1041, tag: AudioMix
04-06 14:17:18.561  1541  1836 I NotificationService: enqueueNotificationInternal: pkg=com.mobilesecurity.lite id=1 notification=Notification(channel=notification_bar pri=2 contentView=com.mobilesecurity.lite/0x7f030001 vibrate=null sound=null tick defaults=0x0 flags=0x62 color=0x00000000 vis=PRIVATE)
04-06 14:17:18.562  1541  1836 I NotificationService: enqueueNotificationInternal Channel Info : pkg=com.mobilesecurity.lite id=1 importance =2
04-06 14:17:18.580  1541  2038 I ActivityManager: sendIntentSender target:PendingIntentRecord{2bddd89 com.android.providers.contacts broadcastIntent}, intent:flg=0x4 hwFlg=0x810
04-06 14:17:18.581  1541  1836 I ActivityManager: App 10006/com.android.providers.contacts targets O+, restricted
04-06 14:17:18.585  1541  2098 V BroadcastQueue: Finished with ordered broadcast BroadcastRecord{2d3c1c3 u0 null}
04-06 14:17:18.589  1541  1541 I JobScheduler.Time: realNextJobExpiredElapsedMillis: 3646527301mNextJobExpiredElapsedMillis3646527301
04-06 14:17:18.590  1541  1541 I JobScheduler.Time: realNextDelayExpiredElapsedMillis: 3645652020 mNextDelayExpiredElapsedMillis:3645652020
04-06 14:17:18.590  1541  1541 I JobScheduler: pending queue: 1 jobs.
04-06 14:17:18.590  1541  1541 I JobScheduler: About to run job on context 0, job: JobStatus{2c66443 #u0a535/206 com.mobilesecurity.lite/com.qihoo.libcoredaemon.jobscheduler.JobKeepAliveService u=0 s=10535 TIME=-11ms:-11ms NET PERSISTED READY}
04-06 14:17:18.598  1541  2098 V BroadcastQueue: Finished with ordered broadcast BroadcastRecord{2d3c175 u0 com.mobilesecurity.lite.intent.action.REPORT_STAT_NOTIFY}
04-06 14:17:18.708  1541  2098 V BroadcastQueue: Finished with ordered broadcast BroadcastRecord{2d3c023 u0 com.mobilesecurity.lite.intent.action.REPORT_STAT_NOTIFY}
04-06 14:17:18.730  1541  1917 I DisplayPowerController: mPowerState.mScreenChangedReason: 65537 mPendingRequestLocked.mScreenChangeReason 65537
04-06 14:17:18.730  1541  1917 I DisplayPowerController: Want screen on.
04-06 14:17:18.730  1541  1917 I DisplayPowerController: Animating brightness: target=41, rate=60,brightnessTargetReal=41,AutoBrightness=true
04-06 14:17:18.730  1541  1917 V DisplayPowerController: Brightness [41] reason changing to: 'automatic [ auto_adj ]', previous reason: 'automatic'.
04-06 14:17:18.733  1541  1917 I HwNormalizedRampAnimator: hbm_dimming target=1607 rate=60 duration=65.0
04-06 14:17:18.734  1541  1917 I HwPowerManagerService: updateSettingsLocked mEyesProtectionMode:0
04-06 14:17:19.307  2433  3031 D NpdcpAliveManager: ro.odm.npdcp_alive_cfg_enable is false
04-06 14:17:19.385  1541  2723 V ActivityManager: Successfully start provider ContentProviderRecord{2a4438c u0 com.huawei.intelligent/.main.database.IntelligentProvider} launchingApp=null caller pid= 7712
04-06 14:17:20.114 30388 30388 W HwApsManager: HwApsManagerService, registerCallback, start !
04-06 14:17:20.114  1541  2156 I HwApsManagerConfig: registerCallbackLocked success, pkgName:com.clash.of.kings.inner, callback_count:22
04-06 14:17:20.114  1541  2156 I HwApsManagerConfig: doCallbackAtFirstRegisterLocked, start ! pkgName:com.clash.of.kings.inner
04-06 14:17:20.158  1541  2156 D HwConnectivityServiceEx: set 10629 wlan0 value false
04-06 14:17:20.259  1541  1792 I AppEyeFwkBlock: do monitor
04-06 14:17:20.333  2433  3031 D NpdcpAliveManager: ro.odm.npdcp_alive_cfg_enable is false
04-06 14:17:21.359  2433  3031 D NpdcpAliveManager: ro.odm.npdcp_alive_cfg_enable is false
