01-08 17:53:46.952 15668 15752 D cocos2d-x debug info: [17:53:46.952][9d25c930][CRI](JNI) Java_org_cocos2dx_ext_Native_nativeSetPhoneStateConfig.
01-08 17:53:46.952 15668 15752 D cocos2d-x debug info: [17:53:46.952][9d25c930][CRI](JNI) Java_org_cocos2dx_ext_Native_nativeSetPhoneStateConfig.
01-08 17:53:46.952 15668 15752 D cocos2d-x debug info: [17:53:46.952][9d25c930][CRI](JNI) Java_org_cocos2dx_ext_Native_nativeSetPhoneStateConfig.
01-08 17:53:46.953 15668 15752 D cocos2d-x debug info: [17:53:46.952][9d25c930][CRI](JNI) Java_org_cocos2dx_ext_Native_nativeSetPhoneStateConfig.
01-08 17:53:46.953 15668 15752 D cocos2d-x debug info: [17:53:46.953][9d25c930][CRI](JNI) Java_org_cocos2dx_ext_Native_nativeSetPhoneStateConfig.
01-08 17:53:46.953 15668 15752 D cocos2d-x debug info: [17:53:46.953][9d25c930][CRI](JNI) Java_org_cocos2dx_ext_Native_nativeSetPhoneStateConfig.
01-08 17:53:46.953 15668 15752 D cocos2d-x debug info: [17:53:46.953][9d25c930][CRI](JNI) Java_org_cocos2dx_ext_Native_nativeSetPhoneStateConfig.
01-08 17:53:46.953 15668 15752 D cocos2d-x debug info: [17:53:46.953][9d25c930][CRI](JNI) Java_org_cocos2dx_ext_Native_nativeSetPhoneStateConfig.
01-08 17:53:46.953 15668 15752 D cocos2d-x debug info: [17:53:46.953][9d25c930][CRI](JNI) Java_org_cocos2dx_ext_Native_nativeSetPhoneStateConfig.
01-08 17:53:46.953 15668 15752 D cocos2d-x debug info: [17:53:46.953][9d25c930][CRI](JNI) Java_org_cocos2dx_ext_Native_nativeSetPhoneStateConfig.
01-08 17:53:46.954 15668 15752 D cocos2d-x debug info: [17:53:46.954][9d25c930][CRI](JNI) Java_org_cocos2dx_ext_Native_nativeSetPhoneStateConfig.
01-08 17:53:46.954 15668 15752 D cocos2d-x debug info: [17:53:46.954][9d25c930][CRI](JNI) Java_org_cocos2dx_ext_Native_nativeSetPhoneStateConfig.
01-08 17:53:46.954 15668 15752 D cocos2d-x debug info: [17:53:46.954][9d25c930][CRI](JNI) Java_org_cocos2dx_ext_Native_nativeSetPhoneStateConfig.
01-08 17:53:46.954 15668 15752 D cocos2d-x debug info: [17:53:46.954][9d25c930][CRI](JNI) Java_org_cocos2dx_ext_Native_nativeSetPhoneStateConfig.
01-08 17:53:46.954 15668 15752 D cocos2d-x debug info: [17:53:46.954][9d25c930][CRI](JNI) Java_org_cocos2dx_ext_Native_nativeSetPhoneStateConfig.
01-08 17:53:46.954 15668 15752 D cocos2d-x debug info: [17:53:46.954][9d25c930][CRI](JNI) Java_org_cocos2dx_ext_Native_nativeSetPhoneStateConfig.
01-08 17:53:46.954 15668 15752 D cocos2d-x debug info: [17:53:46.954][9d25c930][CRI](JNI) Java_org_cocos2dx_ext_Native_nativeSetPhoneStateConfig.
01-08 17:53:46.955 15668 15752 D cocos2d-x debug info: [17:53:46.955][9d25c930][CRI](JNI) Java_org_cocos2dx_ext_Native_nativeSetPhoneStateConfig.
01-08 17:53:46.955 15668 15752 D cocos2d-x debug info: [17:53:46.955][9d25c930][CRI](JNI) Java_org_cocos2dx_ext_Native_nativeSetPhoneStateConfig.
01-08 17:53:46.956 15668 15752 D cocos2d-x debug info: [17:53:46.956][9d25c930][CRI](JNI) Java_org_cocos2dx_ext_Native_nativeSetPhoneStateConfig.
01-08 17:53:46.956 15668 15752 D cocos2d-x debug info: [17:53:46.956][9d25c930][CRI](JNI) Java_org_cocos2dx_ext_Native_nativeSetPhoneStateConfig.
01-08 17:53:46.956 15668 15752 D cocos2d-x debug info: [17:53:46.956][9d25c930][CRI](JNI) Java_org_cocos2dx_ext_Native_nativeSetPhoneStateConfig.
01-08 17:53:46.956 15668 15752 D cocos2d-x debug info: [17:53:46.956][9d25c930][CRI](JNI) Java_org_cocos2dx_ext_Native_nativeSetPhoneStateConfig.
01-08 17:53:46.956 15668 15752 D cocos2d-x debug info: [17:53:46.956][9d25c930][CRI](JNI) Java_org_cocos2dx_ext_Native_nativeSetPhoneStateConfig.
01-08 17:53:46.959 15668 15752 D cocos2d-x debug info: [17:53:46.959][9d25c930][CRI](JNI) Java_org_cocos2dx_ext_Native_nativeSetPhoneStateConfig.
01-08 17:53:46.960 15668 15752 D cocos2d-x debug info: [17:53:46.960][9d25c930][CRI](JNI) Java_org_cocos2dx_ext_Native_nativeSetPhoneStateConfig.
01-08 17:53:46.960 15668 15752 D cocos2d-x debug info: [17:53:46.960][9d25c930][CRI](JNI) Java_org_cocos2dx_ext_Native_nativeSetPhoneStateConfig.
01-08 17:53:46.960 15668 15752 D cocos2d-x debug info: [17:53:46.960][9d25c930][CRI](JNI) Java_org_cocos2dx_ext_Native_nativeSetPhoneStateConfig.
01-08 17:53:46.960 15668 15752 D cocos2d-x debug info: [17:53:46.960][9d25c930][CRI](JNI) Java_org_cocos2dx_ext_Native_nativeSetPhoneStateConfig.
01-08 17:53:46.960 15668 15752 D cocos2d-x debug info: [17:53:46.960][9d25c930][CRI](JNI) Java_org_cocos2dx_ext_Native_nativeSetPhoneStateConfig.
01-08 17:53:46.960 15668 15752 D cocos2d-x debug info: [17:53:46.960][9d25c930][CRI](JNI) Java_org_cocos2dx_ext_Native_nativeSetPhoneStateConfig.
01-08 17:53:46.960 15668 15752 D cocos2d-x debug info: [17:53:46.960][9d25c930][CRI](JNI) Java_org_cocos2dx_ext_Native_nativeSetPhoneStateConfig.
01-08 17:53:46.960 15668 15752 D cocos2d-x debug info: [17:53:46.960][9d25c930][CRI](JNI) Java_org_cocos2dx_ext_Native_nativeSetPhoneStateConfig.
01-08 17:53:46.960 15668 15752 D cocos2d-x debug info: [17:53:46.960][9d25c930][CRI](JNI) Java_org_cocos2dx_ext_Native_nativeSetPhoneStateConfig.
01-08 17:53:46.960 15668 15752 D cocos2d-x debug info: [17:53:46.960][9d25c930][CRI](JNI) Java_org_cocos2dx_ext_Native_nativeSetPhoneStateConfig.
01-08 17:53:46.960 15668 15752 D cocos2d-x debug info: [17:53:46.960][9d25c930][CRI](JNI) Java_org_cocos2dx_ext_Native_nativeSetPhoneStateConfig.
01-08 17:53:46.960 15668 15752 D cocos2d-x debug info: [17:53:46.960][9d25c930][CRI](JNI) Java_org_cocos2dx_ext_Native_nativeSetPhoneStateConfig.
01-08 17:53:46.960 15668 15752 D cocos2d-x debug info: [17:53:46.960][9d25c930][CRI](JNI) Java_org_cocos2dx_ext_Native_nativeSetPhoneStateConfig.
01-08 17:53:46.960 15668 15752 D cocos2d-x debug info: [17:53:46.960][9d25c930][CRI](JNI) Java_org_cocos2dx_ext_Native_nativeSetPhoneStateConfig.
01-08 17:53:46.960 15668 15752 D cocos2d-x debug info: [17:53:46.960][9d25c930][CRI](JNI) Java_org_cocos2dx_ext_Native_nativeSetPhoneStateConfig.
01-08 17:53:46.961 15668 15752 D cocos2d-x debug info: [17:53:46.961][9d25c930][CRI](JNI) Java_org_cocos2dx_ext_Native_nativeSetPhoneStateConfig.
01-08 17:53:46.961 15668 15752 D cocos2d-x debug info: [17:53:46.961][9d25c930][CRI](JNI) Java_org_cocos2dx_ext_Native_nativeSetPhoneStateConfig.
01-08 17:53:46.961 15668 15752 D cocos2d-x debug info: [17:53:46.961][9d25c930][CRI](JNI) Java_org_cocos2dx_ext_Native_nativeSetPhoneStateConfig.
01-08 17:53:46.961 15668 15752 D cocos2d-x debug info: [17:53:46.961][9d25c930][CRI](JNI) Java_org_cocos2dx_ext_Native_nativeSetPhoneStateConfig.
01-08 17:53:46.961 15668 15752 D cocos2d-x debug info: [17:53:46.961][9d25c930][CRI](JNI) Java_org_cocos2dx_ext_Native_nativeSetPhoneStateConfig.
01-08 17:53:46.961 15668 15752 D cocos2d-x debug info: [17:53:46.961][9d25c930][CRI](JNI) Java_org_cocos2dx_ext_Native_nativeSetPhoneStateConfig.
01-08 17:53:46.961 15668 15752 D cocos2d-x debug info: [17:53:46.961][9d25c930][CRI](JNI) Java_org_cocos2dx_ext_Native_nativeSetPhoneStateConfig.
01-08 17:53:46.961 15668 15752 D cocos2d-x debug info: [17:53:46.961][9d25c930][CRI](JNI) Java_org_cocos2dx_ext_Native_nativeSetPhoneStateConfig.
01-08 17:53:46.961 15668 15752 D cocos2d-x debug info: [17:53:46.961][9d25c930][CRI](JNI) Java_org_cocos2dx_ext_Native_nativeSetPhoneStateConfig.
01-08 17:53:46.961 15668 15752 D cocos2d-x debug info: [17:53:46.961][9d25c930][CRI](JNI) Java_org_cocos2dx_ext_Native_nativeSetPhoneStateConfig.
01-08 17:53:46.961 15668 15752 D cocos2d-x debug info: [17:53:46.961][9d25c930][CRI](JNI) Java_org_cocos2dx_ext_Native_nativeSetPhoneStateConfig.
01-08 17:53:46.961 15668 15752 D cocos2d-x debug info: [17:53:46.961][9d25c930][CRI](JNI) Java_org_cocos2dx_ext_Native_nativeSetPhoneStateConfig.
01-08 17:53:46.961 15668 15752 D cocos2d-x debug info: [17:53:46.961][9d25c930][CRI](JNI) Java_org_cocos2dx_ext_Native_nativeSetPhoneStateConfig.
01-08 17:53:46.962 15668 15752 D cocos2d-x debug info: [17:53:46.962][9d25c930][CRI](JNI) Java_org_cocos2dx_ext_Native_nativeSetPhoneStateConfig.
01-08 17:53:46.963 15668 15752 D cocos2d-x debug info: [17:53:46.963][9d25c930][CRI](JNI) Java_org_cocos2dx_ext_Native_nativeSetPhoneStateConfig.
01-08 17:53:46.963 15668 15752 D cocos2d-x debug info: [17:53:46.963][9d25c930][CRI](JNI) Java_org_cocos2dx_ext_Native_nativeSetPhoneStateConfig.
01-08 17:53:46.963 15668 15668 D cocos2d-x debug info: [17:53:46.963][b7721c00][INF](DEF) parse_reg 2a10c94f-98a7-4c58-a9d3-e83b67ef3e22 
01-08 17:53:46.963 15668 15752 D cocos2d-x debug info: [17:53:46.963][9d25c930][CRI](JNI) Java_org_cocos2dx_ext_Native_nativeSetPhoneStateConfig.
01-08 17:53:46.963 15668 15752 D cocos2d-x debug info: [17:53:46.963][9d25c930][CRI](JNI) Java_org_cocos2dx_ext_Native_nativeSetPhoneStateConfig.
01-08 17:53:46.963 15668 15752 D cocos2d-x debug info: [17:53:46.963][9d25c930][CRI](JNI) Java_org_cocos2dx_ext_Native_nativeSetPhoneStateConfig.
01-08 17:53:46.963 15668 15752 D cocos2d-x debug info: [17:53:46.963][9d25c930][CRI](JNI) Java_org_cocos2dx_ext_Native_nativeSetPhoneStateConfig.
01-08 17:53:46.964 15668 15752 D cocos2d-x debug info: [17:53:46.963][9d25c930][CRI](JNI) Java_org_cocos2dx_ext_Native_nativeSetPhoneStateConfig.
01-08 17:53:46.964 15668 15752 D cocos2d-x debug info: [17:53:46.964][9d25c930][CRI](JNI) Java_org_cocos2dx_ext_Native_nativeSetPhoneStateConfig.
01-08 17:53:46.964 15668 15752 D cocos2d-x debug info: [17:53:46.964][9d25c930][CRI](JNI) Java_org_cocos2dx_ext_Native_nativeSetPhoneStateConfig.
01-08 17:53:46.964 15668 15668 D cocos2d-x debug info: [17:53:46.964][b7721c00][CRI](JNI) Java_org_cocos2dx_ext_Native_nativeSetIsRequestPermissionsReady: 1
01-08 17:53:46.965 15668 15752 D cocos2d-x debug info: [17:53:46.965][9d25c930][CRI](JNI) Java_org_cocos2dx_ext_Native_nativeSetPhoneStateConfig.
01-08 17:53:46.965 15668 15752 D cocos2d-x debug info: [17:53:46.965][9d25c930][CRI](JNI) Java_org_cocos2dx_ext_Native_nativeSetPhoneStateConfig.
01-08 17:53:46.965 15668 15752 D cocos2d-x debug info: [17:53:46.965][9d25c930][CRI](JNI) Java_org_cocos2dx_ext_Native_nativeSetPhoneStateConfig.
01-08 17:53:46.965 15668 15752 D cocos2d-x debug info: [17:53:46.965][9d25c930][CRI](JNI) Java_org_cocos2dx_ext_Native_nativeSetPhoneStateConfig.
01-08 17:53:46.965 15668 15752 D cocos2d-x debug info: [17:53:46.965][9d25c930][CRI](JNI) Java_org_cocos2dx_ext_Native_nativeSetPhoneStateConfig.
01-08 17:53:46.965 15668 15752 D cocos2d-x debug info: [17:53:46.965][9d25c930][CRI](JNI) Java_org_cocos2dx_ext_Native_nativeSetPhoneStateConfig.
01-08 17:53:46.965 15668 15752 D cocos2d-x debug info: [17:53:46.965][9d25c930][CRI](JNI) Java_org_cocos2dx_ext_Native_nativeSetPhoneStateConfig.
01-08 17:53:46.965 15668 15752 D cocos2d-x debug info: [17:53:46.965][9d25c930][CRI](JNI) Java_org_cocos2dx_ext_Native_nativeSetPhoneStateConfig.
01-08 17:53:46.965 15668 15752 D cocos2d-x debug info: [17:53:46.965][9d25c930][CRI](JNI) Java_org_cocos2dx_ext_Native_nativeSetPhoneStateConfig.
01-08 17:53:46.966 15668 15752 D cocos2d-x debug info: [17:53:46.965][9d25c930][CRI](JNI) Java_org_cocos2dx_ext_Native_nativeSetPhoneStateConfig.
01-08 17:53:46.966 15668 15752 D cocos2d-x debug info: [17:53:46.966][9d25c930][CRI](JNI) Java_org_cocos2dx_ext_Native_nativeSetPhoneStateConfig.
01-08 17:53:46.966 15668 15752 D cocos2d-x debug info: [17:53:46.966][9d25c930][CRI](JNI) Java_org_cocos2dx_ext_Native_nativeSetPhoneStateConfig.
01-08 17:53:46.966 15668 15752 D cocos2d-x debug info: [17:53:46.966][9d25c930][CRI](JNI) Java_org_cocos2dx_ext_Native_nativeSetPhoneStateConfig.
01-08 17:53:46.966 15668 15752 D cocos2d-x debug info: [17:53:46.966][9d25c930][CRI](JNI) Java_org_cocos2dx_ext_Native_nativeSetPhoneStateConfig.
01-08 17:53:46.966 15668 15752 D cocos2d-x debug info: [17:53:46.966][9d25c930][CRI](JNI) Java_org_cocos2dx_ext_Native_nativeSetPhoneStateConfig.
01-08 17:53:46.966 15668 15752 D cocos2d-x debug info: [17:53:46.966][9d25c930][CRI](JNI) Java_org_cocos2dx_ext_Native_nativeSetPhoneStateConfig.
01-08 17:53:46.966 15668 15752 D cocos2d-x debug info: [17:53:46.966][9d25c930][CRI](JNI) Java_org_cocos2dx_ext_Native_nativeSetPhoneStateConfig.
01-08 17:53:46.966 15668 15752 D cocos2d-x debug info: [17:53:46.966][9d25c930][CRI](JNI) Java_org_cocos2dx_ext_Native_nativeSetPhoneStateConfig.
01-08 17:53:46.966 15668 15752 D cocos2d-x debug info: [17:53:46.966][9d25c930][CRI](JNI) Java_org_cocos2dx_ext_Native_nativeSetPhoneStateConfig.
01-08 17:53:46.966 15668 15752 D cocos2d-x debug info: [17:53:46.966][9d25c930][CRI](JNI) Java_org_cocos2dx_ext_Native_nativeSetPhoneStateConfig.
01-08 17:53:46.967 15668 15752 D cocos2d-x debug info: [17:53:46.967][9d25c930][CRI](JNI) Java_org_cocos2dx_ext_Native_nativeSetPhoneStateConfig.
01-08 17:53:46.967 15668 15752 D cocos2d-x debug info: [17:53:46.967][9d25c930][CRI](JNI) Java_org_cocos2dx_ext_Native_nativeSetPhoneStateConfig.
01-08 17:53:46.967 15668 15752 D cocos2d-x debug info: [17:53:46.967][9d25c930][CRI](JNI) Java_org_cocos2dx_ext_Native_nativeSetPhoneStateConfig.
01-08 17:53:46.967 15668 15752 D cocos2d-x debug info: [17:53:46.967][9d25c930][CRI](JNI) Java_org_cocos2dx_ext_Native_nativeSetPhoneStateConfig.
01-08 17:53:46.967 15668 15752 D cocos2d-x debug info: [17:53:46.967][9d25c930][CRI](JNI) Java_org_cocos2dx_ext_Native_nativeSetPhoneStateConfig.
01-08 17:53:46.967 15668 15752 D cocos2d-x debug info: [17:53:46.967][9d25c930][CRI](JNI) Java_org_cocos2dx_ext_Native_nativeSetPhoneStateConfig.
01-08 17:53:46.967 15668 15752 D cocos2d-x debug info: [17:53:46.967][9d25c930][CRI](JNI) Java_org_cocos2dx_ext_Native_nativeSetPhoneStateConfig.
01-08 17:53:46.967 15668 15752 D cocos2d-x debug info: [17:53:46.967][9d25c930][CRI](JNI) Java_org_cocos2dx_ext_Native_nativeSetPhoneStateConfig.
01-08 17:53:46.967 15668 15752 D cocos2d-x debug info: [17:53:46.967][9d25c930][CRI](JNI) Java_org_cocos2dx_ext_Native_nativeSetPhoneStateConfig.
01-08 17:53:46.967 15668 15752 D cocos2d-x debug info: [17:53:46.967][9d25c930][CRI](JNI) Java_org_cocos2dx_ext_Native_nativeSetPhoneStateConfig.
01-08 17:53:46.967 15668 15752 D cocos2d-x debug info: [17:53:46.967][9d25c930][CRI](JNI) Java_org_cocos2dx_ext_Native_nativeSetPhoneStateConfig.
01-08 17:53:46.967 15668 15752 D cocos2d-x debug info: [17:53:46.967][9d25c930][CRI](JNI) Java_org_cocos2dx_ext_Native_nativeSetPhoneStateConfig.
01-08 17:53:46.967 15668 15752 D cocos2d-x debug info: [17:53:46.967][9d25c930][CRI](JNI) Java_org_cocos2dx_ext_Native_nativeSetPhoneStateConfig.
01-08 17:53:46.967 15668 15752 D cocos2d-x debug info: [17:53:46.967][9d25c930][CRI](JNI) Java_org_cocos2dx_ext_Native_nativeSetPhoneStateConfig.
01-08 17:53:46.968 15668 15752 D cocos2d-x debug info: [17:53:46.967][9d25c930][CRI](JNI) Java_org_cocos2dx_ext_Native_nativeSetPhoneStateConfig.
01-08 17:53:46.968 15668 15752 D cocos2d-x debug info: [17:53:46.968][9d25c930][CRI](JNI) Java_org_cocos2dx_ext_Native_nativeSetPhoneStateConfig.
01-08 17:53:46.968 15668 15752 D cocos2d-x debug info: [17:53:46.968][9d25c930][CRI](JNI) Java_org_cocos2dx_ext_Native_nativeSetPhoneStateConfig.
01-08 17:53:46.968 15668 15752 D cocos2d-x debug info: [17:53:46.968][9d25c930][CRI](JNI) Java_org_cocos2dx_ext_Native_nativeSetPhoneStateConfig.
01-08 17:53:46.968 15668 15752 D cocos2d-x debug info: [17:53:46.968][9d25c930][CRI](JNI) Java_org_cocos2dx_ext_Native_nativeSetPhoneStateConfig.
01-08 17:53:46.968 15668 15752 D cocos2d-x debug info: [17:53:46.968][9d25c930][CRI](JNI) Java_org_cocos2dx_ext_Native_nativeSetPhoneStateConfig.
01-08 17:53:46.971 15668 15752 D cocos2d-x debug info: [17:53:46.971][9d25c930][CRI](JNI) Java_org_cocos2dx_ext_Native_nativeSetPhoneStateConfig.
01-08 17:53:46.971 15668 15752 D cocos2d-x debug info: [17:53:46.971][9d25c930][CRI](JNI) Java_org_cocos2dx_ext_Native_nativeSetPhoneStateConfig.
01-08 17:53:46.971 15668 15752 D cocos2d-x debug info: [17:53:46.971][9d25c930][CRI](JNI) Java_org_cocos2dx_ext_Native_nativeSetPhoneStateConfig.
01-08 17:53:46.971 15668 15752 D cocos2d-x debug info: [17:53:46.971][9d25c930][CRI](JNI) Java_org_cocos2dx_ext_Native_nativeSetPhoneStateConfig.
01-08 17:53:46.972 15668 15752 D cocos2d-x debug info: [17:53:46.972][9d25c930][CRI](JNI) Java_org_cocos2dx_ext_Native_nativeSetPhoneStateConfig.
01-08 17:53:46.972 15668 15752 D cocos2d-x debug info: [17:53:46.972][9d25c930][CRI](JNI) Java_org_cocos2dx_ext_Native_nativeSetPhoneStateConfig.
01-08 17:53:46.972 15668 15752 D cocos2d-x debug info: [17:53:46.972][9d25c930][CRI](JNI) Java_org_cocos2dx_ext_Native_nativeSetPhoneStateConfig.
01-08 17:53:46.972 15668 15752 D cocos2d-x debug info: [17:53:46.972][9d25c930][CRI](JNI) Java_org_cocos2dx_ext_Native_nativeSetPhoneStateConfig.
01-08 17:53:46.973 15668 15752 D cocos2d-x debug info: [17:53:46.973][9d25c930][CRI](JNI) Java_org_cocos2dx_ext_Native_nativeSetPhoneStateConfig.
01-08 17:53:46.973 15668 15752 D cocos2d-x debug info: [17:53:46.973][9d25c930][CRI](JNI) Java_org_cocos2dx_ext_Native_nativeSetPhoneStateConfig.
01-08 17:53:46.973 15668 15752 D cocos2d-x debug info: [17:53:46.973][9d25c930][CRI](JNI) Java_org_cocos2dx_ext_Native_nativeSetPhoneStateConfig.
01-08 17:53:46.973 15668 15752 D cocos2d-x debug info: [17:53:46.973][9d25c930][CRI](JNI) Java_org_cocos2dx_ext_Native_nativeSetPhoneStateConfig.
01-08 17:53:46.973 15668 15752 D cocos2d-x debug info: [17:53:46.973][9d25c930][CRI](JNI) Java_org_cocos2dx_ext_Native_nativeSetPhoneStateConfig.
01-08 17:53:46.973 15668 15752 D cocos2d-x debug info: [17:53:46.973][9d25c930][CRI](JNI) Java_org_cocos2dx_ext_Native_nativeSetPhoneStateConfig.
01-08 17:53:46.974 15668 15752 D cocos2d-x debug info: [17:53:46.974][9d25c930][CRI](JNI) Java_org_cocos2dx_ext_Native_nativeSetPhoneStateConfig.
01-08 17:53:46.974 15668 15752 D cocos2d-x debug info: [17:53:46.974][9d25c930][CRI](JNI) Java_org_cocos2dx_ext_Native_nativeSetPhoneStateConfig.
01-08 17:53:46.974 15668 15752 D cocos2d-x debug info: [17:53:46.974][9d25c930][CRI](JNI) Java_org_cocos2dx_ext_Native_nativeSetPhoneStateConfig.
01-08 17:53:46.974 15668 15752 D cocos2d-x debug info: [17:53:46.974][9d25c930][CRI](JNI) Java_org_cocos2dx_ext_Native_nativeSetPhoneStateConfig.
01-08 17:53:46.977 15668 15752 D cocos2d-x debug info: [17:53:46.977][9d25c930][CRI](JNI) Java_org_cocos2dx_ext_Native_nativeSetPhoneStateConfig.
01-08 17:53:46.977 15668 15752 D cocos2d-x debug info: [17:53:46.977][9d25c930][CRI](JNI) Java_org_cocos2dx_ext_Native_nativeSetPhoneStateConfig.
01-08 17:53:46.977 15668 15752 D cocos2d-x debug info: [17:53:46.977][9d25c930][CRI](JNI) Java_org_cocos2dx_ext_Native_nativeSetPhoneStateConfig.
01-08 17:53:46.977 15668 15752 D cocos2d-x debug info: [17:53:46.977][9d25c930][CRI](JNI) Java_org_cocos2dx_ext_Native_nativeSetPhoneStateConfig.
01-08 17:53:46.977 15668 15752 D cocos2d-x debug info: [17:53:46.977][9d25c930][CRI](JNI) Java_org_cocos2dx_ext_Native_nativeSetPhoneStateConfig.
01-08 17:53:46.977 15668 15752 D cocos2d-x debug info: [17:53:46.977][9d25c930][CRI](JNI) Java_org_cocos2dx_ext_Native_nativeSetPhoneStateConfig.
01-08 17:53:46.977 15668 15752 D cocos2d-x debug info: [17:53:46.977][9d25c930][CRI](JNI) Java_org_cocos2dx_ext_Native_nativeSetPhoneStateConfig.
01-08 17:53:46.978 15668 15752 D cocos2d-x debug info: [17:53:46.977][9d25c930][CRI](JNI) Java_org_cocos2dx_ext_Native_nativeSetPhoneStateConfig.
01-08 17:53:46.978 15668 15752 D cocos2d-x debug info: [17:53:46.978][9d25c930][CRI](JNI) Java_org_cocos2dx_ext_Native_nativeSetPhoneStateConfig.
01-08 17:53:46.978 15668 15752 D cocos2d-x debug info: [17:53:46.978][9d25c930][CRI](JNI) Java_org_cocos2dx_ext_Native_nativeSetPhoneStateConfig.
01-08 17:53:46.978 15668 15752 D cocos2d-x debug info: [17:53:46.978][9d25c930][CRI](JNI) Java_org_cocos2dx_ext_Native_nativeSetPhoneStateConfig.
01-08 17:53:46.978 15668 15752 D cocos2d-x debug info: [17:53:46.978][9d25c930][CRI](JNI) Java_org_cocos2dx_ext_Native_nativeSetPhoneStateConfig.
01-08 17:53:46.978 15668 15752 D cocos2d-x debug info: [17:53:46.978][9d25c930][CRI](JNI) Java_org_cocos2dx_ext_Native_nativeSetPhoneStateConfig.
01-08 17:53:46.978 15668 15752 D cocos2d-x debug info: [17:53:46.978][9d25c930][CRI](JNI) Java_org_cocos2dx_ext_Native_nativeSetPhoneStateConfig.
01-08 17:53:46.978 15668 15752 D cocos2d-x debug info: [17:53:46.978][9d25c930][CRI](JNI) Java_org_cocos2dx_ext_Native_nativeSetPhoneStateConfig.
01-08 17:53:46.979 15668 15752 D cocos2d-x debug info: [17:53:46.979][9d25c930][CRI](JNI) Java_org_cocos2dx_ext_Native_nativeSetPhoneStateConfig.
01-08 17:53:46.979 15668 15752 D cocos2d-x debug info: [17:53:46.979][9d25c930][CRI](JNI) Java_org_cocos2dx_ext_Native_nativeSetPhoneStateConfig.
01-08 17:53:46.979 15668 15752 D cocos2d-x debug info: [17:53:46.979][9d25c930][CRI](JNI) Java_org_cocos2dx_ext_Native_nativeSetPhoneStateConfig.
01-08 17:53:46.979 15668 15752 D cocos2d-x debug info: [17:53:46.979][9d25c930][CRI](JNI) Java_org_cocos2dx_ext_Native_nativeSetPhoneStateConfig.
01-08 17:53:46.979 15668 15752 D cocos2d-x debug info: [17:53:46.979][9d25c930][CRI](JNI) Java_org_cocos2dx_ext_Native_nativeSetPhoneStateConfig.
01-08 17:53:46.979 15668 15752 D cocos2d-x debug info: [17:53:46.979][9d25c930][CRI](JNI) Java_org_cocos2dx_ext_Native_nativeSetPhoneStateConfig.
01-08 17:53:46.980 15668 15752 D cocos2d-x debug info: [17:53:46.980][9d25c930][CRI](JNI) Java_org_cocos2dx_ext_Native_nativeSetPhoneStateConfig.
01-08 17:53:46.980 15668 15752 D cocos2d-x debug info: [17:53:46.980][9d25c930][CRI](JNI) Java_org_cocos2dx_ext_Native_nativeSetPhoneStateConfig.
01-08 17:53:46.980 15668 15752 D cocos2d-x debug info: [17:53:46.980][9d25c930][CRI](JNI) Java_org_cocos2dx_ext_Native_nativeSetPhoneStateConfig.
01-08 17:53:46.980 15668 15752 D cocos2d-x debug info: [17:53:46.980][9d25c930][CRI](JNI) Java_org_cocos2dx_ext_Native_nativeSetPhoneStateConfig.
01-08 17:53:46.980 15668 15752 D cocos2d-x debug info: [17:53:46.980][9d25c930][CRI](JNI) Java_org_cocos2dx_ext_Native_nativeSetPhoneStateConfig.
01-08 17:53:46.980 15668 15752 D cocos2d-x debug info: [17:53:46.980][9d25c930][CRI](JNI) Java_org_cocos2dx_ext_Native_nativeSetPhoneStateConfig.
01-08 17:53:46.981 15668 15752 D cocos2d-x debug info: [17:53:46.981][9d25c930][CRI](JNI) Java_org_cocos2dx_ext_Native_nativeSetPhoneStateConfig.
01-08 17:53:46.981 15668 15752 D cocos2d-x debug info: [17:53:46.981][9d25c930][CRI](JNI) Java_org_cocos2dx_ext_Native_nativeSetPhoneStateConfig.
01-08 17:53:46.981 15668 15752 D cocos2d-x debug info: [17:53:46.981][9d25c930][CRI](JNI) Java_org_cocos2dx_ext_Native_nativeSetPhoneStateConfig.
01-08 17:53:46.981 15668 15752 D cocos2d-x debug info: [17:53:46.981][9d25c930][CRI](JNI) Java_org_cocos2dx_ext_Native_nativeSetPhoneStateConfig.
01-08 17:53:46.981 15668 15752 D cocos2d-x debug info: [17:53:46.981][9d25c930][CRI](JNI) Java_org_cocos2dx_ext_Native_nativeSetPhoneStateConfig.
01-08 17:53:46.981 15668 15752 D cocos2d-x debug info: [17:53:46.981][9d25c930][CRI](JNI) Java_org_cocos2dx_ext_Native_nativeSetPhoneStateConfig.
01-08 17:53:46.981 15668 15752 D cocos2d-x debug info: [17:53:46.981][9d25c930][CRI](JNI) Java_org_cocos2dx_ext_Native_nativeSetPhoneStateConfig.
01-08 17:53:46.981 15668 15752 D cocos2d-x debug info: [17:53:46.981][9d25c930][CRI](JNI) Java_org_cocos2dx_ext_Native_nativeSetPhoneStateConfig.
01-08 17:53:46.981 15668 15752 D cocos2d-x debug info: [17:53:46.981][9d25c930][CRI](JNI) Java_org_cocos2dx_ext_Native_nativeSetPhoneStateConfig.
01-08 17:53:47.314 15668 15668 D cocos2d-x debug info: [17:53:47.312][b7721c00][CRI](JNI) Java_org_cocos2dx_ext_Native_nativeAPKCode
01-08 17:53:47.517 15668 15730 D cocos2d-x debug info: [17:53:47.517][9e4c1930][INF](DEF) 
01-08 17:53:47.517 15668 15730 D cocos2d-x debug info: {
01-08 17:53:47.517 15668 15730 D cocos2d-x debug info: 	supports_OES_depth24: false
01-08 17:53:47.517 15668 15730 D cocos2d-x debug info: 	supports_OES_map_buffer: false
01-08 17:53:47.517 15668 15730 D cocos2d-x debug info: 	supports_vertex_array_object: false
01-08 17:53:47.517 15668 15730 D cocos2d-x debug info: 	supports_BGRA8888: false
01-08 17:53:47.517 15668 15730 D cocos2d-x debug info: 	supports_S3TC: false
01-08 17:53:47.517 15668 15730 D cocos2d-x debug info: 	supports_ETC1: true
01-08 17:53:47.517 15668 15730 D cocos2d-x debug info: 	supports_NPOT: true
01-08 17:53:47.517 15668 15730 D cocos2d-x debug info: 	max_samples_allowed: 0
01-08 17:53:47.517 15668 15730 D cocos2d-x debug info: 	cocos2d.x.version: cocos2d-x-4.0
01-08 17:53:47.517 15668 15730 D cocos2d-x debug info: 	supports_PVRTC: false
01-08 17:53:47.517 15668 15730 D cocos2d-x debug info: 	cocos2d.x.compiled_with_gl_state_cache: true
01-08 17:53:47.517 15668 15730 D cocos2d-x debug info: 	supports_ATITC: false
01-08 17:53:47.517 15668 15730 D cocos2d-x debug info: 	max_vertex_attributes: 16
01-08 17:53:47.517 15668 15730 D cocos2d-x debug info: 	cocos2d.x.build_type: RELEASE
01-08 17:53:47.517 15668 15730 D cocos2d-x debug info: 	renderer: MuMu GL (ATI Technologies Inc. AMD Radeon RX 5500 XT OpenGL Engine OpenGL 4.1 core)
01-08 17:53:47.517 15668 15730 D cocos2d-x debug info: 	supports_OES_packed_depth_stencil: true
01-08 17:53:47.517 15668 15730 D cocos2d-x debug info: 	supports_discard_framebuffer: false
01-08 17:53:47.517 15668 15730 D cocos2d-x debug info: 	vendor: NetEase
01-08 17:53:47.517 15668 15730 D cocos2d-x debug info: 	max_texture_size: 16384
01-08 17:53:47.517 15668 15730 D cocos2d-x debug info: 	cocos2d.x.compiled_with_profiler: false
01-08 17:53:47.517 15668 15730 D cocos2d-x debug info: 	version: OpenGL ES 2.0 (MuMu GL, Powered by ANGLE 2.1.0.23333333)
01-08 17:53:47.517 15668 15730 D cocos2d-x debug info: 	max_texture_units: 32
01-08 17:53:47.517 15668 15730 D cocos2d-x debug info: }
01-08 17:53:47.517 15668 15730 D cocos2d-x debug info: 
01-08 17:53:47.517 15668 15730 D cocos2d-x debug info: 
01-08 17:53:47.518 15668 15730 D cocos2d-x debug info: [17:53:47.518][9e4c1930][CRI] Launching begin.
01-08 17:53:47.520 15668 15730 I cocos2d-x java: -------versionCode:23
01-08 17:53:47.523 15668 15730 D cocos2d-x debug info: [17:53:47.523][9e4c1930][CRI] ==================================
01-08 17:53:47.524 15668 15730 D cocos2d-x debug info: [17:53:47.523][9e4c1930][CRI] =========     New Game    ========
01-08 17:53:47.524 15668 15730 D cocos2d-x debug info: [17:53:47.524][9e4c1930][CRI] ==================================
01-08 17:53:47.524 15668 15730 D cocos2d-x debug info: [17:53:47.524][9e4c1930][ERR](DEF) had defined SHOW_MANUAL_NET_INNER ,,,,
01-08 17:53:47.524 15668 15730 D cocos2d-x debug info: [17:53:47.524][9e4c1930][ERR](DEF) had defined SHOW_MANUAL_NET ,,,,
01-08 17:53:47.524 15668 15730 D cocos2d-x debug info: [17:53:47.524][9e4c1930][INF](DEF) cok gl mode: new.
01-08 17:53:47.524 15668 15730 D cocos2d-x debug info: 
01-08 17:53:47.524 15668 15730 D cocos2d-x debug info: [17:53:47.524][9e4c1930][INF](DEF) current version is inner test!
01-08 17:53:47.524 15668 15730 D cocos2d-x debug info: [17:53:47.524][9e4c1930][INF](DEF) cok spine mode: old
01-08 17:53:47.527 15668 15730 D cocos2d-x debug info: [17:53:47.527][9e4c1930][INF](DEF) In the constructor of HttpClient!
01-08 17:53:47.528 15668 15730 D cocos2d-x debug info: [17:53:47.527][9e4c1930][INF](DEF) CCDevice::getPublishChannel() market_global
01-08 17:53:47.529 15668 15730 D cocos2d-x debug info: [17:53:47.529][9e4c1930][CRI](DRES) [0x98323080] writeablePath - /data/user/0/com.clash.of.kings.inner/files/
01-08 17:53:47.532 15668 15730 D cocos2d-x debug info: startLoadXml.
01-08 17:53:47.533 15668 15801 D cocos2d-x debug info: LocalController::onLoadXmlInNetThread start 
01-08 17:53:47.533 15668 15730 D cocos2d-x debug info: [17:53:47.533][9e4c1930][INF](DEF) CCDevice::getPublishChannel() market_global
01-08 17:53:47.533 15668 15730 D cocos2d-x debug info: [17:53:47.533][9e4c1930][INF](DEF) LocalController::initLanguage analyticID market_global
01-08 17:53:47.533 15668 15730 D cocos2d-x debug info: [17:53:47.533][9e4c1930][INF](DEF) LocalController::initLanguage begin.
01-08 17:53:47.534 15668 15730 D cocos2d-x debug info: [17:53:47.534][9e4c1930][INF](DEF) CCINIParser::CCINIParser
01-08 17:53:47.535 15668 15801 D cocos2d-x debug info: [17:53:47.534][97d95930][INF](DEF) XMLIndex====>/data/user/0/com.clash.of.kings.inner/files/database.local.xml.spd
01-08 17:53:47.558 15668 15801 D cocos2d-x debug info: [17:53:47.556][97d95930][ERR](DEF) unknown id.
01-08 17:53:47.560 15668 15801 D cocos2d-x debug info: [17:53:47.559][97d95930][CRI](DEF) idx error 2!!!
01-08 17:53:47.570 15668 15801 D cocos2d-x debug info: [17:53:47.570][97d95930][ERR](DEF) unknown id.
01-08 17:53:47.576 15668 15801 D cocos2d-x debug info: [17:53:47.570][97d95930][CRI](DEF) idx error!!!
01-08 17:53:47.584 15668 15801 D cocos2d-x debug info: [17:53:47.579][97d95930][ERR](DEF) unknown id.
01-08 17:53:47.589 15668 15801 D cocos2d-x debug info: [17:53:47.584][97d95930][CRI](DEF) idx error!!!
01-08 17:53:47.591 15668 15801 D cocos2d-x debug info: [17:53:47.589][97d95930][ERR](DEF) unknown id.
01-08 17:53:47.591 15668 15801 D cocos2d-x debug info: [17:53:47.591][97d95930][CRI](DEF) idx error!!!
01-08 17:53:47.592 15668 15801 D cocos2d-x debug info: [17:53:47.592][97d95930][ERR](DEF) unknown id.
01-08 17:53:47.593 15668 15801 D cocos2d-x debug info: [17:53:47.592][97d95930][CRI](DEF) idx error!!!
01-08 17:53:47.595 15668 15801 D cocos2d-x debug info: [17:53:47.595][97d95930][ERR](DEF) unknown id.
01-08 17:53:47.595 15668 15801 D cocos2d-x debug info: [17:53:47.595][97d95930][CRI](DEF) idx error!!!
01-08 17:53:47.606 15668 15801 D cocos2d-x debug info: [17:53:47.605][97d95930][INF](DEF) Index init (1)!!!
01-08 17:53:47.608 15668 15730 D cocos2d-x debug info: [17:53:47.608][9e4c1930][CRI](DEF) initWithFile count(50839).
01-08 17:53:47.679 15668 15730 D cocos2d-x debug info: [17:53:47.679][9e4c1930][INF](DEF) CCDevice::getPublishChannel() market_global
01-08 17:53:47.679 15668 15730 D cocos2d-x debug info: [17:53:47.679][9e4c1930][CRI](NET) COK line list URL: http://47.92.108.234:8081/gameservice/getline.php?uuid=9424b107b8994ad98b07a59be7ddf4be%2CMuMuunknownV417IR&loginFlag=1&pfId=&pf=market_global&token=&country=CN&t=1610099627&sig=4bf7391d48deb74d7d498c01645e2eec&version=6.16.0&versioncode=23&channel=market_global&serverId=COK1&flag=ph&acuuid=cok8d11f507120a94bbc1f63bdd7973dc81&lang=zh_CN
01-08 17:53:47.681 15668 15730 D cocos2d-x debug info: [17:53:47.681][9e4c1930][INF](DEF) CCDevice::getPublishChannel() market_global
01-08 17:53:47.681 15668 15730 D cocos2d-x debug info: [17:53:47.681][9e4c1930][INF](DEF) CCDevice::getPublishChannel() market_global
01-08 17:53:47.681 15668 15730 D cocos2d-x debug info: [17:53:47.681][9e4c1930][CRI](NET) getKeyConfigList URL: http://47.92.108.234:8081/gameservice/getparam.php?uuid=9424b107b8994ad98b07a59be7ddf4be%2CMuMuunknownV417IR&loginFlag=1&pfId=&pf=market_global&token=&country=CN&t=1610099627&sig=4bf7391d48deb74d7d498c01645e2eec&version=6.16.0&versioncode=23&channel=market_global&serverId=COK1&flag=ph&lang=zh_CN
01-08 17:53:47.682 15668 15730 D cocos2d-x debug info: [17:53:47.682][9e4c1930][INF](DEF) CCDevice::getPublishChannel() market_global
01-08 17:53:47.682 15668 15730 D cocos2d-x debug info: [17:53:47.682][9e4c1930][ERR](DEF) publish channel : market_global [6.16.0](23)
01-08 17:53:47.693 15668 15730 D cocos2d-x debug info: [17:53:47.693][9e4c1930][INF](DEF) BIService::init() prod=113000, channel=inner, isDebug=1, isCn=0
01-08 17:53:47.732 15668 15801 D cocos2d-x debug info: [17:53:47.732][97d95930][CRI](DEF) CCRapidXMLParser::dump begin
01-08 17:53:47.734 15668 15801 D cocos2d-x debug info: [17:53:47.733][97d95930][CRI](DEF) m_pDictGroup size(0)
01-08 17:53:47.734 15668 15801 D cocos2d-x debug info: [17:53:47.734][97d95930][CRI](DEF) m_pDictItem size(0)
01-08 17:53:47.734 15668 15801 D cocos2d-x debug info: [17:53:47.734][97d95930][CRI](DEF) m_mapGroupIdx size(599)
01-08 17:53:47.734 15668 15801 D cocos2d-x debug info: [17:53:47.734][97d95930][CRI](DEF) CCRapidXMLParser::dump end
01-08 17:53:47.741 15668 15730 D cocos2d-x debug info: [17:53:47.741][9e4c1930][INF](DEF) BIService::sendEvent() action=Launch
01-08 17:53:47.771 15668 15730 D cocos2d-x debug info: Console: listening on  0.0.0.0 : 20000
01-08 17:53:47.771 15668 15730 D cocos2d-x debug info: [17:53:47.771][9e4c1930][CRI] Debug Listen is Open!
01-08 17:53:47.772 15668 15730 D cocos2d-x debug info: [17:53:47.772][9e4c1930][INF](DEF) addSearchPath - /data/user/0/com.clash.of.kings.inner/files/hotres/lua_static
01-08 17:53:47.772 15668 15730 D cocos2d-x debug info: [17:53:47.772][9e4c1930][INF](DEF) addSearchPath - /data/user/0/com.clash.of.kings.inner/files/hotres/
01-08 17:53:47.772 15668 15730 D cocos2d-x debug info: [17:53:47.772][9e4c1930][INF](DEF) addSearchPath - /data/user/0/com.clash.of.kings.inner/files/
01-08 17:53:47.772 15668 15730 D cocos2d-x debug info: [17:53:47.772][9e4c1930][INF](DEF) addSearchPath - /data/user/0/com.clash.of.kings.inner/files/lua
01-08 17:53:47.772 15668 15730 D cocos2d-x debug info: [17:53:47.772][9e4c1930][INF](DEF) addSearchPath - assets/lua_static
01-08 17:53:47.772 15668 15730 D cocos2d-x debug info: [17:53:47.772][9e4c1930][CRI](LUA) LuaController::initLuaEngine - /data/user/0/com.clash.of.kings.inner/files/lua/
01-08 17:53:47.843 15668 15730 D cocos2d-x debug info: [17:53:47.843][9e4c1930][INF](DEF) _race init = 0, expire = 0
01-08 17:53:47.846 15668 15730 D cocos2d-x debug info: [17:53:47.846][9e4c1930][INF](DEF) _race ResetSeachResPath 0-6
01-08 17:53:47.846 15668 15730 I cocos2d-x java: -------HandSetInfo:Model:MuMu,SDKVersion:23,SYSVersion:6.0.1
01-08 17:53:47.875 15668 15730 D cocos2d-x debug info: [17:53:47.875][9e4c1930][INF](DEF) sendAdjustStatistic: i7uifq||{"ext":"{\"tag\":\"LOADING\",\"buildcode\":\"23\",\"idx\":\"b7cc501e5ed7773dcc453a7ae5e0498e\",\"packIndex\":\"0\",\"simulator\":\"no\",\"deviceName\":\"MuMu\",\"osVersion\":\"6.0.1\",\"cok_security_key\":\"3707924\",\"line\":\"Model:MuMu,SDKVersion:23,SYSVersion:6.0.1\",\"count\":\"1\"}"}||||time
01-08 17:53:47.881 15668 15730 D cocos2d-x debug info: [17:53:47.881][9e4c1930][CRI](UPD) runUnzipFiles - no update!
01-08 17:53:47.882 15668 15730 D cocos2d-x debug info: [17:53:47.882][9e4c1930][CRI](UPD) getInternalVer - master_22
01-08 17:53:47.882 15668 15730 D cocos2d-x debug info: [17:53:47.882][9e4c1930][CRI](UPD) getCurLuaVersion - master_26
01-08 17:53:47.883 15668 15730 D cocos2d-x debug info: [17:53:47.882][9e4c1930][CRI](UPD) compareVersion: master_22 -> master_26, ret(-1).
01-08 17:53:47.890 15668 15730 D cocos2d-x debug info: [17:53:47.888][9e4c1930][INF](DEF) CCDevice::getPublishChannel() market_global
01-08 17:53:47.902 15668 15730 D cocos2d-x debug info: [17:53:47.892][9e4c1930][INF](DEF) CCDevice::getPublishChannel() market_global
01-08 17:53:47.902 15668 15730 D cocos2d-x debug info: [17:53:47.902][9e4c1930][CRI](UPD) luaurl : http://47.92.108.234:8081/gameservice/get_client_lua.php?uuid=9424b107b8994ad98b07a59be7ddf4be%2CMuMuunknownV417IR&loginFlag=1&pfId=&pf=market_global&token=&country=CN&t=1610099627&sig=4bf7391d48deb74d7d498c01645e2eec&version=master&versioncode=23&channel=market_global&serverId=COK1&lang=zh_CN&hotres=master_26
01-08 17:53:47.902 15668 15730 D cocos2d-x debug info: LuaUpdateController::getLuaConfigFromWeb Web - http://47.92.108.234:8081/gameservice/get_client_lua.php?uuid=9424b107b8994ad98b07a59be7ddf4be%2CMuMuunknownV417IR&loginFlag=1&pfId=&pf=market_global&token=&country=CN&t=1610099627&sig=4bf7391d48deb74d7d498c01645e2eec&version=master&versioncode=23&channel=market_global&serverId=COK1&lang=zh_CN&hotres=master_26
01-08 17:53:47.912 15668 15730 D cocos2d-x debug info: [17:53:47.906][9e4c1930][ERR](DEF) start check file assets/World/Particle.plistf
01-08 17:53:47.916 15668 15730 D cocos2d-x debug info: [17:53:47.915][9e4c1930][ERR](DEF) realPlistFileName is assets/World/Particle.plistf
01-08 17:53:47.946 15668 15730 D cocos2d-x debug info: [17:53:47.946][9e4c1930][CRI](DEF) zym ok: InitChatJniClass: InitChatJniClass
01-08 17:53:47.978 15668 15730 D cocos2d-x debug info: [17:53:47.978][9e4c1930][CRI](DEF) zym ok: InitNetJniClass: org/hcg/IF/NetClientManager
01-08 17:53:47.978 15668 15730 D cocos2d-x debug info: [17:53:47.978][9e4c1930][INF](DEF) CCDevice::getPublishChannel() market_global
01-08 17:53:48.002 15668 15730 D cocos2d-x debug info: [17:53:48.002][9e4c1930][INF](DEF) LuaEngine::executeString.
01-08 17:53:48.132 15668 15730 D cocos2d-x debug info: [17:53:48.132][9e4c1930][CRI](LUA) $$$ LUA_DEBUG = ? 	1
01-08 17:53:48.265 15668 15730 D cocos2d-x debug info: [17:53:48.265][9e4c1930][CRI](LUA) $$$ table
01-08 17:53:48.370 15668 15730 D cocos2d-x debug info: [17:53:48.369][9e4c1930][CRI](LUA) $$$ function class(classname) 	LuaCmdController
01-08 17:53:48.372 15668 15730 D cocos2d-x debug info: [17:53:48.372][9e4c1930][CRI](LUA) $$$ function class(classname) 	LuaCmdController
01-08 17:53:48.372 15668 15730 D cocos2d-x debug info: [17:53:48.372][9e4c1930][CRI](LUA) $$$ function class(classname) 	LuaCommandBase
01-08 17:53:48.398 15668 15730 D cocos2d-x debug info: [17:53:48.398][9e4c1930][CRI](LUA) $$$ function class(classname) 	TriggerActivityCmd
01-08 17:53:48.398 15668 15730 D cocos2d-x debug info: [17:53:48.398][9e4c1930][CRI](LUA) $$$ function class(classname) 	TriggerRefreshEggsDataCmd
01-08 17:53:48.398 15668 15730 D cocos2d-x debug info: [17:53:48.398][9e4c1930][CRI](LUA) $$$ function class(classname) 	TriggerGetBreakEggsDataCmd
01-08 17:53:48.398 15668 15730 D cocos2d-x debug info: [17:53:48.398][9e4c1930][CRI](LUA) $$$ function class(classname) 	TriggerBreakEggCmd
01-08 17:53:48.398 15668 15730 D cocos2d-x debug info: [17:53:48.398][9e4c1930][CRI](LUA) $$$ function class(classname) 	TriggerCharacterExchangeCmd
01-08 17:53:48.398 15668 15730 D cocos2d-x debug info: [17:53:48.398][9e4c1930][CRI](LUA) $$$ function class(classname) 	TargetUseItemCmd
01-08 17:53:48.398 15668 15730 D cocos2d-x debug info: [17:53:48.398][9e4c1930][CRI](LUA) $$$ function class(classname) 	WishActCmd
01-08 17:53:48.399 15668 15730 D cocos2d-x debug info: [17:53:48.399][9e4c1930][CRI](LUA) $$$ function class(classname) 	ShareTriggerCmd
01-08 17:53:48.399 15668 15730 D cocos2d-x debug info: [17:53:48.399][9e4c1930][CRI](LUA) $$$ function class(classname) 	MonsterProCmd
01-08 17:53:48.399 15668 15730 D cocos2d-x debug info: [17:53:48.399][9e4c1930][CRI](LUA) $$$ function class(classname) 	CallFriendsCmd
01-08 17:53:48.399 15668 15730 D cocos2d-x debug info: [17:53:48.399][9e4c1930][CRI](LUA) $$$ function class(classname) 	SceneChangeCmd
01-08 17:53:48.399 15668 15730 D cocos2d-x debug info: [17:53:48.399][9e4c1930][CRI](LUA) $$$ function class(classname) 	LoginFinishCmd
01-08 17:53:48.432 15668 15730 D cocos2d-x debug info: [17:53:48.429][9e4c1930][CRI](LUA) $$$ function class(classname) 	AvatarViewWardrobeShowInfo
01-08 17:53:48.432 15668 15730 D cocos2d-x debug info: [17:53:48.432][9e4c1930][CRI](LUA) $$$ function class(classname) 	AvatarMallDataCmd
01-08 17:53:48.432 15668 15730 D cocos2d-x debug info: [17:53:48.432][9e4c1930][CRI](LUA) $$$ function class(classname) 	AvatarMallBuyCmd
01-08 17:53:48.432 15668 15730 D cocos2d-x debug info: [17:53:48.432][9e4c1930][CRI](LUA) $$$ function class(classname) 	AvatarSkinDataCmd
01-08 17:53:48.432 15668 15730 D cocos2d-x debug info: [17:53:48.432][9e4c1930][CRI](LUA) $$$ function class(classname) 	AvatarSkinBatchCmd
01-08 17:53:48.433 15668 15730 D cocos2d-x debug info: [17:53:48.432][9e4c1930][CRI](LUA) $$$ function class(classname) 	AvatarSkinLikeCmd
01-08 17:53:48.465 15668 15730 D cocos2d-x debug info: [17:53:48.456][9e4c1930][CRI](LUA) $$$ function class(classname) 	MonthCardController
01-08 17:53:48.470 15668 15730 D cocos2d-x debug info: [17:53:48.465][9e4c1930][CRI](LUA) $$$ function class(classname) 	MonthCardRewardCommand
01-08 17:53:48.474 15668 15730 D cocos2d-x debug info: [17:53:48.470][9e4c1930][CRI](LUA) $$$ function class(classname) 	SpecialMonthCardRewardCommand
01-08 17:53:48.481 15668 15730 D cocos2d-x debug info: [17:53:48.474][9e4c1930][CRI](LUA) $$$ function class(classname) 	SpecialMonthCardInfoCommand
01-08 17:53:48.481 15668 15730 D cocos2d-x debug info: [17:53:48.481][9e4c1930][CRI](LUA) $$$ function class(classname) 	MonthCardInfo
01-08 17:53:48.494 15668 15730 D cocos2d-x debug info: [17:53:48.490][9e4c1930][CRI](LUA) $$$ function class(classname) 	HighTechData
01-08 17:53:48.494 15668 15730 D cocos2d-x debug info: [17:53:48.494][9e4c1930][CRI](LUA) $$$ function class(classname) 	HighTechResearchCmd
01-08 17:53:48.494 15668 15730 D cocos2d-x debug info: [17:53:48.494][9e4c1930][CRI](LUA) $$$ function class(classname) 	HighTechResearchByGoldCmd
01-08 17:53:48.495 15668 15730 D cocos2d-x debug info: [17:53:48.494][9e4c1930][CRI](LUA) $$$ function class(classname) 	HighTechResearchImmediateCmd
01-08 17:53:48.495 15668 15730 D cocos2d-x debug info: [17:53:48.495][9e4c1930][CRI](LUA) $$$ function class(classname) 	HighTechController
01-08 17:53:48.497 15668 15730 D cocos2d-x debug info: [17:53:48.497][9e4c1930][CRI](LUA) $$$ function class(classname) 	StatusController
01-08 17:53:48.499 15668 15730 D cocos2d-x debug info: [17:53:48.499][9e4c1930][CRI](LUA) $$$ function class(classname) 	LuaActivityController
01-08 17:53:48.549 15668 15730 D cocos2d-x debug info: [17:53:48.548][9e4c1930][CRI](LUA) $$$ function class(classname) 	LuaNpcTalkView
01-08 17:53:48.551 15668 15730 D cocos2d-x debug info: [17:53:48.549][9e4c1930][CRI](LUA) $$$ function class(classname) 	ImperialNpcBase
01-08 17:53:48.555 15668 15730 D cocos2d-x debug info: [17:53:48.551][9e4c1930][CRI](LUA) $$$ function class(classname) 	ImperialHeadNpc
01-08 17:53:48.558 15668 15730 D cocos2d-x debug info: [17:53:48.555][9e4c1930][CRI](LUA) $$$ function class(classname) 	ImperialWorkerNpc
01-08 17:53:48.562 15668 15730 D cocos2d-x debug info: [17:53:48.558][9e4c1930][CRI](LUA) $$$ function class(classname) 	ImperialCitizenNpc
01-08 17:53:48.567 15668 15730 D cocos2d-x debug info: [17:53:48.562][9e4c1930][CRI](LUA) $$$ function class(classname) 	ImperialRwdBox
01-08 17:53:48.574 15668 15730 D cocos2d-x debug info: [17:53:48.567][9e4c1930][CRI](LUA) $$$ function class(classname) 	NpcPoint
01-08 17:53:48.583 15668 15730 D cocos2d-x debug info: [17:53:48.575][9e4c1930][CRI](LUA) $$$ function class(classname) 	KaiChengNpcData
01-08 17:53:48.591 15668 15730 D cocos2d-x debug info: [17:53:48.583][9e4c1930][CRI](LUA) $$$ function class(classname) 	GetNpcRwdCmd
01-08 17:53:48.595 15668 15730 D cocos2d-x debug info: [17:53:48.591][9e4c1930][CRI](LUA) $$$ function class(classname) 	OpenRwdCmd
01-08 17:53:48.595 15668 15730 D cocos2d-x debug info: [17:53:48.595][9e4c1930][CRI](LUA) $$$ function class(classname) 	NpcController
01-08 17:53:48.595 15668 15730 D cocos2d-x debug info: [17:53:48.595][9e4c1930][CRI](LUA) $$$ function class(classname) 	RecallNpc
01-08 17:53:48.595 15668 15730 D cocos2d-x debug info: [17:53:48.595][9e4c1930][CRI](LUA) $$$ function class(classname) 	HeroBuildTmpTouchHandler
01-08 17:53:48.595 15668 15730 D cocos2d-x debug info: [17:53:48.595][9e4c1930][CRI](LUA) $$$ function class(classname) 	TmpHeadNpc
01-08 17:53:48.595 15668 15730 D cocos2d-x debug info: [17:53:48.595][9e4c1930][CRI](LUA) $$$ function class(classname) 	KaiChengNpc
01-08 17:53:48.600 15668 15730 D cocos2d-x debug info: [17:53:48.599][9e4c1930][CRI](LUA) $$$ function class(classname) 	ImperialSceneLuaManager
01-08 17:53:48.601 15668 15801 D cocos2d-x debug info: [17:53:48.598][97d95930][ERR](DEF) XML REDEFINED ERROR ID(36004267) GROUPNAME goods
01-08 17:53:48.602 15668 15730 D cocos2d-x debug info: [17:53:48.600][9e4c1930][CRI](LUA) $$$ function class(classname) 	OpenLeftCityCmd
01-08 17:53:48.609 15668 15730 D cocos2d-x debug info: [17:53:48.609][9e4c1930][CRI](LUA) $$$ function class(classname) 	ParticelBatchLayer
01-08 17:53:48.616 15668 15730 D cocos2d-x debug info: [17:53:48.616][9e4c1930][CRI](LUA) $$$ function class(classname) 	PermitCommandController
01-08 17:53:48.616 15668 15730 D cocos2d-x debug info: [17:53:48.616][9e4c1930][CRI](LUA) $$$ function class(classname) 	permitCommandInfo
01-08 17:53:48.616 15668 15730 D cocos2d-x debug info: [17:53:48.616][9e4c1930][CRI](LUA) $$$ function class(classname) 	PermitCommandCB
01-08 17:53:48.616 15668 15730 D cocos2d-x debug info: [17:53:48.616][9e4c1930][CRI](LUA) $$$ function class(classname) 	PermitDisApproveCMD
01-08 17:53:48.619 15668 15730 D cocos2d-x debug info: [17:53:48.619][9e4c1930][CRI](LUA) $$$ function class(classname) 	ImperialScenePosManager
01-08 17:53:48.639 15668 15730 D cocos2d-x debug info: [17:53:48.639][9e4c1930][CRI](LUA) $$$ function class(classname) 	RouteNode
01-08 17:53:48.647 15668 15730 D cocos2d-x debug info: [17:53:48.646][9e4c1930][CRI](LUA) $$$ function class(classname) 	RecallDataCmd
01-08 17:53:48.647 15668 15730 D cocos2d-x debug info: [17:53:48.647][9e4c1930][CRI](LUA) $$$ function class(classname) 	RecallRwdCmd
01-08 17:53:48.647 15668 15730 D cocos2d-x debug info: [17:53:48.647][9e4c1930][CRI](LUA) $$$ function class(classname) 	RecallTaskDataCmd
01-08 17:53:48.647 15668 15730 D cocos2d-x debug info: [17:53:48.647][9e4c1930][CRI](LUA) $$$ function class(classname) 	RecallTaskRwdCmd
01-08 17:53:48.647 15668 15730 D cocos2d-x debug info: [17:53:48.647][9e4c1930][CRI](LUA) $$$ function class(classname) 	RecallController
01-08 17:53:48.654 15668 15801 D cocos2d-x debug info: [17:53:48.651][97d95930][ERR](DEF) XML REDEFINED ERROR ID(212864) GROUPNAME goods
01-08 17:53:48.655 15668 15801 D cocos2d-x debug info: [17:53:48.654][97d95930][ERR](DEF) XML REDEFINED ERROR ID(212869) GROUPNAME goods
01-08 17:53:48.655 15668 15801 D cocos2d-x debug info: [17:53:48.655][97d95930][ERR](DEF) XML REDEFINED ERROR ID(212879) GROUPNAME goods
01-08 17:53:48.659 15668 15801 D cocos2d-x debug info: [17:53:48.656][97d95930][ERR](DEF) XML REDEFINED ERROR ID(212874) GROUPNAME goods
01-08 17:53:48.659 15668 15801 D cocos2d-x debug info: [17:53:48.659][97d95930][ERR](DEF) XML REDEFINED ERROR ID(36000260) GROUPNAME goods
01-08 17:53:48.659 15668 15801 D cocos2d-x debug info: [17:53:48.659][97d95930][ERR](DEF) XML REDEFINED ERROR ID(36000326) GROUPNAME goods
01-08 17:53:48.659 15668 15801 D cocos2d-x debug info: [17:53:48.659][97d95930][ERR](DEF) XML REDEFINED ERROR ID(36000385) GROUPNAME goods
01-08 17:53:48.659 15668 15801 D cocos2d-x debug info: [17:53:48.659][97d95930][ERR](DEF) XML REDEFINED ERROR ID(36000445) GROUPNAME goods
01-08 17:53:48.660 15668 15801 D cocos2d-x debug info: [17:53:48.659][97d95930][ERR](DEF) XML REDEFINED ERROR ID(36000265) GROUPNAME goods
01-08 17:53:48.660 15668 15801 D cocos2d-x debug info: [17:53:48.660][97d95930][ERR](DEF) XML REDEFINED ERROR ID(36000331) GROUPNAME goods
01-08 17:53:48.660 15668 15801 D cocos2d-x debug info: [17:53:48.660][97d95930][ERR](DEF) XML REDEFINED ERROR ID(36000390) GROUPNAME goods
01-08 17:53:48.660 15668 15801 D cocos2d-x debug info: [17:53:48.660][97d95930][ERR](DEF) XML REDEFINED ERROR ID(36000450) GROUPNAME goods
01-08 17:53:48.660 15668 15801 D cocos2d-x debug info: [17:53:48.660][97d95930][ERR](DEF) XML REDEFINED ERROR ID(36005858) GROUPNAME goods
01-08 17:53:48.665 15668 15730 D cocos2d-x debug info: [17:53:48.656][9e4c1930][CRI](LUA) $$$ function class(classname) 	testobj
01-08 17:53:48.685 15668 15730 D cocos2d-x debug info: [17:53:48.683][9e4c1930][CRI](LUA) $$$ function class(classname) 	SellItemInfo
01-08 17:53:48.694 15668 15730 D cocos2d-x debug info: [17:53:48.694][9e4c1930][CRI](LUA) $$$ function class(classname) 	MiracleDetailCommand
01-08 17:53:48.694 15668 15730 D cocos2d-x debug info: [17:53:48.694][9e4c1930][CRI](LUA) $$$ function class(classname) 	MiracleMemberRetreatCommand
01-08 17:53:48.694 15668 15730 D cocos2d-x debug info: [17:53:48.694][9e4c1930][CRI](LUA) $$$ function class(classname) 	MiracleCheckNameCommand
01-08 17:53:48.694 15668 15730 D cocos2d-x debug info: [17:53:48.694][9e4c1930][CRI](LUA) $$$ function class(classname) 	MiracleChangeNameCommand
01-08 17:53:48.695 15668 15730 D cocos2d-x debug info: [17:53:48.694][9e4c1930][CRI](LUA) $$$ function class(classname) 	MiracleOtherDetailCommand
01-08 17:53:48.695 15668 15730 D cocos2d-x debug info: [17:53:48.695][9e4c1930][CRI](LUA) $$$ function class(classname) 	NeutralLandLeaveCommand
01-08 17:53:48.695 15668 15730 D cocos2d-x debug info: [17:53:48.695][9e4c1930][CRI](LUA) $$$ function class(classname) 	NeutralLandEnterCommand
01-08 17:53:48.695 15668 15730 D cocos2d-x debug info: [17:53:48.695][9e4c1930][CRI](LUA) $$$ function class(classname) 	NeutralLandTowerDetailCommand
01-08 17:53:48.695 15668 15730 D cocos2d-x debug info: [17:53:48.695][9e4c1930][CRI](LUA) $$$ function class(classname) 	ActivityNeutralKingdomSetFightTimeCmd
01-08 17:53:48.697 15668 15730 D cocos2d-x debug info: [17:53:48.697][9e4c1930][CRI](LUA) $$$ function class(classname) 	MergeServerGetCommand
01-08 17:53:48.697 15668 15730 D cocos2d-x debug info: [17:53:48.697][9e4c1930][CRI](LUA) $$$ function class(classname) 	MergeServerRequestCommand
01-08 17:53:48.700 15668 15730 D cocos2d-x debug info: [17:53:48.700][9e4c1930][CRI](LUA) $$$ function class(classname) 	FortressController
01-08 17:53:48.700 15668 15730 D cocos2d-x debug info: [17:53:48.700][9e4c1930][CRI](LUA) $$$ function class(classname) 	FortressStageData
01-08 17:53:48.700 15668 15730 D cocos2d-x debug info: [17:53:48.700][9e4c1930][CRI](LUA) $$$ function class(classname) 	FortressStageRankRwdData
01-08 17:53:48.702 15668 15730 D cocos2d-x debug info: [17:53:48.702][9e4c1930][CRI](LUA) $$$ function class(classname) 	FavoriteFetInfoCmd
01-08 17:53:48.702 15668 15730 D cocos2d-x debug info: [17:53:48.702][9e4c1930][CRI](LUA) $$$ function class(classname) 	FavoriteDelItemCmd
01-08 17:53:48.706 15668 15730 D cocos2d-x debug info: [17:53:48.706][9e4c1930][CRI](LUA) $$$ function class(classname) 	ArenaApplyCommand
01-08 17:53:48.706 15668 15730 D cocos2d-x debug info: [17:53:48.706][9e4c1930][CRI](LUA) $$$ function class(classname) 	ArenaEnterCommand
01-08 17:53:48.706 15668 15730 D cocos2d-x debug info: [17:53:48.706][9e4c1930][CRI](LUA) $$$ function class(classname) 	ArenaInfoCommand
